[    0.000000] Booting Linux on physical CPU 0x0
[    0.000000] Linux version 4.14.0-xilinx-v2018.2 (oe-user@oe-host) (gcc version 7.2.0 (GCC)) #1 SMP Mon Jul 1 23:44:30 IDT 2019
[    0.000000] Boot CPU: AArch64 Processor [410fd034]
[    0.000000] Machine model: xlnx,zynqmp
[    0.000000] earlycon: cdns0 at MMIO 0x00000000ff000000 (options '115200n8')
[    0.000000] bootconsole [cdns0] enabled
[    0.000000] efi: Getting EFI parameters from FDT:
[    0.000000] efi: UEFI not found.
[    0.000000] cma: Reserved 256 MiB at 0x000000002ec00000
[    0.000000] On node 0 totalpages: 258048
[    0.000000]   DMA zone: 3584 pages used for memmap
[    0.000000]   DMA zone: 0 pages reserved
[    0.000000]   DMA zone: 258048 pages, LIFO batch:31
[    0.000000] psci: probing for conduit method from DT.
[    0.000000] psci: PSCIv1.1 detected in firmware.
[    0.000000] psci: Using standard PSCI v0.2 function IDs
[    0.000000] psci: MIGRATE_INFO_TYPE not supported.
[    0.000000] percpu: Embedded 21 pages/cpu @ffffffc03ff70000 s46488 r8192 d31336 u86016
[    0.000000] pcpu-alloc: s46488 r8192 d31336 u86016 alloc=21*4096
[    0.000000] pcpu-alloc: [0] 0 [0] 1 [0] 2 [0] 3 
[    0.000000] Detected VIPT I-cache on CPU0
[    0.000000] CPU features: enabling workaround for ARM erratum 845719
[    0.000000] Built 1 zonelists, mobility grouping on.  Total pages: 254464
[    0.000000] Kernel command line: earlycon clk_ignore_unused cpuidle.off=1 earlyprintk
[    0.000000] PID hash table entries: 4096 (order: 3, 32768 bytes)
[    0.000000] Dentry cache hash table entries: 131072 (order: 8, 1048576 bytes)
[    0.000000] Inode-cache hash table entries: 65536 (order: 7, 524288 bytes)
[    0.000000] Memory: 687708K/1032192K available (9980K kernel code, 644K rwdata, 3128K rodata, 512K init, 2168K bss, 82340K reserved, 262144K cma-reserved)
[    0.000000] Virtual kernel memory layout:
[    0.000000]     modules : 0xffffff8000000000 - 0xffffff8008000000   (   128 MB)
[    0.000000]     vmalloc : 0xffffff8008000000 - 0xffffffbebfff0000   (   250 GB)
[    0.000000]       .text : 0xffffff8008080000 - 0xffffff8008a40000   (  9984 KB)
[    0.000000]     .rodata : 0xffffff8008a40000 - 0xffffff8008d60000   (  3200 KB)
[    0.000000]       .init : 0xffffff8008d60000 - 0xffffff8008de0000   (   512 KB)
[    0.000000]       .data : 0xffffff8008de0000 - 0xffffff8008e81200   (   645 KB)
[    0.000000]        .bss : 0xffffff8008e81200 - 0xffffff800909f2b0   (  2169 KB)
[    0.000000]     fixed   : 0xffffffbefe7fd000 - 0xffffffbefec00000   (  4108 KB)
[    0.000000]     PCI I/O : 0xffffffbefee00000 - 0xffffffbeffe00000   (    16 MB)
[    0.000000]     vmemmap : 0xffffffbf00000000 - 0xffffffc000000000   (     4 GB maximum)
[    0.000000]               0xffffffbf00000000 - 0xffffffbf00e00000   (    14 MB actual)
[    0.000000]     memory  : 0xffffffc000000000 - 0xffffffc040000000   (  1024 MB)
[    0.000000] Hierarchical RCU implementation.
[    0.000000] 	RCU event tracing is enabled.
[    0.000000] 	RCU restricting CPUs from NR_CPUS=8 to nr_cpu_ids=4.
[    0.000000] RCU: Adjusting geometry for rcu_fanout_leaf=16, nr_cpu_ids=4
[    0.000000] NR_IRQS: 64, nr_irqs: 64, preallocated irqs: 0
[    0.000000] GIC: Adjusting CPU interface base to 0x00000000f902f000
[    0.000000] GIC: Using split EOI/Deactivate mode
[    0.000000] arch_timer: cp15 timer(s) running at 100.00MHz (phys).
[    0.000000] clocksource: arch_sys_counter: mask: 0xffffffffffffff max_cycles: 0x171024e7e0, max_idle_ns: 440795205315 ns
[    0.000003] sched_clock: 56 bits at 100MHz, resolution 10ns, wraps every 4398046511100ns
[    0.008353] Console: colour dummy device 80x25
[    0.012610] console [tty0] enabled
[    0.015976] bootconsole [cdns0] disabled
[    0.019886] Calibrating delay loop (skipped), value calculated using timer frequency.. 200.00 BogoMIPS (lpj=400000)
[    0.019899] pid_max: default: 32768 minimum: 301
[    0.019998] Mount-cache hash table entries: 2048 (order: 2, 16384 bytes)
[    0.020010] Mountpoint-cache hash table entries: 2048 (order: 2, 16384 bytes)
[    0.020600] ASID allocator initialised with 65536 entries
[    0.020652] Hierarchical SRCU implementation.
[    0.020950] EFI services will not be available.
[    0.020976] zynqmp_plat_init Platform Management API v1.0
[    0.020984] zynqmp_plat_init Trustzone version v1.0
[    0.021082] smp: Bringing up secondary CPUs ...
[    0.021330] Detected VIPT I-cache on CPU1
[    0.021358] CPU1: Booted secondary processor [410fd034]
[    0.021631] Detected VIPT I-cache on CPU2
[    0.021648] CPU2: Booted secondary processor [410fd034]
[    0.021910] Detected VIPT I-cache on CPU3
[    0.021928] CPU3: Booted secondary processor [410fd034]
[    0.021968] smp: Brought up 1 node, 4 CPUs
[    0.022000] SMP: Total of 4 processors activated.
[    0.022008] CPU features: detected feature: 32-bit EL0 Support
[    0.022019] CPU: All CPU(s) started at EL2
[    0.022035] alternatives: patching kernel code
[    0.022524] devtmpfs: initialized
[    0.026367] random: get_random_u32 called from bucket_table_alloc+0x108/0x260 with crng_init=0
[    0.026558] clocksource: jiffies: mask: 0xffffffff max_cycles: 0xffffffff, max_idle_ns: 7645041785100000 ns
[    0.026576] futex hash table entries: 1024 (order: 5, 131072 bytes)
[    0.031979] xor: measuring software checksum speed
[    0.071968]    8regs     :  2303.000 MB/sec
[    0.111999]    8regs_prefetch:  2053.000 MB/sec
[    0.152029]    32regs    :  2830.000 MB/sec
[    0.192061]    32regs_prefetch:  2379.000 MB/sec
[    0.192070] xor: using function: 32regs (2830.000 MB/sec)
[    0.192139] pinctrl core: initialized pinctrl subsystem
[    0.192238] random: fast init done
[    0.192636] NET: Registered protocol family 16
[    0.193553] vdso: 2 pages (1 code @ ffffff8008a46000, 1 data @ ffffff8008de4000)
[    0.193570] hw-breakpoint: found 6 breakpoint and 4 watchpoint registers.
[    0.194308] DMA: preallocated 256 KiB pool for atomic allocations
[    0.223896] reset_zynqmp reset-controller: Xilinx zynqmp reset driver probed
[    0.224470] ARM CCI_400_r1 PMU driver probed
[    0.228902] zynqmp-pinctrl ff180000.pinctrl: zynqmp pinctrl initialized
[    0.237834] HugeTLB registered 2.00 MiB page size, pre-allocated 0 pages
[    0.304356] raid6: int64x1  gen()   403 MB/s
[    0.372305] raid6: int64x1  xor()   446 MB/s
[    0.440354] raid6: int64x2  gen()   688 MB/s
[    0.508376] raid6: int64x2  xor()   603 MB/s
[    0.576440] raid6: int64x4  gen()  1042 MB/s
[    0.644498] raid6: int64x4  xor()   742 MB/s
[    0.712580] raid6: int64x8  gen()   980 MB/s
[    0.780595] raid6: int64x8  xor()   745 MB/s
[    0.848711] raid6: neonx1   gen()   727 MB/s
[    0.916721] raid6: neonx1   xor()   853 MB/s
[    0.984777] raid6: neonx2   gen()  1169 MB/s
[    1.052844] raid6: neonx2   xor()  1208 MB/s
[    1.120882] raid6: neonx4   gen()  1505 MB/s
[    1.188942] raid6: neonx4   xor()  1442 MB/s
[    1.256992] raid6: neonx8   gen()  1651 MB/s
[    1.325058] raid6: neonx8   xor()  1533 MB/s
[    1.325066] raid6: using algorithm neonx8 gen() 1651 MB/s
[    1.325073] raid6: .... xor() 1533 MB/s, rmw enabled
[    1.325081] raid6: using neon recovery algorithm
[    1.325976] SCSI subsystem initialized
[    1.326013] libata version 3.00 loaded.
[    1.326123] usbcore: registered new interface driver usbfs
[    1.326159] usbcore: registered new interface driver hub
[    1.326199] usbcore: registered new device driver usb
[    1.326260] media: Linux media interface: v0.10
[    1.326288] Linux video capture interface: v2.00
[    1.326331] pps_core: LinuxPPS API ver. 1 registered
[    1.326339] pps_core: Software ver. 5.3.6 - Copyright 2005-2007 Rodolfo Giometti <giometti@linux.it>
[    1.326359] PTP clock support registered
[    1.326386] EDAC MC: Ver: 3.0.0
[    1.327067] zynqmp-ipi ff9905c0.mailbox: Probed ZynqMP IPI Mailbox driver.
[    1.327232] FPGA manager framework
[    1.327343] fpga-region fpga-full: FPGA Region probed
[    1.327444] Advanced Linux Sound Architecture Driver Initialized.
[    1.327691] Bluetooth: Core ver 2.22
[    1.327722] NET: Registered protocol family 31
[    1.327730] Bluetooth: HCI device and connection manager initialized
[    1.327742] Bluetooth: HCI socket layer initialized
[    1.327752] Bluetooth: L2CAP socket layer initialized
[    1.327772] Bluetooth: SCO socket layer initialized
[    1.328269] clocksource: Switched to clocksource arch_sys_counter
[    1.328344] VFS: Disk quotas dquot_6.6.0
[    1.328387] VFS: Dquot-cache hash table entries: 512 (order 0, 4096 bytes)
[    1.332343] NET: Registered protocol family 2
[    1.332629] TCP established hash table entries: 8192 (order: 4, 65536 bytes)
[    1.332693] TCP bind hash table entries: 8192 (order: 5, 131072 bytes)
[    1.332796] TCP: Hash tables configured (established 8192 bind 8192)
[    1.332865] UDP hash table entries: 512 (order: 2, 16384 bytes)
[    1.332892] UDP-Lite hash table entries: 512 (order: 2, 16384 bytes)
[    1.332991] NET: Registered protocol family 1
[    1.333160] RPC: Registered named UNIX socket transport module.
[    1.333170] RPC: Registered udp transport module.
[    1.333177] RPC: Registered tcp transport module.
[    1.333184] RPC: Registered tcp NFSv4.1 backchannel transport module.
[    1.333196] PCI: CLS 0 bytes, default 128
[    1.333277] Trying to unpack rootfs image as initramfs...
[    3.483814] Freeing initrd memory: 49284K
[    3.484192] hw perfevents: no interrupt-affinity property for /pmu, guessing.
[    3.484363] hw perfevents: enabled with armv8_pmuv3 PMU driver, 7 counters available
[    3.485093] audit: initializing netlink subsys (disabled)
[    3.485172] audit: type=2000 audit(3.472:1): state=initialized audit_enabled=0 res=1
[    3.485507] workingset: timestamp_bits=62 max_order=18 bucket_order=0
[    3.486164] NFS: Registering the id_resolver key type
[    3.486185] Key type id_resolver registered
[    3.486192] Key type id_legacy registered
[    3.486204] nfs4filelayout_init: NFSv4 File Layout Driver Registering...
[    3.486225] jffs2: version 2.2. (NAND) (SUMMARY)  Â© 2001-2006 Red Hat, Inc.
[    3.512604] Block layer SCSI generic (bsg) driver version 0.4 loaded (major 246)
[    3.512625] io scheduler noop registered
[    3.512633] io scheduler deadline registered
[    3.512653] io scheduler cfq registered (default)
[    3.512662] io scheduler mq-deadline registered
[    3.512669] io scheduler kyber registered
[    3.513962] xilinx-dpdma fd4c0000.dma: Xilinx DPDMA engine is probed
[    3.514385] xilinx-zynqmp-dma fd500000.dma: ZynqMP DMA driver Probe success
[    3.514529] xilinx-zynqmp-dma fd510000.dma: ZynqMP DMA driver Probe success
[    3.514673] xilinx-zynqmp-dma fd520000.dma: ZynqMP DMA driver Probe success
[    3.514817] xilinx-zynqmp-dma fd530000.dma: ZynqMP DMA driver Probe success
[    3.514960] xilinx-zynqmp-dma fd540000.dma: ZynqMP DMA driver Probe success
[    3.515105] xilinx-zynqmp-dma fd550000.dma: ZynqMP DMA driver Probe success
[    3.515258] xilinx-zynqmp-dma fd560000.dma: ZynqMP DMA driver Probe success
[    3.515401] xilinx-zynqmp-dma fd570000.dma: ZynqMP DMA driver Probe success
[    3.515614] xilinx-zynqmp-dma ffa80000.dma: ZynqMP DMA driver Probe success
[    3.515756] xilinx-zynqmp-dma ffa90000.dma: ZynqMP DMA driver Probe success
[    3.515899] xilinx-zynqmp-dma ffaa0000.dma: ZynqMP DMA driver Probe success
[    3.516044] xilinx-zynqmp-dma ffab0000.dma: ZynqMP DMA driver Probe success
[    3.516184] xilinx-zynqmp-dma ffac0000.dma: ZynqMP DMA driver Probe success
[    3.516356] xilinx-zynqmp-dma ffad0000.dma: ZynqMP DMA driver Probe success
[    3.516498] xilinx-zynqmp-dma ffae0000.dma: ZynqMP DMA driver Probe success
[    3.516648] xilinx-zynqmp-dma ffaf0000.dma: ZynqMP DMA driver Probe success
[    3.541652] Serial: 8250/16550 driver, 4 ports, IRQ sharing disabled
[    3.545040] cacheinfo: Unable to detect cache hierarchy for CPU 0
[    3.549250] brd: module loaded
[    3.552551] loop: module loaded
[    3.553483] ahci-ceva fd0c0000.ahci: AHCI 0001.0301 32 slots 2 ports 6 Gbps 0x3 impl platform mode
[    3.553503] ahci-ceva fd0c0000.ahci: flags: 64bit ncq sntf pm clo only pmp fbs pio slum part ccc sds apst 
[    3.554456] scsi host0: ahci-ceva
[    3.554666] scsi host1: ahci-ceva
[    3.554777] ata1: SATA max UDMA/133 mmio [mem 0xfd0c0000-0xfd0c1fff] port 0x100 irq 38
[    3.554790] ata2: SATA max UDMA/133 mmio [mem 0xfd0c0000-0xfd0c1fff] port 0x180 irq 38
[    3.554958] mtdoops: mtd device (mtddev=name/number) must be supplied
[    3.556009] m25p80 spi0.0: n25q512a (131072 Kbytes)
[    3.556032] 3 ofpart partitions found on MTD device spi0.0
[    3.556040] Creating 3 MTD partitions on "spi0.0":
[    3.556051] 0x000000000000-0x000000100000 : "boot"
[    3.556521] 0x000000100000-0x000000140000 : "bootenv"
[    3.556918] 0x000000140000-0x000001740000 : "kernel"
[    3.558182] libphy: Fixed MDIO Bus: probed
[    3.559206] tun: Universal TUN/TAP device driver, 1.6
[    3.559325] CAN device driver interface
[    3.560462] macb ff0e0000.ethernet: Not enabling partial store and forward
[    3.560882] libphy: MACB_mii_bus: probed
[    3.636960] macb ff0e0000.ethernet eth0: Cadence GEM rev 0x50070106 at 0xff0e0000 irq 31 (00:0a:35:00:ed:ef)
[    3.636983] Micrel KSZ9031 Gigabit PHY ff0e0000.ethernet-ffffffff:03: attached PHY driver [Micrel KSZ9031 Gigabit PHY] (mii_bus:phy_addr=ff0e0000.ethernet-ffffffff:03, irq=POLL)
[    3.637685] usbcore: registered new interface driver asix
[    3.637738] usbcore: registered new interface driver ax88179_178a
[    3.637768] usbcore: registered new interface driver cdc_ether
[    3.637798] usbcore: registered new interface driver net1080
[    3.637828] usbcore: registered new interface driver cdc_subset
[    3.637857] usbcore: registered new interface driver zaurus
[    3.637898] usbcore: registered new interface driver cdc_ncm
[    3.638196] xilinx-axipmon ffa00000.perf-monitor: Probed Xilinx APM
[    3.638462] ehci_hcd: USB 2.0 'Enhanced' Host Controller (EHCI) Driver
[    3.638472] ehci-pci: EHCI PCI platform driver
[    3.638758] usbcore: registered new interface driver uas
[    3.638796] usbcore: registered new interface driver usb-storage
[    3.639277] rtc_zynqmp ffa60000.rtc: rtc core: registered ffa60000.rtc as rtc0
[    3.639336] i2c /dev entries driver
[    3.639580] IR NEC protocol handler initialized
[    3.639589] IR RC5(x/sz) protocol handler initialized
[    3.639597] IR RC6 protocol handler initialized
[    3.639604] IR JVC protocol handler initialized
[    3.639611] IR Sony protocol handler initialized
[    3.639617] IR SANYO protocol handler initialized
[    3.639624] IR Sharp protocol handler initialized
[    3.639631] IR MCE Keyboard/mouse protocol handler initialized
[    3.639638] IR XMP protocol handler initialized
[    3.640750] usbcore: registered new interface driver uvcvideo
[    3.640758] USB Video Class driver (1.1.1)
[    3.641213] cdns-wdt fd4d0000.watchdog: Xilinx Watchdog Timer at ffffff8009125000 with timeout 10s
[    3.641405] Bluetooth: HCI UART driver ver 2.3
[    3.641415] Bluetooth: HCI UART protocol H4 registered
[    3.641423] Bluetooth: HCI UART protocol BCSP registered
[    3.641450] Bluetooth: HCI UART protocol LL registered
[    3.641458] Bluetooth: HCI UART protocol ATH3K registered
[    3.641466] Bluetooth: HCI UART protocol Three-wire (H5) registered
[    3.641510] Bluetooth: HCI UART protocol Intel registered
[    3.641518] Bluetooth: HCI UART protocol QCA registered
[    3.641558] usbcore: registered new interface driver bcm203x
[    3.641592] usbcore: registered new interface driver bpa10x
[    3.641625] usbcore: registered new interface driver bfusb
[    3.641659] usbcore: registered new interface driver btusb
[    3.641668] Bluetooth: Generic Bluetooth SDIO driver ver 0.1
[    3.641716] usbcore: registered new interface driver ath3k
[    3.641843] EDAC MC: ECC not enabled
[    3.642016] EDAC DEVICE0: Giving out device to module zynqmp-ocm-edac controller zynqmp_ocm: DEV ff960000.memory-controller (INTERRUPT)
[    3.642488] cpufreq: cpufreq_online: CPU0: Running at unlisted freq: 1200000 KHz
[    3.642510] cpu cpu0: dev_pm_opp_set_rate: failed to find current OPP for freq 1200000000 (-34)
[    3.642558] cpufreq: cpufreq_online: CPU0: Unlisted initial frequency changed to: 1199999 KHz
[    3.642586] cpu cpu0: dev_pm_opp_set_rate: failed to find current OPP for freq 1200000000 (-34)
[    3.642654] CPUidle arm: Failed to register cpuidle driver
[    3.642809] sdhci: Secure Digital Host Controller Interface driver
[    3.642818] sdhci: Copyright(c) Pierre Ossman
[    3.642825] sdhci-pltfm: SDHCI platform and OF driver helper
[    3.688275] mmc0: SDHCI controller on ff160000.sdhci [ff160000.sdhci] using ADMA 64-bit
[    3.688336] PLL: shutdown
[    3.688424] PLL: enable
[    3.694332] ledtrig-cpu: registered to indicate activity on CPUs
[    3.694486] usbcore: registered new interface driver usbhid
[    3.694495] usbhid: USB HID core driver
[    3.696337] fpga_manager fpga0: Xilinx ZynqMP FPGA Manager registered
[    3.699344] pktgen: Packet Generator for packet performance testing. Version: 2.75
[    3.699523] Netfilter messages via NETLINK v0.30.
[    3.699641] ip_tables: (C) 2000-2006 Netfilter Core Team
[    3.699819] Initializing XFRM netlink socket
[    3.699880] NET: Registered protocol family 10
[    3.700308] Segment Routing with IPv6
[    3.700352] ip6_tables: (C) 2000-2006 Netfilter Core Team
[    3.700509] sit: IPv6, IPv4 and MPLS over IPv4 tunneling driver
[    3.700824] NET: Registered protocol family 17
[    3.700840] NET: Registered protocol family 15
[    3.700858] bridge: filtering via arp/ip/ip6tables is no longer available by default. Update your scripts to load br_netfilter if you need this.
[    3.700872] Ebtables v2.0 registered
[    3.700963] can: controller area network core (rev 20170425 abi 9)
[    3.700996] NET: Registered protocol family 29
[    3.701011] can: raw protocol (rev 20170425)
[    3.701019] can: broadcast manager protocol (rev 20170425 t)
[    3.701030] can: netlink gateway (rev 20170425) max_hops=1
[    3.701197] Bluetooth: RFCOMM TTY layer initialized
[    3.701209] Bluetooth: RFCOMM socket layer initialized
[    3.701224] Bluetooth: RFCOMM ver 1.11
[    3.701234] Bluetooth: BNEP (Ethernet Emulation) ver 1.3
[    3.701242] Bluetooth: BNEP filters: protocol multicast
[    3.701254] Bluetooth: BNEP socket layer initialized
[    3.701263] Bluetooth: HIDP (Human Interface Emulation) ver 1.2
[    3.701272] Bluetooth: HIDP socket layer initialized
[    3.701378] 9pnet: Installing 9P2000 support
[    3.701398] Key type dns_resolver registered
[    3.701763] registered taskstats version 1
[    3.702105] Btrfs loaded, crc32c=crc32c-generic
[    3.707122] ff000000.serial: ttyPS0 at MMIO 0xff000000 (irq = 40, base_baud = 6250000) is a xuartps
[    3.869108] ata1: SATA link down (SStatus 0 SControl 330)
[    3.869136] ata2: SATA link down (SStatus 0 SControl 330)
[    4.120517] mmc0: new HS200 MMC card at address 0001
[    4.125238] mmcblk0: mmc0:0001 IS008G 7.28 GiB 
[    4.128550] mmcblk0boot0: mmc0:0001 IS008G partition 1 4.00 MiB
[    4.137143] mmcblk0boot1: mmc0:0001 IS008G partition 2 4.00 MiB
[    4.146864] mmcblk0rpmb: mmc0:0001 IS008G partition 3 4.00 MiB
[    4.153334]  mmcblk0: p1
[    5.384484] console [ttyPS0] enabled
[    5.389243] xilinx-psgtr fd400000.zynqmp_phy: Lane:1 type:8 protocol:4 pll_locked:yes
[    5.397461] PLL: shutdown
[    5.401617] xilinx-dp-snd-codec fd4a0000.zynqmp-display:zynqmp_dp_snd_codec0: Xilinx DisplayPort Sound Codec probed
[    5.412204] xilinx-dp-snd-pcm zynqmp_dp_snd_pcm0: Xilinx DisplayPort Sound PCM probed
[    5.420162] xilinx-dp-snd-pcm zynqmp_dp_snd_pcm1: Xilinx DisplayPort Sound PCM probed
[    5.428408] xilinx-dp-snd-card fd4a0000.zynqmp-display:zynqmp_dp_snd_card: xilinx-dp-snd-codec-dai <-> xilinx-dp-snd-codec-dai mapping ok
[    5.440759] xilinx-dp-snd-card fd4a0000.zynqmp-display:zynqmp_dp_snd_card: xilinx-dp-snd-codec-dai <-> xilinx-dp-snd-codec-dai mapping ok
[    5.453390] xilinx-dp-snd-card fd4a0000.zynqmp-display:zynqmp_dp_snd_card: Xilinx DisplayPort Sound Card probed
[    5.463489] OF: graph: no port node found in /amba/zynqmp-display@fd4a0000
[    5.470395] [drm] Supports vblank timestamp caching Rev 2 (21.10.2013).
[    5.476929] [drm] No driver support for vblank timestamp query.
[    5.482892] xlnx-drm xlnx-drm.0: bound fd4a0000.zynqmp-display (ops 0xffffff8008af7228)
[    5.521484] [drm] Cannot find any crtc or sizes
[    5.526100] [drm] Initialized xlnx 1.0.0 20130509 for fd4a0000.zynqmp-display on minor 0
[    5.534131] zynqmp-display fd4a0000.zynqmp-display: ZynqMP DisplayPort Subsystem driver probed
[    5.543519] rtc_zynqmp ffa60000.rtc: setting system clock to 2019-11-24 14:04:35 UTC (1574604275)
[    5.552424] clk: Not disabling unused clocks
[    5.556649] ALSA device list:
[    5.559553]   #0: DisplayPort monitor
[    5.563581] Freeing unused kernel memory: 512K
[    5.670682] udevd[1733]: starting version 3.2.2
[    5.679756] udevd[1734]: starting eudev-3.2.2
[    5.721626] gsi_apu_fw_sim: loading out-of-tree module taints kernel.
[    5.728708] GSI Tecnology FW System module [ 2019-08-21-17:20:50 ]
[    5.734865] db0...........0x00000000 [0x88]
[    5.734865] db1...........0x00000100 [0x88]
[    5.734865] MSIX set......0x000001c0 [0x4]
[    5.734865] MSIX clr......0x000001c4 [0x4]
[    5.734865] queues........0x00000200 [0x1c0][0x40]
[    5.734865] queue 1.......0x00000240
[    5.734865] queue 2.......0x00000280
[    5.734865] queue 3.......0x000002c0
[    5.734865] queue 4.......0x00000300
[    5.734865] queue 5.......0x00000340
[    5.734865] queue 6.......0x00000380
[    5.734865] GPRS..........0x000003c0
[    5.734865] misc..........0x00000400 [0x10]
[    5.734865] FPGA rev......0x00000480 [0x8]
[    5.734869] events[sz]........0x00000000[64]
[    5.734869] summery...........0x00000080
[    5.734869] mask..............0x00000084
[    5.741415] gsi-fw a0010000.gsi-fw: Device Tree Probing [4]
[    5.746953] calling gsi_fw_init
[    5.746983] gsi_resource_get_mem_byname: name=acc0_rfu
[    5.746991] gsi-fw a0010000.gsi-fw: attempt to locate memory on acc0_rfu #1
[    5.747528] zynqmp_r5_remoteproc ff9a0100.zynqmp_r5_rproc: RPU core_conf: split0
[    5.747547] zynqmp_r5_remoteproc ff9a0100.zynqmp_r5_rproc: no 'srams' firmware mmio-sram memories specified in DTB.
[    5.747552] remoteproc remoteproc0: releasing ff9a0100.zynqmp_r5_rproc
[    5.747567] zynqmp_r5_remoteproc: probe of ff9a0100.zynqmp_r5_rproc failed with error -22
[    5.747597] zynqmp_r5_remoteproc ff9a0200.zynqmp_r5_rproc: RPU core_conf: split1
[    5.747607] zynqmp_r5_remoteproc ff9a0200.zynqmp_r5_rproc: no 'srams' firmware mmio-sram memories specified in DTB.
[    5.747611] remoteproc remoteproc0: releasing ff9a0200.zynqmp_r5_rproc
[    5.747620] zynqmp_r5_remoteproc: probe of ff9a0200.zynqmp_r5_rproc failed with error -22
[    5.818824] gsi-fw a0010000.gsi-fw: memory located on acc0_rfu #1 @0xa0200000-0xa0200fff
[    5.826954] gsi_doorbell_int:
[    5.826966] gsi_resource_get_mem_byname: name=acc0_mailbox
[    5.826973] gsi-fw a0010000.gsi-fw: attempt to locate memory on acc0_mailbox #3
[    5.834234] gsi-fw a0010000.gsi-fw: memory located on acc0_mailbox #3 @0xa0100000-0xa0101fff
[    5.842935] gsi-fw a0010000.gsi-fw: gsi_acc_interface_early_init
[    5.848885] gsi-fw a0010000.gsi-fw: gsi_host_interface_early_init
[    5.854955] gsi_resource_get_mem_byname: name=host_rfu
[    5.854966] gsi-fw a0010000.gsi-fw: attempt to locate memory on host_rfu #0
[    5.861896] gsi-fw a0010000.gsi-fw: memory located on host_rfu #0 @0xa0010000-0xa0010fff
[    5.870023] gsi_doorbell_int:
[    5.870033] gsi_doorbell_int:
[    5.886702] --------------------------------------------------------------------------
[    5.886709] gsi_fw_set_pci_mbar_expose_reset: N=4
[    5.886719] gsi-fw a0010000.gsi-fw: gsi_fw_map_region:[region=0] bar0_DDR [expose=-1]
[    5.894527] _gsi_resource_get_reserved_mem: name=bar0_DDR num=0
[    5.894588] gsi_fw_set_mem_regions: region res 0x40000000-0x7fffffff [rc=0]
[    5.901516] gsi-fw a0010000.gsi-fw: gsi_fw_map_region[1]: paddr: 0x40000000 vaddr: 0xffffff8040000000 [res.start=0x40000000, end=0x80000000, size=0x40000000] total mapped size = 0x0000000040000000 total exposed size = 0x0000000000000000
[    5.922420] gsi-fw a0010000.gsi-fw: gsi_fw_map_region:[region=1] bar2_3_DDR [expose=2]
[    5.930307] _gsi_resource_get_reserved_mem: name=bar2_3_DDR num=1
[    5.930369] gsi_fw_set_mem_regions: region res 0x800000000-0x97fffffff [rc=0]
[    5.937448] [expose]: total expose = 0x0000000180000000 [0x0000000180000000]
[    5.937452] gsi_fw_set_pci_mbar_expose_size: mbar=2, sz=0x180000000
[    5.937463] gsi-fw a0010000.gsi-fw: gsi_fw_map_region[2]: paddr: 0x800000000 vaddr: 0xffffff80c0000000 [res.start=0x800000000, end=0x980000000, size=0x180000000] total mapped size = 0x00000001c0000000 total exposed size = 0x0000000180000000
[    5.958740] gsi-fw a0010000.gsi-fw: gsi_fw_map_region:[region=2] bar4_5_DDR [expose=3]
[    5.966609] _gsi_resource_get_reserved_mem: name=bar4_5_DDR num=2
[    5.966671] gsi_fw_set_mem_regions: region res 0x1000000000-0x10ffffffff [rc=0]
[    5.973916] [expose]: total expose = 0x0000000280000000 [0x0000000100000000]
[    5.973920] gsi_fw_set_pci_mbar_expose_size: mbar=3, sz=0x100000000
[    5.973930] gsi-fw a0010000.gsi-fw: gsi_fw_map_region[3]: paddr: 0x1000000000 vaddr: 0xffffff8280000000 [res.start=0x1000000000, end=0x1100000000, size=0x100000000] total mapped size = 0x00000002c0000000 total exposed size = 0x0000000280000000
[    5.995444] --------------------------------------------------------------------------
[    5.995448] [FPGA] revision 0x00000000
[    5.995450] [FPGA] Date 0x05152019
[    5.995452] [FPGA] Version 0x00030202
[    5.995456] WARNING: [GSI FW revision]: failed to find revision!!! ( gsi_fw_revision_get(0x00030202) => set default board version 0x00000001 )
[    5.995463] gsi_fw_config_init: fpga version: [v00.00.01-0] 00/00/0000 [ 0x00000000:0x00000001 ] Num APUs[1] APUCs[4](4) DRAM size 0x0000000180000000 MB
[    5.995465] --------------------------------------------------------------------------
[    5.995467] gsi_pl_misc_interface_init[debug]: APU Mask  [0x00018000] PL Mask  [0x00020000]
[    6.003769] gsi_pl_misc_interface_init[debug]: APU Events[0x00000000] PL Events[0x00000000]
[    6.012165] gsi_pl_misc_interface_init[debug-readback]:  APU Mask  [0x00018000] PL Mask  [0x00020000]
[    6.021318] --------------------------------------------------------------------------
[    6.021321] gsi_fw_apus_init
[    6.021322] gsi_fw_prepare_apu_kernel
[    6.021323] gsi_fw_apuc_reset_mode_all
[    6.021326] gsi_fw_apu_reset 0 GSI_APUC_MODE_RESET
[    6.021328] gsi_fw_apu_reset 1 GSI_APUC_MODE_RESET
[    6.021330] gsi_fw_apu_reset 2 GSI_APUC_MODE_RESET
[    6.021331] gsi_fw_apu_reset 3 GSI_APUC_MODE_RESET
[    6.021338] gsi-fw a0010000.gsi-fw: gsi_fw_apu_prepare_L1 fixup; load L1 line maps from storage to
[    6.030266] gsi_fw_apu_prepare 0
[    6.030272] gsi-fw a0010000.gsi-fw: gsi_fw_apu_status_clr(apu_id=0, mask=0xffffffff)
[    6.037981] gsi_fw_apuc_prepare 0, 0
[    6.037983] gsi_apuc_at_reset_table 0,0
[    6.037985] gsi_fw_apuc_prepare 0, 1
[    6.037986] gsi_apuc_at_reset_table 0,1
[    6.037988] gsi_fw_apuc_prepare 0, 2
[    6.037990] gsi_apuc_at_reset_table 0,2
[    6.037991] gsi_fw_apuc_prepare 0, 3
[    6.037993] gsi_apuc_at_reset_table 0,3
[    6.037998] gsi-fw a0010000.gsi-fw: gsi_fw_apu_status_set(apu_id=4, mask=0x00000002)
[    6.045706] registering the APUCs doorbells relevant to the boot 
[    6.045707] gsi_fw_bist
[    6.045709] gsi_fw_apus_boot
[    6.045710] gsi_fw_apu_boot 0
[    6.045712] gsi_fw_apuc_boot 0 0
[    6.045714] gsi_fw_apu_reset 0 GSI_APUC_MODE_RUN
[    6.045715] gsi_fw_apuc_boot 0 1
[    6.045717] gsi_fw_apu_reset 1 GSI_APUC_MODE_RUN
[    6.045719] gsi_fw_apuc_boot 0 2
[    6.045720] gsi_fw_apu_reset 2 GSI_APUC_MODE_RUN
[    6.045722] gsi_fw_apuc_boot 0 3
[    6.045724] gsi_fw_apu_reset 3 GSI_APUC_MODE_RUN
[    6.045725] gsi_fw_apus_wait_for_ready
[    6.045730] gsi-fw a0010000.gsi-fw: gsi_acc_interface_init
[    6.051176] gsi_doorbell_register: gsi_fw_acc_irq num=1 
[    6.051179] gsi_doorbell_register: (0) id=0  gsi_fw_acc_irq-49 
[    6.051181]  (0) gsi_doorbellregister: request_irq gsi_fw_acc_irq-49
[    6.051210] gsi-fw a0010000.gsi-fw: gsi_host_interface_init
[    6.056728] gsi_doorbell_register: gsi_fw_hst_irq num=2 
[    6.056731] gsi_doorbell_register: (0) id=1  gsi_fw_hst_irq-46 
[    6.056733]  (0) gsi_doorbellregister: request_irq gsi_fw_hst_irq-46
[    6.056758] gsi_doorbell_register: (1) id=2  gsi_fw_hst_irq-47 
[    6.056761]  (1) gsi_doorbellregister: request_irq gsi_fw_hst_irq-47
[    6.056779] gsi-fw a0010000.gsi-fw: gsi_ext_interface_init
[    6.062248] gsi_sim_chrdev_init: idx=0
[    6.062251] gsi_sim_chrdev_init: idx=1
[    6.062253] gsi_sim_chrdev_init: idx=2
[    6.062255] gsi_sim_chrdev_init: idx=3
[    6.062257] gsi_cdev_data_init: 
[    6.062259] gsi_cdev_data_init: 
[    6.062262] gsi_sim_dev_register: major=243 minor=0
[    6.062427] gsi_sim_dev_register: major=243 minor=1
[    6.062485] gsi_sim_dev_register: major=243 minor=2
[    6.062551] gsi_doorbell_register_event(ev=0) id=1 mask=0x00000001 regs[0x00000000] 
[    6.062554] gsi_doorbell_register_event(ev=1) id=1 mask=0x00000003 regs[0x00000000] 
[    6.062557] gsi_doorbell_register_event(ev=2) id=1 mask=0x00000007 regs[0x00000000] 
[    6.062560] gsi_doorbell_register_event(ev=3) id=1 mask=0x0000000f regs[0x00000000] 
[    6.062564] gsi_doorbell_register_event(ev=4) id=1 mask=0x0000001f regs[0x00000000] 
[    6.062567] gsi_doorbell_register_event(ev=15) id=1 mask=0x0000801f regs[0x00000000] 
[    6.062568] before gsi_doorbell_apuc_register_event: 
[    6.062572] gsi_doorbell_register_event(ev=0,apuc=0) id=0 mask=0x00000001 regs[0x00000000] 
[    6.062575] gsi_doorbell_register_event(ev=1,apuc=0) id=0 mask=0x00000003 regs[0x00000000] 
[    6.062579] gsi_doorbell_register_event(ev=0,apuc=1) id=0 mask=0x00000007 regs[0x00000000] 
[    6.062582] gsi_doorbell_register_event(ev=1,apuc=1) id=0 mask=0x0000000f regs[0x00000000] 
[    6.062585] gsi_doorbell_register_event(ev=0,apuc=2) id=0 mask=0x0000001f regs[0x00000000] 
[    6.062588] gsi_doorbell_register_event(ev=1,apuc=2) id=0 mask=0x0000003f regs[0x00000000] 
[    6.062592] gsi_doorbell_register_event(ev=0,apuc=3) id=0 mask=0x0000007f regs[0x00000000] 
[    6.062595] gsi_doorbell_register_event(ev=1,apuc=3) id=0 mask=0x000000ff regs[0x00000000] 
[    6.062596] before gsi_doorbell_enable_events
[    6.062603] gsi_doorbell_wq_irq: enter IRQ=46
[    6.066947] [host DB]: gsi_host_doorbell_event_cb: doorbell event[0] ( apuc=0 ev_id=0 ev_val=0x00000000)
[    6.066950] [host DB]: GSI_EV_FW_READY
[    6.066952] [host DB]: wake_up_all host2fw
[    6.120802] FAT-fs (mmcblk0p1): Volume was not properly unmounted. Some data may be corrupt. Please run fsck.
