board date=Sun_Nov_24_01:24:28_UTC_2019
PARAMETERS: TEST_wpower
[    0.000000] Booting Linux on physical CPU 0x0
[    0.000000] Linux version 4.14.0-xilinx-v2018.2 (oe-user@oe-host) (gcc version 7.2.0 (GCC)) #1 SMP Mon Jul 1 23:44:30 IDT 2019
[    0.000000] Boot CPU: AArch64 Processor [410fd034]
[    0.000000] Machine model: xlnx,zynqmp
[    0.000000] earlycon: cdns0 at MMIO 0x00000000ff000000 (options '115200n8')
[    0.000000] bootconsole [cdns0] enabled
[    0.000000] efi: Getting EFI parameters from FDT:
[    0.000000] efi: UEFI not found.
[    0.000000] cma: Reserved 256 MiB at 0x000000002ec00000
[    0.000000] On node 0 totalpages: 258048
[    0.000000]   DMA zone: 3584 pages used for memmap
[    0.000000]   DMA zone: 0 pages reserved
[    0.000000]   DMA zone: 258048 pages, LIFO batch:31
[    0.000000] psci: probing for conduit method from DT.
[    0.000000] psci: PSCIv1.1 detected in firmware.
[    0.000000] psci: Using standard PSCI v0.2 function IDs
[    0.000000] psci: MIGRATE_INFO_TYPE not supported.
[    0.000000] percpu: Embedded 21 pages/cpu @ffffffc03ff70000 s46488 r8192 d31336 u86016
[    0.000000] pcpu-alloc: s46488 r8192 d31336 u86016 alloc=21*4096
[    0.000000] pcpu-alloc: [0] 0 [0] 1 [0] 2 [0] 3 
[    0.000000] Detected VIPT I-cache on CPU0
[    0.000000] CPU features: enabling workaround for ARM erratum 845719
[    0.000000] Built 1 zonelists, mobility grouping on.  Total pages: 254464
[    0.000000] Kernel command line: earlycon clk_ignore_unused cpuidle.off=1 earlyprintk
[    0.000000] PID hash table entries: 4096 (order: 3, 32768 bytes)
[    0.000000] Dentry cache hash table entries: 131072 (order: 8, 1048576 bytes)
[    0.000000] Inode-cache hash table entries: 65536 (order: 7, 524288 bytes)
[    0.000000] Memory: 687708K/1032192K available (9980K kernel code, 644K rwdata, 3128K rodata, 512K init, 2168K bss, 82340K reserved, 262144K cma-reserved)
[    0.000000] Virtual kernel memory layout:
[    0.000000]     modules : 0xffffff8000000000 - 0xffffff8008000000   (   128 MB)
[    0.000000]     vmalloc : 0xffffff8008000000 - 0xffffffbebfff0000   (   250 GB)
[    0.000000]       .text : 0xffffff8008080000 - 0xffffff8008a40000   (  9984 KB)
[    0.000000]     .rodata : 0xffffff8008a40000 - 0xffffff8008d60000   (  3200 KB)
[    0.000000]       .init : 0xffffff8008d60000 - 0xffffff8008de0000   (   512 KB)
[    0.000000]       .data : 0xffffff8008de0000 - 0xffffff8008e81200   (   645 KB)
[    0.000000]        .bss : 0xffffff8008e81200 - 0xffffff800909f2b0   (  2169 KB)
[    0.000000]     fixed   : 0xffffffbefe7fd000 - 0xffffffbefec00000   (  4108 KB)
[    0.000000]     PCI I/O : 0xffffffbefee00000 - 0xffffffbeffe00000   (    16 MB)
[    0.000000]     vmemmap : 0xffffffbf00000000 - 0xffffffc000000000   (     4 GB maximum)
[    0.000000]               0xffffffbf00000000 - 0xffffffbf00e00000   (    14 MB actual)
[    0.000000]     memory  : 0xffffffc000000000 - 0xffffffc040000000   (  1024 MB)
[    0.000000] Hierarchical RCU implementation.
[    0.000000] 	RCU event tracing is enabled.
[    0.000000] 	RCU restricting CPUs from NR_CPUS=8 to nr_cpu_ids=4.
[    0.000000] RCU: Adjusting geometry for rcu_fanout_leaf=16, nr_cpu_ids=4
[    0.000000] NR_IRQS: 64, nr_irqs: 64, preallocated irqs: 0
[    0.000000] GIC: Adjusting CPU interface base to 0x00000000f902f000
[    0.000000] GIC: Using split EOI/Deactivate mode
[    0.000000] arch_timer: cp15 timer(s) running at 100.00MHz (phys).
[    0.000000] clocksource: arch_sys_counter: mask: 0xffffffffffffff max_cycles: 0x171024e7e0, max_idle_ns: 440795205315 ns
[    0.000003] sched_clock: 56 bits at 100MHz, resolution 10ns, wraps every 4398046511100ns
[    0.008354] Console: colour dummy device 80x25
[    0.012610] console [tty0] enabled
[    0.015976] bootconsole [cdns0] disabled
[    0.019885] Calibrating delay loop (skipped), value calculated using timer frequency.. 200.00 BogoMIPS (lpj=400000)
[    0.019899] pid_max: default: 32768 minimum: 301
[    0.019997] Mount-cache hash table entries: 2048 (order: 2, 16384 bytes)
[    0.020009] Mountpoint-cache hash table entries: 2048 (order: 2, 16384 bytes)
[    0.020597] ASID allocator initialised with 65536 entries
[    0.020648] Hierarchical SRCU implementation.
[    0.020948] EFI services will not be available.
[    0.020974] zynqmp_plat_init Platform Management API v1.0
[    0.020983] zynqmp_plat_init Trustzone version v1.0
[    0.021080] smp: Bringing up secondary CPUs ...
[    0.021332] Detected VIPT I-cache on CPU1
[    0.021359] CPU1: Booted secondary processor [410fd034]
[    0.021635] Detected VIPT I-cache on CPU2
[    0.021653] CPU2: Booted secondary processor [410fd034]
[    0.021914] Detected VIPT I-cache on CPU3
[    0.021932] CPU3: Booted secondary processor [410fd034]
[    0.021973] smp: Brought up 1 node, 4 CPUs
[    0.022005] SMP: Total of 4 processors activated.
[    0.022013] CPU features: detected feature: 32-bit EL0 Support
[    0.022023] CPU: All CPU(s) started at EL2
[    0.022039] alternatives: patching kernel code
[    0.022534] devtmpfs: initialized
[    0.026373] random: get_random_u32 called from bucket_table_alloc+0x108/0x260 with crng_init=0
[    0.026563] clocksource: jiffies: mask: 0xffffffff max_cycles: 0xffffffff, max_idle_ns: 7645041785100000 ns
[    0.026581] futex hash table entries: 1024 (order: 5, 131072 bytes)
[    0.032018] xor: measuring software checksum speed
[    0.071968]    8regs     :  2303.000 MB/sec
[    0.111999]    8regs_prefetch:  2053.000 MB/sec
[    0.152030]    32regs    :  2830.000 MB/sec
[    0.192063]    32regs_prefetch:  2379.000 MB/sec
[    0.192071] xor: using function: 32regs (2830.000 MB/sec)
[    0.192140] pinctrl core: initialized pinctrl subsystem
[    0.192235] random: fast init done
[    0.192638] NET: Registered protocol family 16
[    0.193548] vdso: 2 pages (1 code @ ffffff8008a46000, 1 data @ ffffff8008de4000)
[    0.193568] hw-breakpoint: found 6 breakpoint and 4 watchpoint registers.
[    0.194318] DMA: preallocated 256 KiB pool for atomic allocations
[    0.224030] reset_zynqmp reset-controller: Xilinx zynqmp reset driver probed
[    0.224608] ARM CCI_400_r1 PMU driver probed
[    0.229058] zynqmp-pinctrl ff180000.pinctrl: zynqmp pinctrl initialized
[    0.237720] HugeTLB registered 2.00 MiB page size, pre-allocated 0 pages
[    0.304202] raid6: int64x1  gen()   402 MB/s
[    0.372290] raid6: int64x1  xor()   446 MB/s
[    0.440346] raid6: int64x2  gen()   688 MB/s
[    0.508365] raid6: int64x2  xor()   603 MB/s
[    0.576421] raid6: int64x4  gen()  1042 MB/s
[    0.644498] raid6: int64x4  xor()   742 MB/s
[    0.712572] raid6: int64x8  gen()   980 MB/s
[    0.780591] raid6: int64x8  xor()   745 MB/s
[    0.848717] raid6: neonx1   gen()   727 MB/s
[    0.916699] raid6: neonx1   xor()   853 MB/s
[    0.984772] raid6: neonx2   gen()  1169 MB/s
[    1.052824] raid6: neonx2   xor()  1208 MB/s
[    1.120906] raid6: neonx4   gen()  1506 MB/s
[    1.188935] raid6: neonx4   xor()  1442 MB/s
[    1.256983] raid6: neonx8   gen()  1651 MB/s
[    1.325037] raid6: neonx8   xor()  1533 MB/s
[    1.325045] raid6: using algorithm neonx8 gen() 1651 MB/s
[    1.325052] raid6: .... xor() 1533 MB/s, rmw enabled
[    1.325060] raid6: using neon recovery algorithm
[    1.325980] SCSI subsystem initialized
[    1.326020] libata version 3.00 loaded.
[    1.326147] usbcore: registered new interface driver usbfs
[    1.326183] usbcore: registered new interface driver hub
[    1.326219] usbcore: registered new device driver usb
[    1.326277] media: Linux media interface: v0.10
[    1.326304] Linux video capture interface: v2.00
[    1.326342] pps_core: LinuxPPS API ver. 1 registered
[    1.326350] pps_core: Software ver. 5.3.6 - Copyright 2005-2007 Rodolfo Giometti <giometti@linux.it>
[    1.326370] PTP clock support registered
[    1.326395] EDAC MC: Ver: 3.0.0
[    1.326691] zynqmp-ipi ff9905c0.mailbox: Probed ZynqMP IPI Mailbox driver.
[    1.326838] FPGA manager framework
[    1.326943] fpga-region fpga-full: FPGA Region probed
[    1.327056] Advanced Linux Sound Architecture Driver Initialized.
[    1.327310] Bluetooth: Core ver 2.22
[    1.327335] NET: Registered protocol family 31
[    1.327343] Bluetooth: HCI device and connection manager initialized
[    1.327355] Bluetooth: HCI socket layer initialized
[    1.327365] Bluetooth: L2CAP socket layer initialized
[    1.327387] Bluetooth: SCO socket layer initialized
[    1.327896] clocksource: Switched to clocksource arch_sys_counter
[    1.327968] VFS: Disk quotas dquot_6.6.0
[    1.328011] VFS: Dquot-cache hash table entries: 512 (order 0, 4096 bytes)
[    1.332026] NET: Registered protocol family 2
[    1.332312] TCP established hash table entries: 8192 (order: 4, 65536 bytes)
[    1.332375] TCP bind hash table entries: 8192 (order: 5, 131072 bytes)
[    1.332479] TCP: Hash tables configured (established 8192 bind 8192)
[    1.332547] UDP hash table entries: 512 (order: 2, 16384 bytes)
[    1.332575] UDP-Lite hash table entries: 512 (order: 2, 16384 bytes)
[    1.332671] NET: Registered protocol family 1
[    1.332842] RPC: Registered named UNIX socket transport module.
[    1.332852] RPC: Registered udp transport module.
[    1.332859] RPC: Registered tcp transport module.
[    1.332866] RPC: Registered tcp NFSv4.1 backchannel transport module.
[    1.332878] PCI: CLS 0 bytes, default 128
[    1.332964] Trying to unpack rootfs image as initramfs...
[    3.483993] Freeing initrd memory: 49284K
[    3.484360] hw perfevents: no interrupt-affinity property for /pmu, guessing.
[    3.484513] hw perfevents: enabled with armv8_pmuv3 PMU driver, 7 counters available
[    3.485239] audit: initializing netlink subsys (disabled)
[    3.485328] audit: type=2000 audit(3.472:1): state=initialized audit_enabled=0 res=1
[    3.485657] workingset: timestamp_bits=62 max_order=18 bucket_order=0
[    3.486357] NFS: Registering the id_resolver key type
[    3.486378] Key type id_resolver registered
[    3.486386] Key type id_legacy registered
[    3.486397] nfs4filelayout_init: NFSv4 File Layout Driver Registering...
[    3.486419] jffs2: version 2.2. (NAND) (SUMMARY)  Â© 2001-2006 Red Hat, Inc.
[    3.512692] Block layer SCSI generic (bsg) driver version 0.4 loaded (major 246)
[    3.512713] io scheduler noop registered
[    3.512721] io scheduler deadline registered
[    3.512741] io scheduler cfq registered (default)
[    3.512750] io scheduler mq-deadline registered
[    3.512757] io scheduler kyber registered
[    3.514045] xilinx-dpdma fd4c0000.dma: Xilinx DPDMA engine is probed
[    3.514472] xilinx-zynqmp-dma fd500000.dma: ZynqMP DMA driver Probe success
[    3.514616] xilinx-zynqmp-dma fd510000.dma: ZynqMP DMA driver Probe success
[    3.514764] xilinx-zynqmp-dma fd520000.dma: ZynqMP DMA driver Probe success
[    3.514909] xilinx-zynqmp-dma fd530000.dma: ZynqMP DMA driver Probe success
[    3.515053] xilinx-zynqmp-dma fd540000.dma: ZynqMP DMA driver Probe success
[    3.515196] xilinx-zynqmp-dma fd550000.dma: ZynqMP DMA driver Probe success
[    3.515339] xilinx-zynqmp-dma fd560000.dma: ZynqMP DMA driver Probe success
[    3.515485] xilinx-zynqmp-dma fd570000.dma: ZynqMP DMA driver Probe success
[    3.515695] xilinx-zynqmp-dma ffa80000.dma: ZynqMP DMA driver Probe success
[    3.515839] xilinx-zynqmp-dma ffa90000.dma: ZynqMP DMA driver Probe success
[    3.516002] xilinx-zynqmp-dma ffaa0000.dma: ZynqMP DMA driver Probe success
[    3.516147] xilinx-zynqmp-dma ffab0000.dma: ZynqMP DMA driver Probe success
[    3.516292] xilinx-zynqmp-dma ffac0000.dma: ZynqMP DMA driver Probe success
[    3.516436] xilinx-zynqmp-dma ffad0000.dma: ZynqMP DMA driver Probe success
[    3.516587] xilinx-zynqmp-dma ffae0000.dma: ZynqMP DMA driver Probe success
[    3.516730] xilinx-zynqmp-dma ffaf0000.dma: ZynqMP DMA driver Probe success
[    3.541732] Serial: 8250/16550 driver, 4 ports, IRQ sharing disabled
[    3.545255] cacheinfo: Unable to detect cache hierarchy for CPU 0
[    3.549331] brd: module loaded
[    3.552682] loop: module loaded
[    3.553622] ahci-ceva fd0c0000.ahci: AHCI 0001.0301 32 slots 2 ports 6 Gbps 0x3 impl platform mode
[    3.553641] ahci-ceva fd0c0000.ahci: flags: 64bit ncq sntf pm clo only pmp fbs pio slum part ccc sds apst 
[    3.554589] scsi host0: ahci-ceva
[    3.554794] scsi host1: ahci-ceva
[    3.554904] ata1: SATA max UDMA/133 mmio [mem 0xfd0c0000-0xfd0c1fff] port 0x100 irq 38
[    3.554917] ata2: SATA max UDMA/133 mmio [mem 0xfd0c0000-0xfd0c1fff] port 0x180 irq 38
[    3.555101] mtdoops: mtd device (mtddev=name/number) must be supplied
[    3.556217] m25p80 spi0.0: n25q512a (131072 Kbytes)
[    3.556242] 3 ofpart partitions found on MTD device spi0.0
[    3.556250] Creating 3 MTD partitions on "spi0.0":
[    3.556261] 0x000000000000-0x000000100000 : "boot"
[    3.556696] 0x000000100000-0x000000140000 : "bootenv"
[    3.557097] 0x000000140000-0x000001740000 : "kernel"
[    3.558342] libphy: Fixed MDIO Bus: probed
[    3.559376] tun: Universal TUN/TAP device driver, 1.6
[    3.559505] CAN device driver interface
[    3.560635] macb ff0e0000.ethernet: Not enabling partial store and forward
[    3.561011] libphy: MACB_mii_bus: probed
[    3.636585] macb ff0e0000.ethernet eth0: Cadence GEM rev 0x50070106 at 0xff0e0000 irq 31 (00:0a:35:00:ed:ef)
[    3.636608] Micrel KSZ9031 Gigabit PHY ff0e0000.ethernet-ffffffff:03: attached PHY driver [Micrel KSZ9031 Gigabit PHY] (mii_bus:phy_addr=ff0e0000.ethernet-ffffffff:03, irq=POLL)
[    3.637314] usbcore: registered new interface driver asix
[    3.637368] usbcore: registered new interface driver ax88179_178a
[    3.637398] usbcore: registered new interface driver cdc_ether
[    3.637428] usbcore: registered new interface driver net1080
[    3.637457] usbcore: registered new interface driver cdc_subset
[    3.637486] usbcore: registered new interface driver zaurus
[    3.637530] usbcore: registered new interface driver cdc_ncm
[    3.637827] xilinx-axipmon ffa00000.perf-monitor: Probed Xilinx APM
[    3.638091] ehci_hcd: USB 2.0 'Enhanced' Host Controller (EHCI) Driver
[    3.638101] ehci-pci: EHCI PCI platform driver
[    3.638391] usbcore: registered new interface driver uas
[    3.638429] usbcore: registered new interface driver usb-storage
[    3.638915] rtc_zynqmp ffa60000.rtc: rtc core: registered ffa60000.rtc as rtc0
[    3.638974] i2c /dev entries driver
[    3.639216] IR NEC protocol handler initialized
[    3.639225] IR RC5(x/sz) protocol handler initialized
[    3.639232] IR RC6 protocol handler initialized
[    3.639239] IR JVC protocol handler initialized
[    3.639246] IR Sony protocol handler initialized
[    3.639253] IR SANYO protocol handler initialized
[    3.639259] IR Sharp protocol handler initialized
[    3.639266] IR MCE Keyboard/mouse protocol handler initialized
[    3.639274] IR XMP protocol handler initialized
[    3.640391] usbcore: registered new interface driver uvcvideo
[    3.640400] USB Video Class driver (1.1.1)
[    3.640851] cdns-wdt fd4d0000.watchdog: Xilinx Watchdog Timer at ffffff8009125000 with timeout 10s
[    3.641042] Bluetooth: HCI UART driver ver 2.3
[    3.641053] Bluetooth: HCI UART protocol H4 registered
[    3.641061] Bluetooth: HCI UART protocol BCSP registered
[    3.641088] Bluetooth: HCI UART protocol LL registered
[    3.641097] Bluetooth: HCI UART protocol ATH3K registered
[    3.641105] Bluetooth: HCI UART protocol Three-wire (H5) registered
[    3.641150] Bluetooth: HCI UART protocol Intel registered
[    3.641158] Bluetooth: HCI UART protocol QCA registered
[    3.641195] usbcore: registered new interface driver bcm203x
[    3.641228] usbcore: registered new interface driver bpa10x
[    3.641260] usbcore: registered new interface driver bfusb
[    3.641294] usbcore: registered new interface driver btusb
[    3.641303] Bluetooth: Generic Bluetooth SDIO driver ver 0.1
[    3.641351] usbcore: registered new interface driver ath3k
[    3.641480] EDAC MC: ECC not enabled
[    3.641641] EDAC DEVICE0: Giving out device to module zynqmp-ocm-edac controller zynqmp_ocm: DEV ff960000.memory-controller (INTERRUPT)
[    3.642112] cpufreq: cpufreq_online: CPU0: Running at unlisted freq: 1200000 KHz
[    3.642133] cpu cpu0: dev_pm_opp_set_rate: failed to find current OPP for freq 1200000000 (-34)
[    3.642182] cpufreq: cpufreq_online: CPU0: Unlisted initial frequency changed to: 1199999 KHz
[    3.642210] cpu cpu0: dev_pm_opp_set_rate: failed to find current OPP for freq 1200000000 (-34)
[    3.642277] CPUidle arm: Failed to register cpuidle driver
[    3.642432] sdhci: Secure Digital Host Controller Interface driver
[    3.642440] sdhci: Copyright(c) Pierre Ossman
[    3.642447] sdhci-pltfm: SDHCI platform and OF driver helper
[    3.687911] mmc0: SDHCI controller on ff160000.sdhci [ff160000.sdhci] using ADMA 64-bit
[    3.687974] PLL: shutdown
[    3.688063] PLL: enable
[    3.694004] ledtrig-cpu: registered to indicate activity on CPUs
[    3.694140] usbcore: registered new interface driver usbhid
[    3.694148] usbhid: USB HID core driver
[    3.695956] fpga_manager fpga0: Xilinx ZynqMP FPGA Manager registered
[    3.697757] pktgen: Packet Generator for packet performance testing. Version: 2.75
[    3.699976] Netfilter messages via NETLINK v0.30.
[    3.700092] ip_tables: (C) 2000-2006 Netfilter Core Team
[    3.700267] Initializing XFRM netlink socket
[    3.700327] NET: Registered protocol family 10
[    3.700740] Segment Routing with IPv6
[    3.700784] ip6_tables: (C) 2000-2006 Netfilter Core Team
[    3.700956] sit: IPv6, IPv4 and MPLS over IPv4 tunneling driver
[    3.701270] NET: Registered protocol family 17
[    3.701286] NET: Registered protocol family 15
[    3.701305] bridge: filtering via arp/ip/ip6tables is no longer available by default. Update your scripts to load br_netfilter if you need this.
[    3.701319] Ebtables v2.0 registered
[    3.701406] can: controller area network core (rev 20170425 abi 9)
[    3.701440] NET: Registered protocol family 29
[    3.701455] can: raw protocol (rev 20170425)
[    3.701463] can: broadcast manager protocol (rev 20170425 t)
[    3.701474] can: netlink gateway (rev 20170425) max_hops=1
[    3.701665] Bluetooth: RFCOMM TTY layer initialized
[    3.701678] Bluetooth: RFCOMM socket layer initialized
[    3.701691] Bluetooth: RFCOMM ver 1.11
[    3.701704] Bluetooth: BNEP (Ethernet Emulation) ver 1.3
[    3.701712] Bluetooth: BNEP filters: protocol multicast
[    3.701722] Bluetooth: BNEP socket layer initialized
[    3.701730] Bluetooth: HIDP (Human Interface Emulation) ver 1.2
[    3.701740] Bluetooth: HIDP socket layer initialized
[    3.701851] 9pnet: Installing 9P2000 support
[    3.701873] Key type dns_resolver registered
[    3.702242] registered taskstats version 1
[    3.702584] Btrfs loaded, crc32c=crc32c-generic
[    3.707611] ff000000.serial: ttyPS0 at MMIO 0xff000000 (irq = 40, base_baud = 6250000) is a xuartps
[    3.872123] ata2: SATA link down (SStatus 0 SControl 330)
[    3.874481] ata1: SATA link down (SStatus 0 SControl 330)
[    4.128732] mmc0: new HS200 MMC card at address 0001
[    4.137655] mmcblk0: mmc0:0001 IS008G 7.28 GiB 
[    4.147383] mmcblk0boot0: mmc0:0001 IS008G partition 1 4.00 MiB
[    4.153638] mmcblk0boot1: mmc0:0001 IS008G partition 2 4.00 MiB
[    4.158411] mmcblk0rpmb: mmc0:0001 IS008G partition 3 4.00 MiB
[    4.162817]  mmcblk0: p1
[    5.385029] console [ttyPS0] enabled
[    5.389781] xilinx-psgtr fd400000.zynqmp_phy: Lane:1 type:8 protocol:4 pll_locked:yes
[    5.397989] PLL: shutdown
[    5.402155] xilinx-dp-snd-codec fd4a0000.zynqmp-display:zynqmp_dp_snd_codec0: Xilinx DisplayPort Sound Codec probed
[    5.412751] xilinx-dp-snd-pcm zynqmp_dp_snd_pcm0: Xilinx DisplayPort Sound PCM probed
[    5.420713] xilinx-dp-snd-pcm zynqmp_dp_snd_pcm1: Xilinx DisplayPort Sound PCM probed
[    5.428970] xilinx-dp-snd-card fd4a0000.zynqmp-display:zynqmp_dp_snd_card: xilinx-dp-snd-codec-dai <-> xilinx-dp-snd-codec-dai mapping ok
[    5.441320] xilinx-dp-snd-card fd4a0000.zynqmp-display:zynqmp_dp_snd_card: xilinx-dp-snd-codec-dai <-> xilinx-dp-snd-codec-dai mapping ok
[    5.453957] xilinx-dp-snd-card fd4a0000.zynqmp-display:zynqmp_dp_snd_card: Xilinx DisplayPort Sound Card probed
[    5.464056] OF: graph: no port node found in /amba/zynqmp-display@fd4a0000
[    5.470972] [drm] Supports vblank timestamp caching Rev 2 (21.10.2013).
[    5.477505] [drm] No driver support for vblank timestamp query.
[    5.483471] xlnx-drm xlnx-drm.0: bound fd4a0000.zynqmp-display (ops 0xffffff8008af7228)
[    5.522205] [drm] Cannot find any crtc or sizes
[    5.526826] [drm] Initialized xlnx 1.0.0 20130509 for fd4a0000.zynqmp-display on minor 0
[    5.534858] zynqmp-display fd4a0000.zynqmp-display: ZynqMP DisplayPort Subsystem driver probed
[    5.544262] rtc_zynqmp ffa60000.rtc: setting system clock to 2019-11-24 01:23:30 UTC (1574558610)
[    5.553173] clk: Not disabling unused clocks
[    5.557399] ALSA device list:
[    5.560309]   #0: DisplayPort monitor
[    5.564332] Freeing unused kernel memory: 512K
[    5.670419] udevd[1732]: starting version 3.2.2
[    5.679466] udevd[1733]: starting eudev-3.2.2
[    5.721403] gsi_apu_fw_sim: loading out-of-tree module taints kernel.
[    5.728543] GSI Tecnology FW System module [ 2019-08-21-17:20:50 ]
[    5.734688] db0...........0x00000000 [0x88]
[    5.734688] db1...........0x00000100 [0x88]
[    5.734688] MSIX set......0x000001c0 [0x4]
[    5.734688] MSIX clr......0x000001c4 [0x4]
[    5.734688] queues........0x00000200 [0x1c0][0x40]
[    5.734688] queue 1.......0x00000240
[    5.734688] queue 2.......0x00000280
[    5.734688] queue 3.......0x000002c0
[    5.734688] queue 4.......0x00000300
[    5.734688] queue 5.......0x00000340
[    5.734688] queue 6.......0x00000380
[    5.734688] GPRS..........0x000003c0
[    5.734688] misc..........0x00000400 [0x10]
[    5.734688] FPGA rev......0x00000480 [0x8]
[    5.734692] events[sz]........0x00000000[64]
[    5.734692] summery...........0x00000080
[    5.734692] mask..............0x00000084
[    5.734919] gsi-fw a0010000.gsi-fw: Device Tree Probing [4]
[    5.740440] calling gsi_fw_init
[    5.740465] gsi_resource_get_mem_byname: name=acc0_rfu
[    5.740473] gsi-fw a0010000.gsi-fw: attempt to locate memory on acc0_rfu #1
[    5.747393] gsi-fw a0010000.gsi-fw: memory located on acc0_rfu #1 @0xa0200000-0xa0200fff
[    5.750448] zynqmp_r5_remoteproc ff9a0100.zynqmp_r5_rproc: RPU core_conf: split0
[    5.750473] zynqmp_r5_remoteproc ff9a0100.zynqmp_r5_rproc: no 'srams' firmware mmio-sram memories specified in DTB.
[    5.750478] remoteproc remoteproc0: releasing ff9a0100.zynqmp_r5_rproc
[    5.750495] zynqmp_r5_remoteproc: probe of ff9a0100.zynqmp_r5_rproc failed with error -22
[    5.750526] zynqmp_r5_remoteproc ff9a0200.zynqmp_r5_rproc: RPU core_conf: split1
[    5.750536] zynqmp_r5_remoteproc ff9a0200.zynqmp_r5_rproc: no 'srams' firmware mmio-sram memories specified in DTB.
[    5.750539] remoteproc remoteproc0: releasing ff9a0200.zynqmp_r5_rproc
[    5.750549] zynqmp_r5_remoteproc: probe of ff9a0200.zynqmp_r5_rproc failed with error -22
[    5.820415] gsi_doorbell_int:
[    5.820427] gsi_resource_get_mem_byname: name=acc0_mailbox
[    5.820433] gsi-fw a0010000.gsi-fw: attempt to locate memory on acc0_mailbox #3
[    5.827690] gsi-fw a0010000.gsi-fw: memory located on acc0_mailbox #3 @0xa0100000-0xa0101fff
[    5.837447] gsi-fw a0010000.gsi-fw: gsi_acc_interface_early_init
[    5.843417] gsi-fw a0010000.gsi-fw: gsi_host_interface_early_init
[    5.849478] gsi_resource_get_mem_byname: name=host_rfu
[    5.849487] gsi-fw a0010000.gsi-fw: attempt to locate memory on host_rfu #0
[    5.856413] gsi-fw a0010000.gsi-fw: memory located on host_rfu #0 @0xa0010000-0xa0010fff
[    5.864545] gsi_doorbell_int:
[    5.864555] gsi_doorbell_int:
[    5.874428] --------------------------------------------------------------------------
[    5.874434] gsi_fw_set_pci_mbar_expose_reset: N=4
[    5.874445] gsi-fw a0010000.gsi-fw: gsi_fw_map_region:[region=0] bar0_DDR [expose=-1]
[    5.882254] _gsi_resource_get_reserved_mem: name=bar0_DDR num=0
[    5.882312] gsi_fw_set_mem_regions: region res 0x40000000-0x7fffffff [rc=0]
[    5.889240] gsi-fw a0010000.gsi-fw: gsi_fw_map_region[1]: paddr: 0x40000000 vaddr: 0xffffff8040000000 [res.start=0x40000000, end=0x80000000, size=0x40000000] total mapped size = 0x0000000040000000 total exposed size = 0x0000000000000000
[    5.910146] gsi-fw a0010000.gsi-fw: gsi_fw_map_region:[region=1] bar2_3_DDR [expose=2]
[    5.918030] _gsi_resource_get_reserved_mem: name=bar2_3_DDR num=1
[    5.918090] gsi_fw_set_mem_regions: region res 0x800000000-0x97fffffff [rc=0]
[    5.925168] [expose]: total expose = 0x0000000180000000 [0x0000000180000000]
[    5.925173] gsi_fw_set_pci_mbar_expose_size: mbar=2, sz=0x180000000
[    5.925183] gsi-fw a0010000.gsi-fw: gsi_fw_map_region[2]: paddr: 0x800000000 vaddr: 0xffffff80c0000000 [res.start=0x800000000, end=0x980000000, size=0x180000000] total mapped size = 0x00000001c0000000 total exposed size = 0x0000000180000000
[    5.946442] gsi-fw a0010000.gsi-fw: gsi_fw_map_region:[region=2] bar4_5_DDR [expose=3]
[    5.954328] _gsi_resource_get_reserved_mem: name=bar4_5_DDR num=2
[    5.954385] gsi_fw_set_mem_regions: region res 0x1000000000-0x10ffffffff [rc=0]
[    5.961636] [expose]: total expose = 0x0000000280000000 [0x0000000100000000]
[    5.961639] gsi_fw_set_pci_mbar_expose_size: mbar=3, sz=0x100000000
[    5.961650] gsi-fw a0010000.gsi-fw: gsi_fw_map_region[3]: paddr: 0x1000000000 vaddr: 0xffffff8280000000 [res.start=0x1000000000, end=0x1100000000, size=0x100000000] total mapped size = 0x00000002c0000000 total exposed size = 0x0000000280000000
[    5.983160] --------------------------------------------------------------------------
[    5.983163] [FPGA] revision 0x00000000
[    5.983166] [FPGA] Date 0x05152019
[    5.983168] [FPGA] Version 0x00030202
[    5.983172] WARNING: [GSI FW revision]: failed to find revision!!! ( gsi_fw_revision_get(0x00030202) => set default board version 0x00000001 )
[    5.983179] gsi_fw_config_init: fpga version: [v00.00.01-0] 00/00/0000 [ 0x00000000:0x00000001 ] Num APUs[1] APUCs[4](4) DRAM size 0x0000000180000000 MB
[    5.983181] --------------------------------------------------------------------------
[    5.983183] gsi_pl_misc_interface_init[debug]: APU Mask  [0x00018000] PL Mask  [0x00020000]
[    5.991484] gsi_pl_misc_interface_init[debug]: APU Events[0x00000000] PL Events[0x00000000]
[    5.999880] gsi_pl_misc_interface_init[debug-readback]:  APU Mask  [0x00018000] PL Mask  [0x00020000]
[    6.009036] --------------------------------------------------------------------------
[    6.009038] gsi_fw_apus_init
[    6.009039] gsi_fw_prepare_apu_kernel
[    6.009041] gsi_fw_apuc_reset_mode_all
[    6.009043] gsi_fw_apu_reset 0 GSI_APUC_MODE_RESET
[    6.009045] gsi_fw_apu_reset 1 GSI_APUC_MODE_RESET
[    6.009047] gsi_fw_apu_reset 2 GSI_APUC_MODE_RESET
[    6.009048] gsi_fw_apu_reset 3 GSI_APUC_MODE_RESET
[    6.009055] gsi-fw a0010000.gsi-fw: gsi_fw_apu_prepare_L1 fixup; load L1 line maps from storage to
[    6.017974] gsi_fw_apu_prepare 0
[    6.017980] gsi-fw a0010000.gsi-fw: gsi_fw_apu_status_clr(apu_id=0, mask=0xffffffff)
[    6.025693] gsi_fw_apuc_prepare 0, 0
[    6.025695] gsi_apuc_at_reset_table 0,0
[    6.025696] gsi_fw_apuc_prepare 0, 1
[    6.025698] gsi_apuc_at_reset_table 0,1
[    6.025700] gsi_fw_apuc_prepare 0, 2
[    6.025701] gsi_apuc_at_reset_table 0,2
[    6.025703] gsi_fw_apuc_prepare 0, 3
[    6.025705] gsi_apuc_at_reset_table 0,3
[    6.025709] gsi-fw a0010000.gsi-fw: gsi_fw_apu_status_set(apu_id=4, mask=0x00000002)
[    6.033418] registering the APUCs doorbells relevant to the boot 
[    6.033419] gsi_fw_bist
[    6.033421] gsi_fw_apus_boot
[    6.033422] gsi_fw_apu_boot 0
[    6.033424] gsi_fw_apuc_boot 0 0
[    6.033426] gsi_fw_apu_reset 0 GSI_APUC_MODE_RUN
[    6.033428] gsi_fw_apuc_boot 0 1
[    6.033429] gsi_fw_apu_reset 1 GSI_APUC_MODE_RUN
[    6.033431] gsi_fw_apuc_boot 0 2
[    6.033433] gsi_fw_apu_reset 2 GSI_APUC_MODE_RUN
[    6.033434] gsi_fw_apuc_boot 0 3
[    6.033436] gsi_fw_apu_reset 3 GSI_APUC_MODE_RUN
[    6.033437] gsi_fw_apus_wait_for_ready
[    6.033442] gsi-fw a0010000.gsi-fw: gsi_acc_interface_init
[    6.038887] gsi_doorbell_register: gsi_fw_acc_irq num=1 
[    6.038890] gsi_doorbell_register: (0) id=0  gsi_fw_acc_irq-49 
[    6.038892]  (0) gsi_doorbellregister: request_irq gsi_fw_acc_irq-49
[    6.038924] gsi-fw a0010000.gsi-fw: gsi_host_interface_init
[    6.044442] gsi_doorbell_register: gsi_fw_hst_irq num=2 
[    6.044445] gsi_doorbell_register: (0) id=1  gsi_fw_hst_irq-46 
[    6.044448]  (0) gsi_doorbellregister: request_irq gsi_fw_hst_irq-46
[    6.044471] gsi_doorbell_register: (1) id=2  gsi_fw_hst_irq-47 
[    6.044474]  (1) gsi_doorbellregister: request_irq gsi_fw_hst_irq-47
[    6.044495] gsi-fw a0010000.gsi-fw: gsi_ext_interface_init
[    6.049952] gsi_sim_chrdev_init: idx=0
[    6.049956] gsi_sim_chrdev_init: idx=1
[    6.049958] gsi_sim_chrdev_init: idx=2
[    6.049959] gsi_sim_chrdev_init: idx=3
[    6.049961] gsi_cdev_data_init: 
[    6.049963] gsi_cdev_data_init: 
[    6.049966] gsi_sim_dev_register: major=243 minor=0
[    6.050079] gsi_sim_dev_register: major=243 minor=1
[    6.050391] gsi_sim_dev_register: major=243 minor=2
[    6.050454] gsi_doorbell_register_event(ev=0) id=1 mask=0x00000001 regs[0x00000000] 
[    6.050458] gsi_doorbell_register_event(ev=1) id=1 mask=0x00000003 regs[0x00000000] 
[    6.050461] gsi_doorbell_register_event(ev=2) id=1 mask=0x00000007 regs[0x00000000] 
[    6.050464] gsi_doorbell_register_event(ev=3) id=1 mask=0x0000000f regs[0x00000000] 
[    6.050467] gsi_doorbell_register_event(ev=4) id=1 mask=0x0000001f regs[0x00000000] 
[    6.050470] gsi_doorbell_register_event(ev=15) id=1 mask=0x0000801f regs[0x00000000] 
[    6.050471] before gsi_doorbell_apuc_register_event: 
[    6.050475] gsi_doorbell_register_event(ev=0,apuc=0) id=0 mask=0x00000001 regs[0x00000000] 
[    6.050478] gsi_doorbell_register_event(ev=1,apuc=0) id=0 mask=0x00000003 regs[0x00000000] 
[    6.050482] gsi_doorbell_register_event(ev=0,apuc=1) id=0 mask=0x00000007 regs[0x00000000] 
[    6.050485] gsi_doorbell_register_event(ev=1,apuc=1) id=0 mask=0x0000000f regs[0x00000000] 
[    6.050488] gsi_doorbell_register_event(ev=0,apuc=2) id=0 mask=0x0000001f regs[0x00000000] 
[    6.050491] gsi_doorbell_register_event(ev=1,apuc=2) id=0 mask=0x0000003f regs[0x00000000] 
[    6.050495] gsi_doorbell_register_event(ev=0,apuc=3) id=0 mask=0x0000007f regs[0x00000000] 
[    6.050498] gsi_doorbell_register_event(ev=1,apuc=3) id=0 mask=0x000000ff regs[0x00000000] 
[    6.050499] before gsi_doorbell_enable_events
[    6.050506] gsi_doorbell_wq_irq: enter IRQ=46
[    6.054827] [host DB]: gsi_host_doorbell_event_cb: doorbell event[0] ( apuc=0 ev_id=0 ev_val=0x00000000)
[    6.054830] [host DB]: GSI_EV_FW_READY
[    6.054832] [host DB]: wake_up_all host2fw
[    6.115362] FAT-fs (mmcblk0p1): Volume was not properly unmounted. Some data may be corrupt. Please run fsck.
[    6.559171] gsi_sim dev_open: minor=243 dev id=0 idx=0
[    6.564266] gsi_sim_dev_mmap: 1
[    6.564271] gsi_sim_dev_mmap: vm_start=0x7f92845000 vm_end=0x7f92846000 size=0x00001000 offset=0x00000000
[    6.564284] gsi-fw a0010000.gsi-fw: attempt to locate memory on host_rfu #0
[    6.571183] gsi-fw a0010000.gsi-fw: memory located on host_rfu #0 @0xa0010000-0xa0010fff
[    6.584822] gsi_sim_dev_mmap: phy_addr=0x00000000a0010000[0x00000000a0010000]  size=0x0000000000001000 offset=0x0000000000000000
[    6.584825] gsi_sim_dev_mmap: exit(0)
[    6.584888] gsi_sim dev_open: minor=243 dev id=1 idx=1
[    6.592562] gsi_acc_dev_mmap: acc0
[    6.592567] gsi_acc_dev_mmap: vm_start=0x7f9267c000 vm_end=0x7f926a1000 size=0x00025000 offset=0x00000000
[    6.592578] gsi-fw a0010000.gsi-fw: attempt to locate memory on acc0_mailbox #3
[    6.604096] gsi-fw a0010000.gsi-fw: memory located on acc0_mailbox #3 @0xa0100000-0xa0101fff
[    6.612502] gsi-fw a0010000.gsi-fw: attempt to locate memory on acc0_rfu #1
[    6.619437] gsi-fw a0010000.gsi-fw: memory located on acc0_rfu #1 @0xa0200000-0xa0200fff
[    6.627513] gsi-fw a0010000.gsi-fw: attempt to locate memory on accb0_rfu #13
[    6.634626] gsi-fw a0010000.gsi-fw: memory located on accb0_rfu #13 @0xb0020000-0xb0020fff
[    6.642876] gsi-fw a0010000.gsi-fw: attempt to locate memory on acca0_apb #12
[    6.642882] gsi-fw a0010000.gsi-fw: memory located on acca0_apb #12 @0xb1000000-0xb101ffff
[    6.642887] gsi-fw a0010000.gsi-fw: attempt to locate memory on ubc0_rfu #14
[    6.642892] gsi-fw a0010000.gsi-fw: memory located on ubc0_rfu #14 @0xb1040000-0xb1040fff
[    6.642895] gsi_load_mem_acc_resources: res[0]: start=0xa0100000 end=0xa0101fff size=0x00002000
[    6.642897] gsi_load_mem_acc_resources: res[1]: start=0xa0200000 end=0xa0200fff size=0x00001000
[    6.642899] gsi_load_mem_acc_resources: res[2]: start=0xb0020000 end=0xb0020fff size=0x00001000
[    6.642902] gsi_load_mem_acc_resources: res[3]: start=0xb1000000 end=0xb101ffff size=0x00020000
[    6.642904] gsi_load_mem_acc_resources: res[4]: start=0xb1040000 end=0xb1040fff size=0x00001000
[    6.642905] gsi_remap_append_ranges: n_resources=5
[    6.642908] gsi_remap_append_ranges: phy_addr=0x00000000a0100000 size=0x0000000000002000 offset=0x0000000000000000 [vaddr=0x7f9267c000]
[    6.642912] gsi_remap_append_ranges: phy_addr=0x00000000a0200000 size=0x0000000000001000 offset=0x0000000000000000 [vaddr=0x7f9267e000]
[    6.642915] gsi_remap_append_ranges: phy_addr=0x00000000b0020000 size=0x0000000000001000 offset=0x0000000000000000 [vaddr=0x7f9267f000]
[    6.642917] gsi_remap_append_ranges: phy_addr=0x00000000b1000000 size=0x0000000000020000 offset=0x0000000000000000 [vaddr=0x7f92680000]
[    6.642921] gsi_remap_append_ranges: phy_addr=0x00000000b1040000 size=0x0000000000001000 offset=0x0000000000000000 [vaddr=0x7f926a0000]
[    6.642922] gsi_sim_dev_mmap: exit(0)
[    6.642946] gsi_sim dev_open: minor=243 dev id=2 idx=2
[    6.642953] gsi_sim_dev_mmap: 1
[    6.642956] gsi_sim_dev_mmap(data): vm_start=0x7f921ef000 vm_end=0x7f9267c000 size=0x0048d000 offset=0x00000000
[    6.642960] _gsi_resource_get_reserved_mem: name=bar2_3_DDR num=1
[    6.643013] gsi_sim_dev_mmap(data): phy_addr=0x0000000800000000[0x0000000800000000]  size=0x000000000048d000 offset=0x0000000000000000
[    6.643015] mmapp (data): cache mode = non-cached
[    6.643016] mmapp (data): mapped as uncached!!!
[    6.643032] gsi_sim_dev_mmap: exit(0)
[    6.725979] pps pps0: new PPS source ptp0
[    6.729976] macb ff0e0000.ethernet: gem-ptp-timer ptp clock registered.
[    6.736576] IPv6: ADDRCONF(NETDEV_UP): eth0: link is not ready
[    7.756218] macb ff0e0000.ethernet eth0: link up (100/Full)
[    7.761733] IPv6: ADDRCONF(NETDEV_CHANGE): eth0: link becomes ready
[    8.659667] gsi_sim_dev_release
[    8.659672] gsi_sim_dev_release
[    8.659675] gsi_sim_dev_release
[   68.305803] gsi_sim dev_open: minor=243 dev id=0 idx=0
[   68.311160] gsi_sim_dev_mmap: 1
[   68.311167] gsi_sim_dev_mmap: vm_start=0x7f9fc47000 vm_end=0x7f9fc48000 size=0x00001000 offset=0x00000000
[   68.311180] gsi-fw a0010000.gsi-fw: attempt to locate memory on host_rfu #0
[   68.318116] gsi-fw a0010000.gsi-fw: memory located on host_rfu #0 @0xa0010000-0xa0010fff
[   68.326152] gsi_sim_dev_mmap: phy_addr=0x00000000a0010000[0x00000000a0010000]  size=0x0000000000001000 offset=0x0000000000000000
[   68.326156] gsi_sim_dev_mmap: exit(0)
[   68.326498] gsi_sim dev_open: minor=243 dev id=1 idx=1
[   68.331779] gsi_acc_dev_mmap: acc0
[   68.331786] gsi_acc_dev_mmap: vm_start=0x7f9fa7e000 vm_end=0x7f9faa3000 size=0x00025000 offset=0x00000000
[   68.331799] gsi-fw a0010000.gsi-fw: attempt to locate memory on acc0_mailbox #3
[   68.339070] gsi-fw a0010000.gsi-fw: memory located on acc0_mailbox #3 @0xa0100000-0xa0101fff
[   68.347468] gsi-fw a0010000.gsi-fw: attempt to locate memory on acc0_rfu #1
[   68.354409] gsi-fw a0010000.gsi-fw: memory located on acc0_rfu #1 @0xa0200000-0xa0200fff
[   68.362485] gsi-fw a0010000.gsi-fw: attempt to locate memory on accb0_rfu #13
[   68.369591] gsi-fw a0010000.gsi-fw: memory located on accb0_rfu #13 @0xb0020000-0xb0020fff
[   68.377839] gsi-fw a0010000.gsi-fw: attempt to locate memory on acca0_apb #12
[   68.384953] gsi-fw a0010000.gsi-fw: memory located on acca0_apb #12 @0xb1000000-0xb101ffff
[   68.393202] gsi-fw a0010000.gsi-fw: attempt to locate memory on ubc0_rfu #14
[   68.400227] gsi-fw a0010000.gsi-fw: memory located on ubc0_rfu #14 @0xb1040000-0xb1040fff
[   68.408385] gsi_load_mem_acc_resources: res[0]: start=0xa0100000 end=0xa0101fff size=0x00002000
[   68.408388] gsi_load_mem_acc_resources: res[1]: start=0xa0200000 end=0xa0200fff size=0x00001000
[   68.408391] gsi_load_mem_acc_resources: res[2]: start=0xb0020000 end=0xb0020fff size=0x00001000
[   68.408394] gsi_load_mem_acc_resources: res[3]: start=0xb1000000 end=0xb101ffff size=0x00020000
[   68.408396] gsi_load_mem_acc_resources: res[4]: start=0xb1040000 end=0xb1040fff size=0x00001000
[   68.408398] gsi_remap_append_ranges: n_resources=5
[   68.408402] gsi_remap_append_ranges: phy_addr=0x00000000a0100000 size=0x0000000000002000 offset=0x0000000000000000 [vaddr=0x7f9fa7e000]
[   68.408406] gsi_remap_append_ranges: phy_addr=0x00000000a0200000 size=0x0000000000001000 offset=0x0000000000000000 [vaddr=0x7f9fa80000]
[   68.408409] gsi_remap_append_ranges: phy_addr=0x00000000b0020000 size=0x0000000000001000 offset=0x0000000000000000 [vaddr=0x7f9fa81000]
[   68.408413] gsi_remap_append_ranges: phy_addr=0x00000000b1000000 size=0x0000000000020000 offset=0x0000000000000000 [vaddr=0x7f9fa82000]
[   68.408416] gsi_remap_append_ranges: phy_addr=0x00000000b1040000 size=0x0000000000001000 offset=0x0000000000000000 [vaddr=0x7f9faa2000]
[   68.408418] gsi_sim_dev_mmap: exit(0)
[   68.408439] gsi_sim dev_open: minor=243 dev id=2 idx=2
[   68.413526] gsi_sim_dev_mmap: 1
[   68.413536] gsi_sim_dev_mmap(data): vm_start=0x7f9f5f1000 vm_end=0x7f9fa7e000 size=0x0048d000 offset=0x00000000
[   68.413549] _gsi_resource_get_reserved_mem: name=bar2_3_DDR num=1
[   68.413610] gsi_sim_dev_mmap(data): phy_addr=0x0000000800000000[0x0000000800000000]  size=0x000000000048d000 offset=0x0000000000000000
[   68.413612] mmapp (data): cache mode = non-cached
[   68.413614] mmapp (data): mapped as uncached!!!
[   68.413633] gsi_sim_dev_mmap: exit(0)
[   72.046538] fw[RD]: acc0: len=2 dev_id=1 sim=0xffffff8000a51ee0
[   72.046546] fw[RD] [empty]: acc0: len=2 sim_id=1 (WR)in=0 (RD)out=0 flags=0x20002
[   72.046548] simi[RD]: "gsifw-0.9.1.1" - going to sleep
[   72.064756] gsi_doorbell_wq_irq: enter IRQ=49
[   72.069056] [ACC DB]: recieved ACC event for apuc=0 ev_id=0 ev_val=0x00000011
[   72.069058] [ACC DB]: wake_up_all ACC2fw
[   72.069072] fw[RD] cpy2usr - hst2fw[0#1] ==> usr DB[num=17,val=0]
[   72.069074] fw[RD] exit [len=2]
[   72.069125] fw[RD]: acc0: len=2 dev_id=1 sim=0xffffff8000a51ee0
[   72.069129] fw[RD] [empty]: acc0: len=2 sim_id=1 (WR)in=1 (RD)out=1 flags=0x20002
[   72.069131] simi[RD]: "gsifw-0.9.1.1" - going to sleep
[   72.087274] gsi_doorbell_wq_irq: enter IRQ=49
[   72.091566] [ACC DB]: recieved ACC event for apuc=1 ev_id=0 ev_val=0x00000011
[   72.091568] [ACC DB]: wake_up_all ACC2fw
[   72.091583] fw[RD] cpy2usr - hst2fw[0#1] ==> usr DB[num=17,val=1]
[   72.091587] fw[RD] exit [len=2]
[   72.091638] fw[RD]: acc0: len=2 dev_id=1 sim=0xffffff8000a51ee0
[   72.091642] fw[RD] [empty]: acc0: len=2 sim_id=1 (WR)in=2 (RD)out=2 flags=0x20002
[   72.091643] simi[RD]: "gsifw-0.9.1.1" - going to sleep
[   72.109757] gsi_doorbell_wq_irq: enter IRQ=49
[   72.114055] [ACC DB]: recieved ACC event for apuc=2 ev_id=0 ev_val=0x00000011
[   72.114057] [ACC DB]: wake_up_all ACC2fw
[   72.114072] fw[RD] cpy2usr - hst2fw[0#1] ==> usr DB[num=17,val=2]
[   72.114075] fw[RD] exit [len=2]
[   72.114129] fw[RD]: acc0: len=2 dev_id=1 sim=0xffffff8000a51ee0
[   72.114138] fw[RD] [empty]: acc0: len=2 sim_id=1 (WR)in=3 (RD)out=3 flags=0x20002
[   72.114142] simi[RD]: "gsifw-0.9.1.1" - going to sleep
[   72.132274] gsi_doorbell_wq_irq: enter IRQ=49
[   72.136569] [ACC DB]: recieved ACC event for apuc=3 ev_id=0 ev_val=0x00000011
[   72.136572] [ACC DB]: wake_up_all ACC2fw
[   72.136586] fw[RD] cpy2usr - hst2fw[0#1] ==> usr DB[num=17,val=3]
[   72.136590] fw[RD] exit [len=2]
[   73.136852] fw[WR] [pid=7244]: hst: len=2 offset=0xffffff800c313eb8 dev_id=0
[   73.136857] fw[WR]: send msix num=5
[   73.136859] gsi_send_msix: SYS_EXCEPTION
[   73.136863] [MSI-X]: gsi_rfu_set_msix(5): the writen OR mask=0x20 [msix= 0x00000020]
[   73.136899] fw[RD]: acc0: len=2 dev_id=1 sim=0xffffff8000a51ee0
[   73.136903] fw[RD] [empty]: acc0: len=2 sim_id=1 (WR)in=4 (RD)out=4 flags=0x20002
[   73.136905] simi[RD]: "gsifw-0.9.1.1" - going to sleep
[   73.136928] fw[RD]: hst: len=2 dev_id=0 sim=0xffffff8000a51ee0
[   73.136932] fw[RD] cpy2usr - hst2fw[0#1] ==> usr DB[num=0,val=0]
[   73.136934] fw[RD] exit [len=2]
[   73.136942] fw[WR] [pid=7244]: hst: len=2 offset=0xffffff800c313eb8 dev_id=0
[   73.136944] fw[WR]: send msix num=158
[   73.136946] gsi_send_msix: unsupported msix=158, send anyway
[   73.136949] [MSI-X]: gsi_rfu_set_msix(158): the writen OR mask=0x0 [msix= 0x00000000]
[   73.137012] fw[WR] [pid=12326]: hst: len=2 offset=0xffffff800bdb3eb8 dev_id=0
[   73.137014] fw[WR]: send msix num=0
[   73.137016] gsi_send_msix: DEVICE_FW_READY
[   73.137019] [MSI-X]: gsi_rfu_set_msix(0): the writen OR mask=0x1 [msix= 0x00000001]
[   73.137024] fw[RD]: hst: len=2 dev_id=0 sim=0xffffff8000a51ee0
[   73.137027] fw[RD] [empty]: hst: len=2 sim_id=0 (WR)in=1 (RD)out=1 flags=0x20002
[   73.137029] simi[RD]: "gsifw-0.9.1.1" - going to sleep
[   73.137042] fw[WR] [pid=12325]: hst: len=2 offset=0xffffff800c793eb8 dev_id=0
[   73.137044] fw[WR]: send msix num=3
[   73.137046] gsi_send_msix: USR_TASK_CLEAR
[   73.137049] [MSI-X]: gsi_rfu_set_msix(3): the writen OR mask=0x8 [msix= 0x00000008]
[   79.168835] gsi_doorbell_wq_irq: enter IRQ=46
[   79.173129] [host DB]: gsi_host_doorbell_event_cb: doorbell event[3] ( apuc=1 ev_id=1 ev_val=0x00000000)
[   79.173131] [host DB]: wake_up_all host2fw
[   79.173146] fw[RD] cpy2usr - hst2fw[0#1] ==> usr DB[num=3,val=0]
[   79.173149] fw[RD] exit [len=2]
[   79.173185] fw[RD]: hst: len=2 dev_id=0 sim=0xffffff8000a51ee0
[   79.173189] fw[RD] [empty]: hst: len=2 sim_id=0 (WR)in=2 (RD)out=2 flags=0x20002
[   79.173191] simi[RD]: "gsifw-0.9.1.1" - going to sleep
[   79.173216] fw[WR] [pid=12325]: hst: len=2 offset=0xffffff800c793eb8 dev_id=0
[   79.173218] fw[WR]: send msix num=3
[   79.173220] gsi_send_msix: USR_TASK_CLEAR
[   79.173223] [MSI-X]: gsi_rfu_set_msix(3): the writen OR mask=0x8 [msix= 0x00000008]
[   79.173280] fw[WR] [pid=12325]: hst: len=2 offset=0xffffff800c793eb8 dev_id=0
[   79.173287] fw[WR]: send msix num=3
[   79.173292] gsi_send_msix: USR_TASK_CLEAR
[   79.173297] [MSI-X]: gsi_rfu_set_msix(3): the writen OR mask=0x8 [msix= 0x00000008]
[   79.173313] fw[WR] [pid=12325]: hst: len=2 offset=0xffffff800c793eb8 dev_id=0
[   79.173315] fw[WR]: send msix num=3
[   79.173316] gsi_send_msix: USR_TASK_CLEAR
[   79.173319] [MSI-X]: gsi_rfu_set_msix(3): the writen OR mask=0x8 [msix= 0x00000008]
[   79.173336] fw[WR] [pid=12325]: hst: len=2 offset=0xffffff800c793eb8 dev_id=0
[   79.173337] fw[WR]: send msix num=3
[   79.173338] gsi_send_msix: USR_TASK_CLEAR
[   79.173341] [MSI-X]: gsi_rfu_set_msix(3): the writen OR mask=0x8 [msix= 0x00000008]
[   79.173357] fw[WR] [pid=12325]: hst: len=2 offset=0xffffff800c793eb8 dev_id=0
[   79.173359] fw[WR]: send msix num=3
[   79.173360] gsi_send_msix: USR_TASK_CLEAR
[   79.173363] [MSI-X]: gsi_rfu_set_msix(3): the writen OR mask=0x8 [msix= 0x00000008]
[   79.173370] fw[WR] [pid=12325]: hst: len=2 offset=0xffffff800c793eb8 dev_id=0
[   79.173371] fw[WR]: send msix num=3
[   79.173372] gsi_send_msix: USR_TASK_CLEAR
[   79.173375] [MSI-X]: gsi_rfu_set_msix(3): the writen OR mask=0x8 [msix= 0x00000008]
[   79.179475] gsi_doorbell_wq_irq: enter IRQ=49
[   79.183767] [ACC DB]: recieved ACC event for apuc=0 ev_id=0 ev_val=0x00000010
[   79.183770] [ACC DB]: wake_up_all ACC2fw
[   79.183775] [ACC DB]: recieved ACC event for apuc=1 ev_id=0 ev_val=0x00000010
[   79.183776] [ACC DB]: wake_up_all ACC2fw
[   79.183779] [ACC DB]: recieved ACC event for apuc=2 ev_id=0 ev_val=0x00000010
[   79.183783] fw[RD] cpy2usr - hst2fw[0#1] ==> usr DB[num=16,val=0]
[   79.183784] [ACC DB]: wake_up_all ACC2fw
[   79.183786] [ACC DB]: recieved ACC event for apuc=3 ev_id=0 ev_val=0x00000010
[   79.183788] fw[RD] exit [len=2]
[   79.183790] [ACC DB]: wake_up_all ACC2fw
[   79.183845] fw[RD]: acc0: len=2 dev_id=1 sim=0xffffff8000a51ee0
[   79.183848] fw[RD] cpy2usr - hst2fw[0#1] ==> usr DB[num=16,val=1]
[   79.183850] fw[RD] exit [len=2]
[   79.183858] fw[RD]: acc0: len=2 dev_id=1 sim=0xffffff8000a51ee0
[   79.183861] fw[RD] cpy2usr - hst2fw[0#1] ==> usr DB[num=16,val=2]
[   79.183862] fw[RD] exit [len=2]
[   79.183870] fw[RD]: acc0: len=2 dev_id=1 sim=0xffffff8000a51ee0
[   79.183872] fw[RD] cpy2usr - hst2fw[0#1] ==> usr DB[num=16,val=3]
[   79.183876] fw[RD] exit [len=2]
[   79.183901] fw[WR] [pid=12324]: hst: len=2 offset=0xffffff800c77beb8 dev_id=0
[   79.183904] fw[WR]: send msix num=4
[   79.183906] gsi_send_msix: USR_TASK_COMP_READY
[   79.183910] [MSI-X]: gsi_rfu_set_msix(4): the writen OR mask=0x10 [msix= 0x00000010]
[   79.183916] fw[RD]: acc0: len=2 dev_id=1 sim=0xffffff8000a51ee0
[   79.183919] fw[RD] [empty]: acc0: len=2 sim_id=1 (WR)in=8 (RD)out=8 flags=0x20002
[   79.183921] simi[RD]: "gsifw-0.9.1.1" - going to sleep
[   79.183936] fw[WR] [pid=12325]: hst: len=2 offset=0xffffff800c793eb8 dev_id=0
[   79.183937] fw[WR]: send msix num=3
[   79.183939] gsi_send_msix: USR_TASK_CLEAR
[   79.183941] [MSI-X]: gsi_rfu_set_msix(3): the writen OR mask=0x8 [msix= 0x00000008]
[   79.184196] gsi_doorbell_wq_irq: enter IRQ=46
[   79.188480] [host DB]: gsi_host_doorbell_event_cb: doorbell event[3] ( apuc=1 ev_id=1 ev_val=0x00000000)
[   79.188482] [host DB]: wake_up_all host2fw
[   79.188493] fw[RD] cpy2usr - hst2fw[0#1] ==> usr DB[num=3,val=0]
[   79.188495] fw[RD] exit [len=2]
[   79.188508] fw[RD]: hst: len=2 dev_id=0 sim=0xffffff8000a51ee0
[   79.188511] fw[RD] [empty]: hst: len=2 sim_id=0 (WR)in=3 (RD)out=3 flags=0x20002
[   79.188513] simi[RD]: "gsifw-0.9.1.1" - going to sleep
[   79.188526] fw[WR] [pid=12325]: hst: len=2 offset=0xffffff800c793eb8 dev_id=0
[   79.188534] fw[WR]: send msix num=3
[   79.188541] gsi_send_msix: USR_TASK_CLEAR
[   79.188549] [MSI-X]: gsi_rfu_set_msix(3): the writen OR mask=0x8 [msix= 0x00000008]
[   79.188569] fw[WR] [pid=12325]: hst: len=2 offset=0xffffff800c793eb8 dev_id=0
[   79.188571] fw[WR]: send msix num=3
[   79.188572] gsi_send_msix: USR_TASK_CLEAR
[   79.188575] [MSI-X]: gsi_rfu_set_msix(3): the writen OR mask=0x8 [msix= 0x00000008]
[   79.188588] fw[WR] [pid=12325]: hst: len=2 offset=0xffffff800c793eb8 dev_id=0
[   79.188589] fw[WR]: send msix num=3
[   79.188591] gsi_send_msix: USR_TASK_CLEAR
[   79.188594] [MSI-X]: gsi_rfu_set_msix(3): the writen OR mask=0x8 [msix= 0x00000008]
[   79.188605] fw[WR] [pid=12325]: hst: len=2 offset=0xffffff800c793eb8 dev_id=0
[   79.188606] fw[WR]: send msix num=3
[   79.188608] gsi_send_msix: USR_TASK_CLEAR
[   79.188610] [MSI-X]: gsi_rfu_set_msix(3): the writen OR mask=0x8 [msix= 0x00000008]
[   79.188621] fw[WR] [pid=12325]: hst: len=2 offset=0xffffff800c793eb8 dev_id=0
[   79.188623] fw[WR]: send msix num=3
[   79.188624] gsi_send_msix: USR_TASK_CLEAR
[   79.188627] [MSI-X]: gsi_rfu_set_msix(3): the writen OR mask=0x8 [msix= 0x00000008]
[   79.188633] fw[WR] [pid=12325]: hst: len=2 offset=0xffffff800c793eb8 dev_id=0
[   79.188635] fw[WR]: send msix num=3
[   79.188636] gsi_send_msix: USR_TASK_CLEAR
[   79.188639] [MSI-X]: gsi_rfu_set_msix(3): the writen OR mask=0x8 [msix= 0x00000008]
[   79.193341] gsi_doorbell_wq_irq: enter IRQ=49
[   79.197618] [ACC DB]: recieved ACC event for apuc=0 ev_id=0 ev_val=0x00000010
[   79.197620] [ACC DB]: wake_up_all ACC2fw
[   79.197624] [ACC DB]: recieved ACC event for apuc=1 ev_id=0 ev_val=0x00000010
[   79.197625] [ACC DB]: wake_up_all ACC2fw
[   79.197629] fw[RD] cpy2usr - hst2fw[0#1] ==> usr DB[num=16,val=0]
[   79.197630] [ACC DB]: recieved ACC event for apuc=2 ev_id=0 ev_val=0x00000010
[   79.197631] [ACC DB]: wake_up_all ACC2fw
[   79.197632] fw[RD] exit [len=2]
[   79.197635] [ACC DB]: recieved ACC event for apuc=3 ev_id=0 ev_val=0x00000010
[   79.197637] [ACC DB]: wake_up_all ACC2fw
[   79.197647] fw[RD]: acc0: len=2 dev_id=1 sim=0xffffff8000a51ee0
[   79.197656] fw[RD] cpy2usr - hst2fw[0#1] ==> usr DB[num=16,val=1]
[   79.197663] fw[RD] exit [len=2]
[   79.197674] fw[RD]: acc0: len=2 dev_id=1 sim=0xffffff8000a51ee0
[   79.197677] fw[RD] cpy2usr - hst2fw[0#1] ==> usr DB[num=16,val=2]
[   79.197679] fw[RD] exit [len=2]
[   79.197685] fw[RD]: acc0: len=2 dev_id=1 sim=0xffffff8000a51ee0
[   79.197690] fw[RD] cpy2usr - hst2fw[0#1] ==> usr DB[num=16,val=3]
[   79.197692] fw[RD] exit [len=2]
[   79.197701] fw[WR] [pid=12324]: hst: len=2 offset=0xffffff800c77beb8 dev_id=0
[   79.197703] fw[WR]: send msix num=4
[   79.197704] gsi_send_msix: USR_TASK_COMP_READY
[   79.197707] [MSI-X]: gsi_rfu_set_msix(4): the writen OR mask=0x10 [msix= 0x00000010]
[   79.197712] fw[RD]: acc0: len=2 dev_id=1 sim=0xffffff8000a51ee0
[   79.197715] fw[RD] [empty]: acc0: len=2 sim_id=1 (WR)in=12 (RD)out=12 flags=0x20002
[   79.197717] simi[RD]: "gsifw-0.9.1.1" - going to sleep
[   79.197725] fw[WR] [pid=12325]: hst: len=2 offset=0xffffff800c793eb8 dev_id=0
[   79.197727] fw[WR]: send msix num=3
[   79.197728] gsi_send_msix: USR_TASK_CLEAR
[   79.197731] [MSI-X]: gsi_rfu_set_msix(3): the writen OR mask=0x8 [msix= 0x00000008]
[   79.197769] gsi_doorbell_wq_irq: enter IRQ=46
[   79.202055] [host DB]: gsi_host_doorbell_event_cb: doorbell event[3] ( apuc=1 ev_id=1 ev_val=0x00000000)
[   79.202058] [host DB]: wake_up_all host2fw
[   79.202075] fw[RD] cpy2usr - hst2fw[0#1] ==> usr DB[num=3,val=0]
[   79.202079] fw[RD] exit [len=2]
[   79.202103] fw[RD]: hst: len=2 dev_id=0 sim=0xffffff8000a51ee0
[   79.202112] fw[RD] [empty]: hst: len=2 sim_id=0 (WR)in=4 (RD)out=4 flags=0x20002
[   79.202120] simi[RD]: "gsifw-0.9.1.1" - going to sleep
[   79.202193] fw[WR] [pid=12325]: hst: len=2 offset=0xffffff800c793eb8 dev_id=0
[   79.202195] fw[WR]: send msix num=3
[   79.202196] gsi_send_msix: USR_TASK_CLEAR
[   79.202200] [MSI-X]: gsi_rfu_set_msix(3): the writen OR mask=0x8 [msix= 0x00000008]
[   79.202218] fw[WR] [pid=12325]: hst: len=2 offset=0xffffff800c793eb8 dev_id=0
[   79.202219] fw[WR]: send msix num=3
[   79.202221] gsi_send_msix: USR_TASK_CLEAR
[   79.202224] [MSI-X]: gsi_rfu_set_msix(3): the writen OR mask=0x8 [msix= 0x00000008]
[   79.202230] fw[WR] [pid=12325]: hst: len=2 offset=0xffffff800c793eb8 dev_id=0
[   79.202232] fw[WR]: send msix num=3
[   79.202233] gsi_send_msix: USR_TASK_CLEAR
[   79.202236] [MSI-X]: gsi_rfu_set_msix(3): the writen OR mask=0x8 [msix= 0x00000008]
[   79.204041] gsi_doorbell_wq_irq: enter IRQ=49
[   79.208327] [ACC DB]: recieved ACC event for apuc=0 ev_id=0 ev_val=0x00000010
[   79.208329] [ACC DB]: wake_up_all ACC2fw
[   79.208343] fw[RD] cpy2usr - hst2fw[0#1] ==> usr DB[num=16,val=0]
[   79.208346] fw[RD] exit [len=2]
[   79.208381] fw[WR] [pid=12324]: hst: len=2 offset=0xffffff800c77beb8 dev_id=0
[   79.208383] fw[WR]: send msix num=4
[   79.208385] gsi_send_msix: USR_TASK_COMP_READY
[   79.208389] [MSI-X]: gsi_rfu_set_msix(4): the writen OR mask=0x10 [msix= 0x00000010]
[   79.208397] fw[RD]: acc0: len=2 dev_id=1 sim=0xffffff8000a51ee0
[   79.208400] fw[RD] [empty]: acc0: len=2 sim_id=1 (WR)in=13 (RD)out=13 flags=0x20002
[   79.208402] simi[RD]: "gsifw-0.9.1.1" - going to sleep
[   79.208429] fw[WR] [pid=12325]: hst: len=2 offset=0xffffff800c793eb8 dev_id=0
[   79.208435] fw[WR]: send msix num=3
[   79.208443] gsi_send_msix: USR_TASK_CLEAR
[   79.208450] [MSI-X]: gsi_rfu_set_msix(3): the writen OR mask=0x8 [msix= 0x00000008]
[   79.208498] gsi_doorbell_wq_irq: enter IRQ=46
[   79.212774] [host DB]: gsi_host_doorbell_event_cb: doorbell event[3] ( apuc=1 ev_id=1 ev_val=0x000000ff)
[   79.212775] [host DB]: wake_up_all host2fw
[   79.212788] fw[RD] cpy2usr - hst2fw[0#1] ==> usr DB[num=3,val=255]
[   79.212791] fw[RD] exit [len=2]
[   79.212803] fw[RD]: hst: len=2 dev_id=0 sim=0xffffff8000a51ee0
[   79.212806] fw[RD] [empty]: hst: len=2 sim_id=0 (WR)in=5 (RD)out=5 flags=0x20002
[   79.212808] simi[RD]: "gsifw-0.9.1.1" - going to sleep
[   79.212816] fw[WR] [pid=12325]: hst: len=2 offset=0xffffff800c793eb8 dev_id=0
[   79.212818] fw[WR]: send msix num=3
[   79.212819] gsi_send_msix: USR_TASK_CLEAR
[   79.212823] [MSI-X]: gsi_rfu_set_msix(3): the writen OR mask=0x8 [msix= 0x00000008]
[   88.974215] gsi_doorbell_wq_irq: enter IRQ=46
[   88.978517] [host DB]: gsi_host_doorbell_event_cb: doorbell event[3] ( apuc=1 ev_id=1 ev_val=0x00000000)
[   88.978520] [host DB]: wake_up_all host2fw
[   88.978534] fw[RD] cpy2usr - hst2fw[0#1] ==> usr DB[num=3,val=0]
[   88.978537] fw[RD] exit [len=2]
[   88.978565] fw[RD]: hst: len=2 dev_id=0 sim=0xffffff8000a51ee0
[   88.978569] fw[RD] [empty]: hst: len=2 sim_id=0 (WR)in=6 (RD)out=6 flags=0x20002
[   88.978571] simi[RD]: "gsifw-0.9.1.1" - going to sleep
[   88.978592] fw[WR] [pid=12325]: hst: len=2 offset=0xffffff800c793eb8 dev_id=0
[   88.978594] fw[WR]: send msix num=3
[   88.978596] gsi_send_msix: USR_TASK_CLEAR
[   88.978599] [MSI-X]: gsi_rfu_set_msix(3): the writen OR mask=0x8 [msix= 0x00000008]
[   88.978633] fw[WR] [pid=12325]: hst: len=2 offset=0xffffff800c793eb8 dev_id=0
[   88.978634] fw[WR]: send msix num=3
[   88.978636] gsi_send_msix: USR_TASK_CLEAR
[   88.978639] [MSI-X]: gsi_rfu_set_msix(3): the writen OR mask=0x8 [msix= 0x00000008]
[   88.978661] fw[WR] [pid=12325]: hst: len=2 offset=0xffffff800c793eb8 dev_id=0
[   88.978668] fw[WR]: send msix num=3
[   88.978675] gsi_send_msix: USR_TASK_CLEAR
[   88.978683] [MSI-X]: gsi_rfu_set_msix(3): the writen OR mask=0x8 [msix= 0x00000008]
[   88.978708] fw[WR] [pid=12325]: hst: len=2 offset=0xffffff800c793eb8 dev_id=0
[   88.978709] fw[WR]: send msix num=3
[   88.978710] gsi_send_msix: USR_TASK_CLEAR
[   88.978713] [MSI-X]: gsi_rfu_set_msix(3): the writen OR mask=0x8 [msix= 0x00000008]
[   88.978735] fw[WR] [pid=12325]: hst: len=2 offset=0xffffff800c793eb8 dev_id=0
[   88.978736] fw[WR]: send msix num=3
[   88.978737] gsi_send_msix: USR_TASK_CLEAR
[   88.978740] [MSI-X]: gsi_rfu_set_msix(3): the writen OR mask=0x8 [msix= 0x00000008]
[   88.978747] fw[WR] [pid=12325]: hst: len=2 offset=0xffffff800c793eb8 dev_id=0
[   88.978748] fw[WR]: send msix num=3
[   88.978749] gsi_send_msix: USR_TASK_CLEAR
[   88.978752] [MSI-X]: gsi_rfu_set_msix(3): the writen OR mask=0x8 [msix= 0x00000008]
[   88.983609] gsi_doorbell_wq_irq: enter IRQ=49
[   88.987901] [ACC DB]: recieved ACC event for apuc=0 ev_id=0 ev_val=0x00000010
[   88.987904] [ACC DB]: wake_up_all ACC2fw
[   88.987909] [ACC DB]: recieved ACC event for apuc=1 ev_id=0 ev_val=0x00000010
[   88.987910] [ACC DB]: wake_up_all ACC2fw
[   88.987913] [ACC DB]: recieved ACC event for apuc=2 ev_id=0 ev_val=0x00000010
[   88.987917] fw[RD] cpy2usr - hst2fw[0#1] ==> usr DB[num=16,val=0]
[   88.987917] [ACC DB]: wake_up_all ACC2fw
[   88.987920] fw[RD] exit [len=2]
[   88.987957] fw[RD]: acc0: len=2 dev_id=1 sim=0xffffff8000a51ee0
[   88.987960] fw[RD] cpy2usr - hst2fw[0#1] ==> usr DB[num=16,val=1]
[   88.987962] fw[RD] exit [len=2]
[   88.987971] fw[RD]: acc0: len=2 dev_id=1 sim=0xffffff8000a51ee0
[   88.987973] fw[RD] cpy2usr - hst2fw[0#1] ==> usr DB[num=16,val=2]
[   88.987975] fw[RD] exit [len=2]
[   88.987982] fw[RD]: acc0: len=2 dev_id=1 sim=0xffffff8000a51ee0
[   88.987986] fw[RD] [empty]: acc0: len=2 sim_id=1 (WR)in=16 (RD)out=16 flags=0x20002
[   88.987987] simi[RD]: "gsifw-0.9.1.1" - going to sleep
[   88.988006] fw[WR] [pid=12325]: hst: len=2 offset=0xffffff800c793eb8 dev_id=0
[   88.988008] fw[WR]: send msix num=3
[   88.988010] gsi_send_msix: USR_TASK_CLEAR
[   88.988014] [MSI-X]: gsi_rfu_set_msix(3): the writen OR mask=0x8 [msix= 0x00000008]
[   90.766714] gsi_doorbell_wq_irq: enter IRQ=49
[   90.771016] [ACC DB]: recieved ACC event for apuc=3 ev_id=0 ev_val=0x00000010
[   90.771019] [ACC DB]: wake_up_all ACC2fw
[   90.771033] fw[RD] cpy2usr - hst2fw[0#1] ==> usr DB[num=16,val=3]
[   90.771036] fw[RD] exit [len=2]
[   90.771079] fw[WR] [pid=12324]: hst: len=2 offset=0xffffff800c77beb8 dev_id=0
[   90.771082] fw[WR]: send msix num=4
[   90.771084] gsi_send_msix: USR_TASK_COMP_READY
[   90.771088] [MSI-X]: gsi_rfu_set_msix(4): the writen OR mask=0x10 [msix= 0x00000010]
[   90.771097] fw[RD]: acc0: len=2 dev_id=1 sim=0xffffff8000a51ee0
[   90.771100] fw[RD] [empty]: acc0: len=2 sim_id=1 (WR)in=17 (RD)out=17 flags=0x20002
[   90.771102] simi[RD]: "gsifw-0.9.1.1" - going to sleep
[   90.771132] fw[WR] [pid=12325]: hst: len=2 offset=0xffffff800c793eb8 dev_id=0
[   90.771133] fw[WR]: send msix num=3
[   90.771135] gsi_send_msix: USR_TASK_CLEAR
[   90.771138] [MSI-X]: gsi_rfu_set_msix(3): the writen OR mask=0x8 [msix= 0x00000008]
[   90.771229] gsi_doorbell_wq_irq: enter IRQ=46
[   90.775515] [host DB]: gsi_host_doorbell_event_cb: doorbell event[3] ( apuc=1 ev_id=1 ev_val=0x000000ff)
[   90.775519] [host DB]: wake_up_all host2fw
[   90.775569] fw[RD] cpy2usr - hst2fw[0#1] ==> usr DB[num=3,val=255]
[   90.775573] fw[RD] exit [len=2]
[   90.775601] fw[RD]: hst: len=2 dev_id=0 sim=0xffffff8000a51ee0
[   90.775605] fw[RD] [empty]: hst: len=2 sim_id=0 (WR)in=7 (RD)out=7 flags=0x20002
[   90.775607] simi[RD]: "gsifw-0.9.1.1" - going to sleep
[   90.775802] fw[WR] [pid=12325]: hst: len=2 offset=0xffffff800c793eb8 dev_id=0
[   90.775804] fw[WR]: send msix num=3
[   90.775806] gsi_send_msix: USR_TASK_CLEAR
[   90.775810] [MSI-X]: gsi_rfu_set_msix(3): the writen OR mask=0x8 [msix= 0x00000008]
[   91.050002] gsi_doorbell_wq_irq: enter IRQ=46
[   91.054292] [host DB]: gsi_host_doorbell_event_cb: doorbell event[3] ( apuc=1 ev_id=1 ev_val=0x00000000)
[   91.054295] [host DB]: wake_up_all host2fw
[   91.054308] fw[RD] cpy2usr - hst2fw[0#1] ==> usr DB[num=3,val=0]
[   91.054311] fw[RD] exit [len=2]
[   91.054340] fw[RD]: hst: len=2 dev_id=0 sim=0xffffff8000a51ee0
[   91.054349] fw[RD] [empty]: hst: len=2 sim_id=0 (WR)in=8 (RD)out=8 flags=0x20002
[   91.054353] simi[RD]: "gsifw-0.9.1.1" - going to sleep
[   91.054375] fw[WR] [pid=12325]: hst: len=2 offset=0xffffff800c793eb8 dev_id=0
[   91.054377] fw[WR]: send msix num=3
[   91.054379] gsi_send_msix: USR_TASK_CLEAR
[   91.054382] [MSI-X]: gsi_rfu_set_msix(3): the writen OR mask=0x8 [msix= 0x00000008]
[   91.054413] fw[WR] [pid=12325]: hst: len=2 offset=0xffffff800c793eb8 dev_id=0
[   91.054415] fw[WR]: send msix num=3
[   91.054419] gsi_send_msix: USR_TASK_CLEAR
[   91.054422] [MSI-X]: gsi_rfu_set_msix(3): the writen OR mask=0x8 [msix= 0x00000008]
[   91.054444] fw[WR] [pid=12325]: hst: len=2 offset=0xffffff800c793eb8 dev_id=0
[   91.054445] fw[WR]: send msix num=3
[   91.054447] gsi_send_msix: USR_TASK_CLEAR
[   91.054449] [MSI-X]: gsi_rfu_set_msix(3): the writen OR mask=0x8 [msix= 0x00000008]
[   91.054471] fw[WR] [pid=12325]: hst: len=2 offset=0xffffff800c793eb8 dev_id=0
[   91.054473] fw[WR]: send msix num=3
[   91.054474] gsi_send_msix: USR_TASK_CLEAR
[   91.054477] [MSI-X]: gsi_rfu_set_msix(3): the writen OR mask=0x8 [msix= 0x00000008]
[   91.054500] fw[WR] [pid=12325]: hst: len=2 offset=0xffffff800c793eb8 dev_id=0
[   91.054505] fw[WR]: send msix num=3
[   91.054512] gsi_send_msix: USR_TASK_CLEAR
[   91.054520] [MSI-X]: gsi_rfu_set_msix(3): the writen OR mask=0x8 [msix= 0x00000008]
[   91.054531] fw[WR] [pid=12325]: hst: len=2 offset=0xffffff800c793eb8 dev_id=0
[   91.054534] fw[WR]: send msix num=3
[   91.054535] gsi_send_msix: USR_TASK_CLEAR
[   91.054538] [MSI-X]: gsi_rfu_set_msix(3): the writen OR mask=0x8 [msix= 0x00000008]
[   91.059393] gsi_doorbell_wq_irq: enter IRQ=49
[   91.063682] [ACC DB]: recieved ACC event for apuc=0 ev_id=0 ev_val=0x00000010
[   91.063685] [ACC DB]: wake_up_all ACC2fw
[   91.063690] [ACC DB]: recieved ACC event for apuc=1 ev_id=0 ev_val=0x00000010
[   91.063691] [ACC DB]: wake_up_all ACC2fw
[   91.063694] [ACC DB]: recieved ACC event for apuc=2 ev_id=0 ev_val=0x00000010
[   91.063695] [ACC DB]: wake_up_all ACC2fw
[   91.063698] fw[RD] cpy2usr - hst2fw[0#1] ==> usr DB[num=16,val=0]
[   91.063701] fw[RD] exit [len=2]
[   91.063739] fw[RD]: acc0: len=2 dev_id=1 sim=0xffffff8000a51ee0
[   91.063742] fw[RD] cpy2usr - hst2fw[0#1] ==> usr DB[num=16,val=1]
[   91.063743] fw[RD] exit [len=2]
[   91.063752] fw[RD]: acc0: len=2 dev_id=1 sim=0xffffff8000a51ee0
[   91.063755] fw[RD] cpy2usr - hst2fw[0#1] ==> usr DB[num=16,val=2]
[   91.063756] fw[RD] exit [len=2]
[   91.063764] fw[RD]: acc0: len=2 dev_id=1 sim=0xffffff8000a51ee0
[   91.063767] fw[RD] [empty]: acc0: len=2 sim_id=1 (WR)in=20 (RD)out=20 flags=0x20002
[   91.063769] simi[RD]: "gsifw-0.9.1.1" - going to sleep
[   91.063786] fw[WR] [pid=12325]: hst: len=2 offset=0xffffff800c793eb8 dev_id=0
[   91.063791] fw[WR]: send msix num=3
[   91.063793] gsi_send_msix: USR_TASK_CLEAR
[   91.063797] [MSI-X]: gsi_rfu_set_msix(3): the writen OR mask=0x8 [msix= 0x00000008]
[   92.839456] gsi_doorbell_wq_irq: enter IRQ=49
[   92.843756] [ACC DB]: recieved ACC event for apuc=3 ev_id=0 ev_val=0x00000010
[   92.843758] [ACC DB]: wake_up_all ACC2fw
[   92.843772] fw[RD] cpy2usr - hst2fw[0#1] ==> usr DB[num=16,val=3]
[   92.843775] fw[RD] exit [len=2]
[   92.843816] fw[WR] [pid=12324]: hst: len=2 offset=0xffffff800c77beb8 dev_id=0
[   92.843818] fw[WR]: send msix num=4
[   92.843821] gsi_send_msix: USR_TASK_COMP_READY
[   92.843825] [MSI-X]: gsi_rfu_set_msix(4): the writen OR mask=0x10 [msix= 0x00000010]
[   92.843833] fw[RD]: acc0: len=2 dev_id=1 sim=0xffffff8000a51ee0
[   92.843836] fw[RD] [empty]: acc0: len=2 sim_id=1 (WR)in=21 (RD)out=21 flags=0x20002
[   92.843838] simi[RD]: "gsifw-0.9.1.1" - going to sleep
[   92.843853] fw[WR] [pid=12325]: hst: len=2 offset=0xffffff800c793eb8 dev_id=0
[   92.843855] fw[WR]: send msix num=3
[   92.843856] gsi_send_msix: USR_TASK_CLEAR
[   92.843859] [MSI-X]: gsi_rfu_set_msix(3): the writen OR mask=0x8 [msix= 0x00000008]
[   92.844002] gsi_doorbell_wq_irq: enter IRQ=46
[   92.848283] [host DB]: gsi_host_doorbell_event_cb: doorbell event[3] ( apuc=1 ev_id=1 ev_val=0x000000ff)
[   92.848285] [host DB]: wake_up_all host2fw
[   92.848298] fw[RD] cpy2usr - hst2fw[0#1] ==> usr DB[num=3,val=255]
[   92.848303] fw[RD] exit [len=2]
[   92.848316] fw[RD]: hst: len=2 dev_id=0 sim=0xffffff8000a51ee0
[   92.848319] fw[RD] [empty]: hst: len=2 sim_id=0 (WR)in=9 (RD)out=9 flags=0x20002
[   92.848321] simi[RD]: "gsifw-0.9.1.1" - going to sleep
[   92.848332] fw[WR] [pid=12325]: hst: len=2 offset=0xffffff800c793eb8 dev_id=0
[   92.848339] fw[WR]: send msix num=3
[   92.848346] gsi_send_msix: USR_TASK_CLEAR
[   92.848353] [MSI-X]: gsi_rfu_set_msix(3): the writen OR mask=0x8 [msix= 0x00000008]
[   93.124961] gsi_doorbell_wq_irq: enter IRQ=46
[   93.129254] [host DB]: gsi_host_doorbell_event_cb: doorbell event[3] ( apuc=1 ev_id=1 ev_val=0x00000000)
[   93.129256] [host DB]: wake_up_all host2fw
[   93.129271] fw[RD] cpy2usr - hst2fw[0#1] ==> usr DB[num=3,val=0]
[   93.129274] fw[RD] exit [len=2]
[   93.129302] fw[RD]: hst: len=2 dev_id=0 sim=0xffffff8000a51ee0
[   93.129306] fw[RD] [empty]: hst: len=2 sim_id=0 (WR)in=10 (RD)out=10 flags=0x20002
[   93.129308] simi[RD]: "gsifw-0.9.1.1" - going to sleep
[   93.129328] fw[WR] [pid=12325]: hst: len=2 offset=0xffffff800c793eb8 dev_id=0
[   93.129330] fw[WR]: send msix num=3
[   93.129338] gsi_send_msix: USR_TASK_CLEAR
[   93.129342] [MSI-X]: gsi_rfu_set_msix(3): the writen OR mask=0x8 [msix= 0x00000008]
[   93.129376] fw[WR] [pid=12325]: hst: len=2 offset=0xffffff800c793eb8 dev_id=0
[   93.129378] fw[WR]: send msix num=3
[   93.129379] gsi_send_msix: USR_TASK_CLEAR
[   93.129382] [MSI-X]: gsi_rfu_set_msix(3): the writen OR mask=0x8 [msix= 0x00000008]
[   93.129403] fw[WR] [pid=12325]: hst: len=2 offset=0xffffff800c793eb8 dev_id=0
[   93.129410] fw[WR]: send msix num=3
[   93.129417] gsi_send_msix: USR_TASK_CLEAR
[   93.129424] [MSI-X]: gsi_rfu_set_msix(3): the writen OR mask=0x8 [msix= 0x00000008]
[   93.129444] fw[WR] [pid=12325]: hst: len=2 offset=0xffffff800c793eb8 dev_id=0
[   93.129445] fw[WR]: send msix num=3
[   93.129447] gsi_send_msix: USR_TASK_CLEAR
[   93.129450] [MSI-X]: gsi_rfu_set_msix(3): the writen OR mask=0x8 [msix= 0x00000008]
[   93.129470] fw[WR] [pid=12325]: hst: len=2 offset=0xffffff800c793eb8 dev_id=0
[   93.129471] fw[WR]: send msix num=3
[   93.129473] gsi_send_msix: USR_TASK_CLEAR
[   93.129476] [MSI-X]: gsi_rfu_set_msix(3): the writen OR mask=0x8 [msix= 0x00000008]
[   93.129483] fw[WR] [pid=12325]: hst: len=2 offset=0xffffff800c793eb8 dev_id=0
[   93.129484] fw[WR]: send msix num=3
[   93.129485] gsi_send_msix: USR_TASK_CLEAR
[   93.129488] [MSI-X]: gsi_rfu_set_msix(3): the writen OR mask=0x8 [msix= 0x00000008]
[   93.134354] gsi_doorbell_wq_irq: enter IRQ=49
[   93.138646] [ACC DB]: recieved ACC event for apuc=0 ev_id=0 ev_val=0x00000010
[   93.138648] [ACC DB]: wake_up_all ACC2fw
[   93.138654] [ACC DB]: recieved ACC event for apuc=1 ev_id=0 ev_val=0x00000010
[   93.138655] [ACC DB]: wake_up_all ACC2fw
[   93.138658] [ACC DB]: recieved ACC event for apuc=2 ev_id=0 ev_val=0x00000010
[   93.138662] fw[RD] cpy2usr - hst2fw[0#1] ==> usr DB[num=16,val=0]
[   93.138663] [ACC DB]: wake_up_all ACC2fw
[   93.138665] fw[RD] exit [len=2]
[   93.138703] fw[RD]: acc0: len=2 dev_id=1 sim=0xffffff8000a51ee0
[   93.138705] fw[RD] cpy2usr - hst2fw[0#1] ==> usr DB[num=16,val=1]
[   93.138707] fw[RD] exit [len=2]
[   93.138715] fw[RD]: acc0: len=2 dev_id=1 sim=0xffffff8000a51ee0
[   93.138718] fw[RD] cpy2usr - hst2fw[0#1] ==> usr DB[num=16,val=2]
[   93.138720] fw[RD] exit [len=2]
[   93.138727] fw[RD]: acc0: len=2 dev_id=1 sim=0xffffff8000a51ee0
[   93.138731] fw[RD] [empty]: acc0: len=2 sim_id=1 (WR)in=24 (RD)out=24 flags=0x20002
[   93.138733] simi[RD]: "gsifw-0.9.1.1" - going to sleep
[   93.138752] fw[WR] [pid=12325]: hst: len=2 offset=0xffffff800c793eb8 dev_id=0
[   93.138754] fw[WR]: send msix num=3
[   93.138756] gsi_send_msix: USR_TASK_CLEAR
[   93.138760] [MSI-X]: gsi_rfu_set_msix(3): the writen OR mask=0x8 [msix= 0x00000008]
[   94.916938] gsi_doorbell_wq_irq: enter IRQ=49
[   94.921236] [ACC DB]: recieved ACC event for apuc=3 ev_id=0 ev_val=0x00000010
[   94.921239] [ACC DB]: wake_up_all ACC2fw
[   94.921254] fw[RD] cpy2usr - hst2fw[0#1] ==> usr DB[num=16,val=3]
[   94.921257] fw[RD] exit [len=2]
[   94.921300] fw[WR] [pid=12324]: hst: len=2 offset=0xffffff800c77beb8 dev_id=0
[   94.921306] fw[WR]: send msix num=4
[   94.921312] gsi_send_msix: USR_TASK_COMP_READY
[   94.921320] [MSI-X]: gsi_rfu_set_msix(4): the writen OR mask=0x10 [msix= 0x00000010]
[   94.921332] fw[RD]: acc0: len=2 dev_id=1 sim=0xffffff8000a51ee0
[   94.921335] fw[RD] [empty]: acc0: len=2 sim_id=1 (WR)in=25 (RD)out=25 flags=0x20002
[   94.921337] simi[RD]: "gsifw-0.9.1.1" - going to sleep
[   94.921352] fw[WR] [pid=12325]: hst: len=2 offset=0xffffff800c793eb8 dev_id=0
[   94.921354] fw[WR]: send msix num=3
[   94.921355] gsi_send_msix: USR_TASK_CLEAR
[   94.921358] [MSI-X]: gsi_rfu_set_msix(3): the writen OR mask=0x8 [msix= 0x00000008]
[   94.921522] gsi_doorbell_wq_irq: enter IRQ=46
[   94.925805] [host DB]: gsi_host_doorbell_event_cb: doorbell event[3] ( apuc=1 ev_id=1 ev_val=0x000000ff)
[   94.925807] [host DB]: wake_up_all host2fw
[   94.925821] fw[RD] cpy2usr - hst2fw[0#1] ==> usr DB[num=3,val=255]
[   94.925829] fw[RD] exit [len=2]
[   94.925842] fw[RD]: hst: len=2 dev_id=0 sim=0xffffff8000a51ee0
[   94.925846] fw[RD] [empty]: hst: len=2 sim_id=0 (WR)in=11 (RD)out=11 flags=0x20002
[   94.925847] simi[RD]: "gsifw-0.9.1.1" - going to sleep
[   94.925856] fw[WR] [pid=12325]: hst: len=2 offset=0xffffff800c793eb8 dev_id=0
[   94.925858] fw[WR]: send msix num=3
[   94.925860] gsi_send_msix: USR_TASK_CLEAR
[   94.925863] [MSI-X]: gsi_rfu_set_msix(3): the writen OR mask=0x8 [msix= 0x00000008]
[   95.199537] gsi_doorbell_wq_irq: enter IRQ=46
[   95.203835] [host DB]: gsi_host_doorbell_event_cb: doorbell event[3] ( apuc=1 ev_id=1 ev_val=0x00000000)
[   95.203837] [host DB]: wake_up_all host2fw
[   95.203851] fw[RD] cpy2usr - hst2fw[0#1] ==> usr DB[num=3,val=0]
[   95.203854] fw[RD] exit [len=2]
[   95.203885] fw[RD]: hst: len=2 dev_id=0 sim=0xffffff8000a51ee0
[   95.203902] fw[RD] [empty]: hst: len=2 sim_id=0 (WR)in=12 (RD)out=12 flags=0x20002
[   95.203908] simi[RD]: "gsifw-0.9.1.1" - going to sleep
[   95.203931] fw[WR] [pid=12325]: hst: len=2 offset=0xffffff800c793eb8 dev_id=0
[   95.203933] fw[WR]: send msix num=3
[   95.203935] gsi_send_msix: USR_TASK_CLEAR
[   95.203939] [MSI-X]: gsi_rfu_set_msix(3): the writen OR mask=0x8 [msix= 0x00000008]
[   95.203970] fw[WR] [pid=12325]: hst: len=2 offset=0xffffff800c793eb8 dev_id=0
[   95.203974] fw[WR]: send msix num=3
[   95.203976] gsi_send_msix: USR_TASK_CLEAR
[   95.203979] [MSI-X]: gsi_rfu_set_msix(3): the writen OR mask=0x8 [msix= 0x00000008]
[   95.204001] fw[WR] [pid=12325]: hst: len=2 offset=0xffffff800c793eb8 dev_id=0
[   95.204003] fw[WR]: send msix num=3
[   95.204004] gsi_send_msix: USR_TASK_CLEAR
[   95.204007] [MSI-X]: gsi_rfu_set_msix(3): the writen OR mask=0x8 [msix= 0x00000008]
[   95.204028] fw[WR] [pid=12325]: hst: len=2 offset=0xffffff800c793eb8 dev_id=0
[   95.204030] fw[WR]: send msix num=3
[   95.204031] gsi_send_msix: USR_TASK_CLEAR
[   95.204034] [MSI-X]: gsi_rfu_set_msix(3): the writen OR mask=0x8 [msix= 0x00000008]
[   95.204060] fw[WR] [pid=12325]: hst: len=2 offset=0xffffff800c793eb8 dev_id=0
[   95.204068] fw[WR]: send msix num=3
[   95.204075] gsi_send_msix: USR_TASK_CLEAR
[   95.204082] [MSI-X]: gsi_rfu_set_msix(3): the writen OR mask=0x8 [msix= 0x00000008]
[   95.204088] fw[WR] [pid=12325]: hst: len=2 offset=0xffffff800c793eb8 dev_id=0
[   95.204090] fw[WR]: send msix num=3
[   95.204091] gsi_send_msix: USR_TASK_CLEAR
[   95.204094] [MSI-X]: gsi_rfu_set_msix(3): the writen OR mask=0x8 [msix= 0x00000008]
[   95.208946] gsi_doorbell_wq_irq: enter IRQ=49
[   95.213234] [ACC DB]: recieved ACC event for apuc=0 ev_id=0 ev_val=0x00000010
[   95.213236] [ACC DB]: wake_up_all ACC2fw
[   95.213241] [ACC DB]: recieved ACC event for apuc=1 ev_id=0 ev_val=0x00000010
[   95.213243] [ACC DB]: wake_up_all ACC2fw
[   95.213246] [ACC DB]: recieved ACC event for apuc=2 ev_id=0 ev_val=0x00000010
[   95.213249] fw[RD] cpy2usr - hst2fw[0#1] ==> usr DB[num=16,val=0]
[   95.213250] [ACC DB]: wake_up_all ACC2fw
[   95.213252] fw[RD] exit [len=2]
[   95.213287] fw[RD]: acc0: len=2 dev_id=1 sim=0xffffff8000a51ee0
[   95.213290] fw[RD] cpy2usr - hst2fw[0#1] ==> usr DB[num=16,val=1]
[   95.213292] fw[RD] exit [len=2]
[   95.213300] fw[RD]: acc0: len=2 dev_id=1 sim=0xffffff8000a51ee0
[   95.213302] fw[RD] cpy2usr - hst2fw[0#1] ==> usr DB[num=16,val=2]
[   95.213304] fw[RD] exit [len=2]
[   95.213311] fw[RD]: acc0: len=2 dev_id=1 sim=0xffffff8000a51ee0
[   95.213315] fw[RD] [empty]: acc0: len=2 sim_id=1 (WR)in=28 (RD)out=28 flags=0x20002
[   95.213317] simi[RD]: "gsifw-0.9.1.1" - going to sleep
[   95.213336] fw[WR] [pid=12325]: hst: len=2 offset=0xffffff800c793eb8 dev_id=0
[   95.213338] fw[WR]: send msix num=3
[   95.213340] gsi_send_msix: USR_TASK_CLEAR
[   95.213344] [MSI-X]: gsi_rfu_set_msix(3): the writen OR mask=0x8 [msix= 0x00000008]
[   96.988942] gsi_doorbell_wq_irq: enter IRQ=49
[   96.993241] [ACC DB]: recieved ACC event for apuc=3 ev_id=0 ev_val=0x00000010
[   96.993245] [ACC DB]: wake_up_all ACC2fw
[   96.993260] fw[RD] cpy2usr - hst2fw[0#1] ==> usr DB[num=16,val=3]
[   96.993263] fw[RD] exit [len=2]
[   96.993304] fw[WR] [pid=12324]: hst: len=2 offset=0xffffff800c77beb8 dev_id=0
[   96.993307] fw[WR]: send msix num=4
[   96.993309] gsi_send_msix: USR_TASK_COMP_READY
[   96.993313] [MSI-X]: gsi_rfu_set_msix(4): the writen OR mask=0x10 [msix= 0x00000010]
[   96.993322] fw[RD]: acc0: len=2 dev_id=1 sim=0xffffff8000a51ee0
[   96.993325] fw[RD] [empty]: acc0: len=2 sim_id=1 (WR)in=29 (RD)out=29 flags=0x20002
[   96.993327] simi[RD]: "gsifw-0.9.1.1" - going to sleep
[   96.993341] fw[WR] [pid=12325]: hst: len=2 offset=0xffffff800c793eb8 dev_id=0
[   96.993343] fw[WR]: send msix num=3
[   96.993344] gsi_send_msix: USR_TASK_CLEAR
[   96.993350] [MSI-X]: gsi_rfu_set_msix(3): the writen OR mask=0x8 [msix= 0x00000008]
[   96.993480] gsi_doorbell_wq_irq: enter IRQ=46
[   96.997761] [host DB]: gsi_host_doorbell_event_cb: doorbell event[3] ( apuc=1 ev_id=1 ev_val=0x000000ff)
[   96.997764] [host DB]: wake_up_all host2fw
[   96.997777] fw[RD] cpy2usr - hst2fw[0#1] ==> usr DB[num=3,val=255]
[   96.997780] fw[RD] exit [len=2]
[   96.997799] fw[RD]: hst: len=2 dev_id=0 sim=0xffffff8000a51ee0
[   96.997803] fw[RD] [empty]: hst: len=2 sim_id=0 (WR)in=13 (RD)out=13 flags=0x20002
[   96.997805] simi[RD]: "gsifw-0.9.1.1" - going to sleep
[   96.997821] fw[WR] [pid=12325]: hst: len=2 offset=0xffffff800c793eb8 dev_id=0
[   96.997828] fw[WR]: send msix num=3
[   96.997835] gsi_send_msix: USR_TASK_CLEAR
[   96.997843] [MSI-X]: gsi_rfu_set_msix(3): the writen OR mask=0x8 [msix= 0x00000008]
[   97.266781] gsi_doorbell_wq_irq: enter IRQ=46
[   97.271075] [host DB]: gsi_host_doorbell_event_cb: doorbell event[3] ( apuc=1 ev_id=1 ev_val=0x00000000)
[   97.271078] [host DB]: wake_up_all host2fw
[   97.271090] fw[RD] cpy2usr - hst2fw[0#1] ==> usr DB[num=3,val=0]
[   97.271093] fw[RD] exit [len=2]
[   97.271116] fw[RD]: hst: len=2 dev_id=0 sim=0xffffff8000a51ee0
[   97.271125] fw[RD] [empty]: hst: len=2 sim_id=0 (WR)in=14 (RD)out=14 flags=0x20002
[   97.271129] simi[RD]: "gsifw-0.9.1.1" - going to sleep
[   97.271147] fw[WR] [pid=12325]: hst: len=2 offset=0xffffff800c793eb8 dev_id=0
[   97.271149] fw[WR]: send msix num=3
[   97.271151] gsi_send_msix: USR_TASK_CLEAR
[   97.271154] [MSI-X]: gsi_rfu_set_msix(3): the writen OR mask=0x8 [msix= 0x00000008]
[   97.271184] fw[WR] [pid=12325]: hst: len=2 offset=0xffffff800c793eb8 dev_id=0
[   97.271186] fw[WR]: send msix num=3
[   97.271187] gsi_send_msix: USR_TASK_CLEAR
[   97.271190] [MSI-X]: gsi_rfu_set_msix(3): the writen OR mask=0x8 [msix= 0x00000008]
[   97.271211] fw[WR] [pid=12325]: hst: len=2 offset=0xffffff800c793eb8 dev_id=0
[   97.271213] fw[WR]: send msix num=3
[   97.271214] gsi_send_msix: USR_TASK_CLEAR
[   97.271217] [MSI-X]: gsi_rfu_set_msix(3): the writen OR mask=0x8 [msix= 0x00000008]
[   97.271237] fw[WR] [pid=12325]: hst: len=2 offset=0xffffff800c793eb8 dev_id=0
[   97.271239] fw[WR]: send msix num=3
[   97.271240] gsi_send_msix: USR_TASK_CLEAR
[   97.271248] [MSI-X]: gsi_rfu_set_msix(3): the writen OR mask=0x8 [msix= 0x00000008]
[   97.271273] fw[WR] [pid=12325]: hst: len=2 offset=0xffffff800c793eb8 dev_id=0
[   97.271280] fw[WR]: send msix num=3
[   97.271288] gsi_send_msix: USR_TASK_CLEAR
[   97.271292] [MSI-X]: gsi_rfu_set_msix(3): the writen OR mask=0x8 [msix= 0x00000008]
[   97.271299] fw[WR] [pid=12325]: hst: len=2 offset=0xffffff800c793eb8 dev_id=0
[   97.271300] fw[WR]: send msix num=3
[   97.271302] gsi_send_msix: USR_TASK_CLEAR
[   97.271304] [MSI-X]: gsi_rfu_set_msix(3): the writen OR mask=0x8 [msix= 0x00000008]
[   97.276312] gsi_doorbell_wq_irq: enter IRQ=49
[   97.280604] [ACC DB]: recieved ACC event for apuc=0 ev_id=0 ev_val=0x00000010
[   97.280606] [ACC DB]: wake_up_all ACC2fw
[   97.280611] [ACC DB]: recieved ACC event for apuc=1 ev_id=0 ev_val=0x00000010
[   97.280613] [ACC DB]: wake_up_all ACC2fw
[   97.280616] [ACC DB]: recieved ACC event for apuc=2 ev_id=0 ev_val=0x00000010
[   97.280620] fw[RD] cpy2usr - hst2fw[0#1] ==> usr DB[num=16,val=0]
[   97.280621] [ACC DB]: wake_up_all ACC2fw
[   97.280624] fw[RD] exit [len=2]
[   97.280661] fw[RD]: acc0: len=2 dev_id=1 sim=0xffffff8000a51ee0
[   97.280664] fw[RD] cpy2usr - hst2fw[0#1] ==> usr DB[num=16,val=1]
[   97.280666] fw[RD] exit [len=2]
[   97.280673] fw[RD]: acc0: len=2 dev_id=1 sim=0xffffff8000a51ee0
[   97.280676] fw[RD] cpy2usr - hst2fw[0#1] ==> usr DB[num=16,val=2]
[   97.280678] fw[RD] exit [len=2]
[   97.280685] fw[RD]: acc0: len=2 dev_id=1 sim=0xffffff8000a51ee0
[   97.280689] fw[RD] [empty]: acc0: len=2 sim_id=1 (WR)in=32 (RD)out=32 flags=0x20002
[   97.280691] simi[RD]: "gsifw-0.9.1.1" - going to sleep
[   97.280706] fw[WR] [pid=12325]: hst: len=2 offset=0xffffff800c793eb8 dev_id=0
[   97.280708] fw[WR]: send msix num=3
[   97.280710] gsi_send_msix: USR_TASK_CLEAR
[   97.280714] [MSI-X]: gsi_rfu_set_msix(3): the writen OR mask=0x8 [msix= 0x00000008]
[   99.057212] gsi_doorbell_wq_irq: enter IRQ=49
[   99.061510] [ACC DB]: recieved ACC event for apuc=3 ev_id=0 ev_val=0x00000010
[   99.061513] [ACC DB]: wake_up_all ACC2fw
[   99.061529] fw[RD] cpy2usr - hst2fw[0#1] ==> usr DB[num=16,val=3]
[   99.061533] fw[RD] exit [len=2]
[   99.061573] fw[WR] [pid=12324]: hst: len=2 offset=0xffffff800c77beb8 dev_id=0
[   99.061575] fw[WR]: send msix num=4
[   99.061578] gsi_send_msix: USR_TASK_COMP_READY
[   99.061581] [MSI-X]: gsi_rfu_set_msix(4): the writen OR mask=0x10 [msix= 0x00000010]
[   99.061590] fw[RD]: acc0: len=2 dev_id=1 sim=0xffffff8000a51ee0
[   99.061594] fw[RD] [empty]: acc0: len=2 sim_id=1 (WR)in=33 (RD)out=33 flags=0x20002
[   99.061596] simi[RD]: "gsifw-0.9.1.1" - going to sleep
[   99.061610] fw[WR] [pid=12325]: hst: len=2 offset=0xffffff800c793eb8 dev_id=0
[   99.061612] fw[WR]: send msix num=3
[   99.061613] gsi_send_msix: USR_TASK_CLEAR
[   99.061616] [MSI-X]: gsi_rfu_set_msix(3): the writen OR mask=0x8 [msix= 0x00000008]
[   99.061782] gsi_doorbell_wq_irq: enter IRQ=46
[   99.066062] [host DB]: gsi_host_doorbell_event_cb: doorbell event[3] ( apuc=1 ev_id=1 ev_val=0x000000ff)
[   99.066064] [host DB]: wake_up_all host2fw
[   99.066075] fw[RD] cpy2usr - hst2fw[0#1] ==> usr DB[num=3,val=255]
[   99.066077] fw[RD] exit [len=2]
[   99.066089] fw[RD]: hst: len=2 dev_id=0 sim=0xffffff8000a51ee0
[   99.066093] fw[RD] [empty]: hst: len=2 sim_id=0 (WR)in=15 (RD)out=15 flags=0x20002
[   99.066096] fw[WR] [pid=12325]: hst: len=2 offset=0xffffff800c793eb8 dev_id=0
[   99.066098] fw[WR]: send msix num=3
[   99.066099] simi[RD]: "gsifw-0.9.1.1" - going to sleep
[   99.066100] gsi_send_msix: USR_TASK_CLEAR
[   99.066103] [MSI-X]: gsi_rfu_set_msix(3): the writen OR mask=0x8 [msix= 0x00000008]
[   99.336093] gsi_doorbell_wq_irq: enter IRQ=46
[   99.340391] [host DB]: gsi_host_doorbell_event_cb: doorbell event[3] ( apuc=1 ev_id=1 ev_val=0x00000000)
[   99.340394] [host DB]: wake_up_all host2fw
[   99.340409] fw[RD] cpy2usr - hst2fw[0#1] ==> usr DB[num=3,val=0]
[   99.340416] fw[RD] exit [len=2]
[   99.340441] fw[RD]: hst: len=2 dev_id=0 sim=0xffffff8000a51ee0
[   99.340445] fw[RD] [empty]: hst: len=2 sim_id=0 (WR)in=16 (RD)out=16 flags=0x20002
[   99.340447] simi[RD]: "gsifw-0.9.1.1" - going to sleep
[   99.340575] fw[WR] [pid=12325]: hst: len=2 offset=0xffffff800c793eb8 dev_id=0
[   99.340579] fw[WR]: send msix num=3
[   99.340581] gsi_send_msix: USR_TASK_CLEAR
[   99.340585] [MSI-X]: gsi_rfu_set_msix(3): the writen OR mask=0x8 [msix= 0x00000008]
[   99.340616] fw[WR] [pid=12325]: hst: len=2 offset=0xffffff800c793eb8 dev_id=0
[   99.340618] fw[WR]: send msix num=3
[   99.340619] gsi_send_msix: USR_TASK_CLEAR
[   99.340622] [MSI-X]: gsi_rfu_set_msix(3): the writen OR mask=0x8 [msix= 0x00000008]
[   99.340644] fw[WR] [pid=12325]: hst: len=2 offset=0xffffff800c793eb8 dev_id=0
[   99.340645] fw[WR]: send msix num=3
[   99.340647] gsi_send_msix: USR_TASK_CLEAR
[   99.340649] [MSI-X]: gsi_rfu_set_msix(3): the writen OR mask=0x8 [msix= 0x00000008]
[   99.340671] fw[WR] [pid=12325]: hst: len=2 offset=0xffffff800c793eb8 dev_id=0
[   99.340673] fw[WR]: send msix num=3
[   99.340674] gsi_send_msix: USR_TASK_CLEAR
[   99.340677] [MSI-X]: gsi_rfu_set_msix(3): the writen OR mask=0x8 [msix= 0x00000008]
[   99.340698] fw[WR] [pid=12325]: hst: len=2 offset=0xffffff800c793eb8 dev_id=0
[   99.340700] fw[WR]: send msix num=3
[   99.340701] gsi_send_msix: USR_TASK_CLEAR
[   99.340704] [MSI-X]: gsi_rfu_set_msix(3): the writen OR mask=0x8 [msix= 0x00000008]
[   99.340711] fw[WR] [pid=12325]: hst: len=2 offset=0xffffff800c793eb8 dev_id=0
[   99.340712] fw[WR]: send msix num=3
[   99.340713] gsi_send_msix: USR_TASK_CLEAR
[   99.340716] [MSI-X]: gsi_rfu_set_msix(3): the writen OR mask=0x8 [msix= 0x00000008]
[   99.345479] gsi_doorbell_wq_irq: enter IRQ=49
[   99.349775] [ACC DB]: recieved ACC event for apuc=0 ev_id=0 ev_val=0x00000010
[   99.349778] [ACC DB]: wake_up_all ACC2fw
[   99.349785] [ACC DB]: recieved ACC event for apuc=1 ev_id=0 ev_val=0x00000010
[   99.349786] [ACC DB]: wake_up_all ACC2fw
[   99.349795] [ACC DB]: recieved ACC event for apuc=2 ev_id=0 ev_val=0x00000010
[   99.349802] [ACC DB]: wake_up_all ACC2fw
[   99.349903] fw[RD] cpy2usr - hst2fw[0#1] ==> usr DB[num=16,val=0]
[   99.349907] fw[RD] exit [len=2]
[   99.349944] fw[RD]: acc0: len=2 dev_id=1 sim=0xffffff8000a51ee0
[   99.349946] fw[RD] cpy2usr - hst2fw[0#1] ==> usr DB[num=16,val=1]
[   99.349948] fw[RD] exit [len=2]
[   99.349956] fw[RD]: acc0: len=2 dev_id=1 sim=0xffffff8000a51ee0
[   99.349959] fw[RD] cpy2usr - hst2fw[0#1] ==> usr DB[num=16,val=2]
[   99.349960] fw[RD] exit [len=2]
[   99.349968] fw[RD]: acc0: len=2 dev_id=1 sim=0xffffff8000a51ee0
[   99.349972] fw[RD] [empty]: acc0: len=2 sim_id=1 (WR)in=36 (RD)out=36 flags=0x20002
[   99.349974] simi[RD]: "gsifw-0.9.1.1" - going to sleep
[   99.349990] fw[WR] [pid=12325]: hst: len=2 offset=0xffffff800c793eb8 dev_id=0
[   99.349992] fw[WR]: send msix num=3
[   99.349994] gsi_send_msix: USR_TASK_CLEAR
[   99.349998] [MSI-X]: gsi_rfu_set_msix(3): the writen OR mask=0x8 [msix= 0x00000008]
[  101.125575] gsi_doorbell_wq_irq: enter IRQ=49
[  101.129875] [ACC DB]: recieved ACC event for apuc=3 ev_id=0 ev_val=0x00000010
[  101.129878] [ACC DB]: wake_up_all ACC2fw
[  101.129984] fw[RD] cpy2usr - hst2fw[0#1] ==> usr DB[num=16,val=3]
[  101.129987] fw[RD] exit [len=2]
[  101.130030] fw[WR] [pid=12324]: hst: len=2 offset=0xffffff800c77beb8 dev_id=0
[  101.130032] fw[WR]: send msix num=4
[  101.130034] gsi_send_msix: USR_TASK_COMP_READY
[  101.130038] [MSI-X]: gsi_rfu_set_msix(4): the writen OR mask=0x10 [msix= 0x00000010]
[  101.130047] fw[RD]: acc0: len=2 dev_id=1 sim=0xffffff8000a51ee0
[  101.130050] fw[RD] [empty]: acc0: len=2 sim_id=1 (WR)in=37 (RD)out=37 flags=0x20002
[  101.130052] simi[RD]: "gsifw-0.9.1.1" - going to sleep
[  101.130066] fw[WR] [pid=12325]: hst: len=2 offset=0xffffff800c793eb8 dev_id=0
[  101.130068] fw[WR]: send msix num=3
[  101.130069] gsi_send_msix: USR_TASK_CLEAR
[  101.130072] [MSI-X]: gsi_rfu_set_msix(3): the writen OR mask=0x8 [msix= 0x00000008]
[  101.130154] gsi_doorbell_wq_irq: enter IRQ=46
[  101.134437] [host DB]: gsi_host_doorbell_event_cb: doorbell event[3] ( apuc=1 ev_id=1 ev_val=0x000000ff)
[  101.134439] [host DB]: wake_up_all host2fw
[  101.134450] fw[RD] cpy2usr - hst2fw[0#1] ==> usr DB[num=3,val=255]
[  101.134452] fw[RD] exit [len=2]
[  101.134463] fw[RD]: hst: len=2 dev_id=0 sim=0xffffff8000a51ee0
[  101.134467] fw[RD] [empty]: hst: len=2 sim_id=0 (WR)in=17 (RD)out=17 flags=0x20002
[  101.134469] simi[RD]: "gsifw-0.9.1.1" - going to sleep
[  101.134537] fw[WR] [pid=12325]: hst: len=2 offset=0xffffff800c793eb8 dev_id=0
[  101.134539] fw[WR]: send msix num=3
[  101.134541] gsi_send_msix: USR_TASK_CLEAR
[  101.134544] [MSI-X]: gsi_rfu_set_msix(3): the writen OR mask=0x8 [msix= 0x00000008]
[  101.400264] gsi_doorbell_wq_irq: enter IRQ=46
[  101.404562] [host DB]: gsi_host_doorbell_event_cb: doorbell event[3] ( apuc=1 ev_id=1 ev_val=0x00000000)
[  101.404565] [host DB]: wake_up_all host2fw
[  101.404579] fw[RD] cpy2usr - hst2fw[0#1] ==> usr DB[num=3,val=0]
[  101.404585] fw[RD] exit [len=2]
[  101.404607] fw[RD]: hst: len=2 dev_id=0 sim=0xffffff8000a51ee0
[  101.404611] fw[RD] [empty]: hst: len=2 sim_id=0 (WR)in=18 (RD)out=18 flags=0x20002
[  101.404613] simi[RD]: "gsifw-0.9.1.1" - going to sleep
[  101.404748] fw[WR] [pid=12325]: hst: len=2 offset=0xffffff800c793eb8 dev_id=0
[  101.404750] fw[WR]: send msix num=3
[  101.404753] gsi_send_msix: USR_TASK_CLEAR
[  101.404756] [MSI-X]: gsi_rfu_set_msix(3): the writen OR mask=0x8 [msix= 0x00000008]
[  101.404785] fw[WR] [pid=12325]: hst: len=2 offset=0xffffff800c793eb8 dev_id=0
[  101.404787] fw[WR]: send msix num=3
[  101.404788] gsi_send_msix: USR_TASK_CLEAR
[  101.404791] [MSI-X]: gsi_rfu_set_msix(3): the writen OR mask=0x8 [msix= 0x00000008]
[  101.404812] fw[WR] [pid=12325]: hst: len=2 offset=0xffffff800c793eb8 dev_id=0
[  101.404813] fw[WR]: send msix num=3
[  101.404814] gsi_send_msix: USR_TASK_CLEAR
[  101.404817] [MSI-X]: gsi_rfu_set_msix(3): the writen OR mask=0x8 [msix= 0x00000008]
[  101.404838] fw[WR] [pid=12325]: hst: len=2 offset=0xffffff800c793eb8 dev_id=0
[  101.404839] fw[WR]: send msix num=3
[  101.404841] gsi_send_msix: USR_TASK_CLEAR
[  101.404844] [MSI-X]: gsi_rfu_set_msix(3): the writen OR mask=0x8 [msix= 0x00000008]
[  101.404863] fw[WR] [pid=12325]: hst: len=2 offset=0xffffff800c793eb8 dev_id=0
[  101.404865] fw[WR]: send msix num=3
[  101.404866] gsi_send_msix: USR_TASK_CLEAR
[  101.404869] [MSI-X]: gsi_rfu_set_msix(3): the writen OR mask=0x8 [msix= 0x00000008]
[  101.404876] fw[WR] [pid=12325]: hst: len=2 offset=0xffffff800c793eb8 dev_id=0
[  101.404877] fw[WR]: send msix num=3
[  101.404879] gsi_send_msix: USR_TASK_CLEAR
[  101.404882] [MSI-X]: gsi_rfu_set_msix(3): the writen OR mask=0x8 [msix= 0x00000008]
[  101.409739] gsi_doorbell_wq_irq: enter IRQ=49
[  101.414033] [ACC DB]: recieved ACC event for apuc=0 ev_id=0 ev_val=0x00000010
[  101.414036] [ACC DB]: wake_up_all ACC2fw
[  101.414042] [ACC DB]: recieved ACC event for apuc=1 ev_id=0 ev_val=0x00000010
[  101.414050] [ACC DB]: wake_up_all ACC2fw
[  101.414057] [ACC DB]: recieved ACC event for apuc=2 ev_id=0 ev_val=0x00000010
[  101.414058] [ACC DB]: wake_up_all ACC2fw
[  101.414153] fw[RD] cpy2usr - hst2fw[0#1] ==> usr DB[num=16,val=0]
[  101.414157] fw[RD] exit [len=2]
[  101.414194] fw[RD]: acc0: len=2 dev_id=1 sim=0xffffff8000a51ee0
[  101.414196] fw[RD] cpy2usr - hst2fw[0#1] ==> usr DB[num=16,val=1]
[  101.414198] fw[RD] exit [len=2]
[  101.414206] fw[RD]: acc0: len=2 dev_id=1 sim=0xffffff8000a51ee0
[  101.414209] fw[RD] cpy2usr - hst2fw[0#1] ==> usr DB[num=16,val=2]
[  101.414211] fw[RD] exit [len=2]
[  101.414218] fw[RD]: acc0: len=2 dev_id=1 sim=0xffffff8000a51ee0
[  101.414222] fw[RD] [empty]: acc0: len=2 sim_id=1 (WR)in=40 (RD)out=40 flags=0x20002
[  101.414223] simi[RD]: "gsifw-0.9.1.1" - going to sleep
[  101.414239] fw[WR] [pid=12325]: hst: len=2 offset=0xffffff800c793eb8 dev_id=0
[  101.414241] fw[WR]: send msix num=3
[  101.414243] gsi_send_msix: USR_TASK_CLEAR
[  101.414247] [MSI-X]: gsi_rfu_set_msix(3): the writen OR mask=0x8 [msix= 0x00000008]
[  103.192379] gsi_doorbell_wq_irq: enter IRQ=49
[  103.196679] [ACC DB]: recieved ACC event for apuc=3 ev_id=0 ev_val=0x00000010
[  103.196683] [ACC DB]: wake_up_all ACC2fw
[  103.197104] fw[RD] cpy2usr - hst2fw[0#1] ==> usr DB[num=16,val=3]
[  103.197108] fw[RD] exit [len=2]
[  103.197152] fw[WR] [pid=12324]: hst: len=2 offset=0xffffff800c77beb8 dev_id=0
[  103.197154] fw[WR]: send msix num=4
[  103.197157] gsi_send_msix: USR_TASK_COMP_READY
[  103.197161] [MSI-X]: gsi_rfu_set_msix(4): the writen OR mask=0x10 [msix= 0x00000010]
[  103.197170] fw[RD]: acc0: len=2 dev_id=1 sim=0xffffff8000a51ee0
[  103.197174] fw[RD] [empty]: acc0: len=2 sim_id=1 (WR)in=41 (RD)out=41 flags=0x20002
[  103.197175] simi[RD]: "gsifw-0.9.1.1" - going to sleep
[  103.197274] gsi_doorbell_wq_irq: enter IRQ=46
[  103.197288] fw[WR] [pid=12325]: hst: len=2 offset=0xffffff800c793eb8 dev_id=0
[  103.197289] fw[WR]: send msix num=3
[  103.197290] gsi_send_msix: USR_TASK_CLEAR
[  103.197293] [MSI-X]: gsi_rfu_set_msix(3): the writen OR mask=0x8 [msix= 0x00000008]
[  103.201559] [host DB]: gsi_host_doorbell_event_cb: doorbell event[3] ( apuc=1 ev_id=1 ev_val=0x000000ff)
[  103.201561] [host DB]: wake_up_all host2fw
[  103.201574] fw[RD] cpy2usr - hst2fw[0#1] ==> usr DB[num=3,val=255]
[  103.201581] fw[RD] exit [len=2]
[  103.201597] fw[RD]: hst: len=2 dev_id=0 sim=0xffffff8000a51ee0
[  103.201601] fw[RD] [empty]: hst: len=2 sim_id=0 (WR)in=19 (RD)out=19 flags=0x20002
[  103.201603] simi[RD]: "gsifw-0.9.1.1" - going to sleep
[  103.201669] fw[WR] [pid=12325]: hst: len=2 offset=0xffffff800c793eb8 dev_id=0
[  103.201671] fw[WR]: send msix num=3
[  103.201673] gsi_send_msix: USR_TASK_CLEAR
[  103.201676] [MSI-X]: gsi_rfu_set_msix(3): the writen OR mask=0x8 [msix= 0x00000008]
[  103.467821] gsi_doorbell_wq_irq: enter IRQ=46
[  103.472117] [host DB]: gsi_host_doorbell_event_cb: doorbell event[3] ( apuc=1 ev_id=1 ev_val=0x00000000)
[  103.472120] [host DB]: wake_up_all host2fw
[  103.472134] fw[RD] cpy2usr - hst2fw[0#1] ==> usr DB[num=3,val=0]
[  103.472141] fw[RD] exit [len=2]
[  103.472164] fw[RD]: hst: len=2 dev_id=0 sim=0xffffff8000a51ee0
[  103.472168] fw[RD] [empty]: hst: len=2 sim_id=0 (WR)in=20 (RD)out=20 flags=0x20002
[  103.472169] simi[RD]: "gsifw-0.9.1.1" - going to sleep
[  103.472315] fw[WR] [pid=12325]: hst: len=2 offset=0xffffff800c793eb8 dev_id=0
[  103.472318] fw[WR]: send msix num=3
[  103.472320] gsi_send_msix: USR_TASK_CLEAR
[  103.472323] [MSI-X]: gsi_rfu_set_msix(3): the writen OR mask=0x8 [msix= 0x00000008]
[  103.472355] fw[WR] [pid=12325]: hst: len=2 offset=0xffffff800c793eb8 dev_id=0
[  103.472357] fw[WR]: send msix num=3
[  103.472358] gsi_send_msix: USR_TASK_CLEAR
[  103.472361] [MSI-X]: gsi_rfu_set_msix(3): the writen OR mask=0x8 [msix= 0x00000008]
[  103.472382] fw[WR] [pid=12325]: hst: len=2 offset=0xffffff800c793eb8 dev_id=0
[  103.472384] fw[WR]: send msix num=3
[  103.472385] gsi_send_msix: USR_TASK_CLEAR
[  103.472388] [MSI-X]: gsi_rfu_set_msix(3): the writen OR mask=0x8 [msix= 0x00000008]
[  103.472409] fw[WR] [pid=12325]: hst: len=2 offset=0xffffff800c793eb8 dev_id=0
[  103.472411] fw[WR]: send msix num=3
[  103.472412] gsi_send_msix: USR_TASK_CLEAR
[  103.472415] [MSI-X]: gsi_rfu_set_msix(3): the writen OR mask=0x8 [msix= 0x00000008]
[  103.472437] fw[WR] [pid=12325]: hst: len=2 offset=0xffffff800c793eb8 dev_id=0
[  103.472438] fw[WR]: send msix num=3
[  103.472440] gsi_send_msix: USR_TASK_CLEAR
[  103.472443] [MSI-X]: gsi_rfu_set_msix(3): the writen OR mask=0x8 [msix= 0x00000008]
[  103.472449] fw[WR] [pid=12325]: hst: len=2 offset=0xffffff800c793eb8 dev_id=0
[  103.472451] fw[WR]: send msix num=3
[  103.472452] gsi_send_msix: USR_TASK_CLEAR
[  103.472455] [MSI-X]: gsi_rfu_set_msix(3): the writen OR mask=0x8 [msix= 0x00000008]
[  103.477358] gsi_doorbell_wq_irq: enter IRQ=49
[  103.481648] [ACC DB]: recieved ACC event for apuc=0 ev_id=0 ev_val=0x00000010
[  103.481650] [ACC DB]: wake_up_all ACC2fw
[  103.481661] [ACC DB]: recieved ACC event for apuc=1 ev_id=0 ev_val=0x00000010
[  103.481662] [ACC DB]: wake_up_all ACC2fw
[  103.481665] [ACC DB]: recieved ACC event for apuc=2 ev_id=0 ev_val=0x00000010
[  103.481667] [ACC DB]: wake_up_all ACC2fw
[  103.481750] fw[RD] cpy2usr - hst2fw[0#1] ==> usr DB[num=16,val=0]
[  103.481754] fw[RD] exit [len=2]
[  103.481791] fw[RD]: acc0: len=2 dev_id=1 sim=0xffffff8000a51ee0
[  103.481794] fw[RD] cpy2usr - hst2fw[0#1] ==> usr DB[num=16,val=1]
[  103.481796] fw[RD] exit [len=2]
[  103.481804] fw[RD]: acc0: len=2 dev_id=1 sim=0xffffff8000a51ee0
[  103.481806] fw[RD] cpy2usr - hst2fw[0#1] ==> usr DB[num=16,val=2]
[  103.481808] fw[RD] exit [len=2]
[  103.481815] fw[RD]: acc0: len=2 dev_id=1 sim=0xffffff8000a51ee0
[  103.481818] fw[RD] [empty]: acc0: len=2 sim_id=1 (WR)in=44 (RD)out=44 flags=0x20002
[  103.481820] simi[RD]: "gsifw-0.9.1.1" - going to sleep
[  103.481837] fw[WR] [pid=12325]: hst: len=2 offset=0xffffff800c793eb8 dev_id=0
[  103.481838] fw[WR]: send msix num=3
[  103.481840] gsi_send_msix: USR_TASK_CLEAR
[  103.481844] [MSI-X]: gsi_rfu_set_msix(3): the writen OR mask=0x8 [msix= 0x00000008]
[  105.257289] gsi_doorbell_wq_irq: enter IRQ=49
[  105.261590] [ACC DB]: recieved ACC event for apuc=3 ev_id=0 ev_val=0x00000010
[  105.261593] [ACC DB]: wake_up_all ACC2fw
[  105.261701] fw[RD] cpy2usr - hst2fw[0#1] ==> usr DB[num=16,val=3]
[  105.261704] fw[RD] exit [len=2]
[  105.261746] fw[WR] [pid=12324]: hst: len=2 offset=0xffffff800c77beb8 dev_id=0
[  105.261748] fw[WR]: send msix num=4
[  105.261750] gsi_send_msix: USR_TASK_COMP_READY
[  105.261754] [MSI-X]: gsi_rfu_set_msix(4): the writen OR mask=0x10 [msix= 0x00000010]
[  105.261763] fw[RD]: acc0: len=2 dev_id=1 sim=0xffffff8000a51ee0
[  105.261767] fw[RD] [empty]: acc0: len=2 sim_id=1 (WR)in=45 (RD)out=45 flags=0x20002
[  105.261769] simi[RD]: "gsifw-0.9.1.1" - going to sleep
[  105.261872] fw[WR] [pid=12325]: hst: len=2 offset=0xffffff800c793eb8 dev_id=0
[  105.261874] fw[WR]: send msix num=3
[  105.261876] gsi_send_msix: USR_TASK_CLEAR
[  105.261879] [MSI-X]: gsi_rfu_set_msix(3): the writen OR mask=0x8 [msix= 0x00000008]
[  105.262913] gsi_doorbell_wq_irq: enter IRQ=46
[  105.267199] [host DB]: gsi_host_doorbell_event_cb: doorbell event[3] ( apuc=1 ev_id=1 ev_val=0x000000ff)
[  105.267202] [host DB]: wake_up_all host2fw
[  105.267215] fw[RD] cpy2usr - hst2fw[0#1] ==> usr DB[num=3,val=255]
[  105.267222] fw[RD] exit [len=2]
[  105.267245] fw[RD]: hst: len=2 dev_id=0 sim=0xffffff8000a51ee0
[  105.267248] fw[RD] [empty]: hst: len=2 sim_id=0 (WR)in=21 (RD)out=21 flags=0x20002
[  105.267250] simi[RD]: "gsifw-0.9.1.1" - going to sleep
[  105.267316] fw[WR] [pid=12325]: hst: len=2 offset=0xffffff800c793eb8 dev_id=0
[  105.267319] fw[WR]: send msix num=3
[  105.267321] gsi_send_msix: USR_TASK_CLEAR
[  105.267325] [MSI-X]: gsi_rfu_set_msix(3): the writen OR mask=0x8 [msix= 0x00000008]
[  105.274099] random: crng init done
[  105.537061] gsi_doorbell_wq_irq: enter IRQ=46
[  105.541351] [host DB]: gsi_host_doorbell_event_cb: doorbell event[3] ( apuc=1 ev_id=1 ev_val=0x00000000)
[  105.541354] [host DB]: wake_up_all host2fw
[  105.541366] fw[RD] cpy2usr - hst2fw[0#1] ==> usr DB[num=3,val=0]
[  105.541374] fw[RD] exit [len=2]
[  105.541399] fw[RD]: hst: len=2 dev_id=0 sim=0xffffff8000a51ee0
[  105.541403] fw[RD] [empty]: hst: len=2 sim_id=0 (WR)in=22 (RD)out=22 flags=0x20002
[  105.541405] simi[RD]: "gsifw-0.9.1.1" - going to sleep
[  105.541537] fw[WR] [pid=12325]: hst: len=2 offset=0xffffff800c793eb8 dev_id=0
[  105.541540] fw[WR]: send msix num=3
[  105.541542] gsi_send_msix: USR_TASK_CLEAR
[  105.541546] [MSI-X]: gsi_rfu_set_msix(3): the writen OR mask=0x8 [msix= 0x00000008]
[  105.541576] fw[WR] [pid=12325]: hst: len=2 offset=0xffffff800c793eb8 dev_id=0
[  105.541578] fw[WR]: send msix num=3
[  105.541579] gsi_send_msix: USR_TASK_CLEAR
[  105.541582] [MSI-X]: gsi_rfu_set_msix(3): the writen OR mask=0x8 [msix= 0x00000008]
[  105.541602] fw[WR] [pid=12325]: hst: len=2 offset=0xffffff800c793eb8 dev_id=0
[  105.541604] fw[WR]: send msix num=3
[  105.541605] gsi_send_msix: USR_TASK_CLEAR
[  105.541608] [MSI-X]: gsi_rfu_set_msix(3): the writen OR mask=0x8 [msix= 0x00000008]
[  105.541628] fw[WR] [pid=12325]: hst: len=2 offset=0xffffff800c793eb8 dev_id=0
[  105.541629] fw[WR]: send msix num=3
[  105.541631] gsi_send_msix: USR_TASK_CLEAR
[  105.541633] [MSI-X]: gsi_rfu_set_msix(3): the writen OR mask=0x8 [msix= 0x00000008]
[  105.541654] fw[WR] [pid=12325]: hst: len=2 offset=0xffffff800c793eb8 dev_id=0
[  105.541655] fw[WR]: send msix num=3
[  105.541657] gsi_send_msix: USR_TASK_CLEAR
[  105.541660] [MSI-X]: gsi_rfu_set_msix(3): the writen OR mask=0x8 [msix= 0x00000008]
[  105.541667] fw[WR] [pid=12325]: hst: len=2 offset=0xffffff800c793eb8 dev_id=0
[  105.541668] fw[WR]: send msix num=3
[  105.541670] gsi_send_msix: USR_TASK_CLEAR
[  105.541672] [MSI-X]: gsi_rfu_set_msix(3): the writen OR mask=0x8 [msix= 0x00000008]
[  105.546582] gsi_doorbell_wq_irq: enter IRQ=49
[  105.550875] [ACC DB]: recieved ACC event for apuc=0 ev_id=0 ev_val=0x00000010
[  105.550877] [ACC DB]: wake_up_all ACC2fw
[  105.550882] [ACC DB]: recieved ACC event for apuc=1 ev_id=0 ev_val=0x00000010
[  105.550889] [ACC DB]: wake_up_all ACC2fw
[  105.550898] [ACC DB]: recieved ACC event for apuc=2 ev_id=0 ev_val=0x00000010
[  105.550901] [ACC DB]: wake_up_all ACC2fw
[  105.550986] fw[RD] cpy2usr - hst2fw[0#1] ==> usr DB[num=16,val=0]
[  105.550989] fw[RD] exit [len=2]
[  105.551024] fw[RD]: acc0: len=2 dev_id=1 sim=0xffffff8000a51ee0
[  105.551027] fw[RD] cpy2usr - hst2fw[0#1] ==> usr DB[num=16,val=1]
[  105.551029] fw[RD] exit [len=2]
[  105.551037] fw[RD]: acc0: len=2 dev_id=1 sim=0xffffff8000a51ee0
[  105.551040] fw[RD] cpy2usr - hst2fw[0#1] ==> usr DB[num=16,val=2]
[  105.551041] fw[RD] exit [len=2]
[  105.551049] fw[RD]: acc0: len=2 dev_id=1 sim=0xffffff8000a51ee0
[  105.551053] fw[RD] [empty]: acc0: len=2 sim_id=1 (WR)in=48 (RD)out=48 flags=0x20002
[  105.551054] simi[RD]: "gsifw-0.9.1.1" - going to sleep
[  105.551070] fw[WR] [pid=12325]: hst: len=2 offset=0xffffff800c793eb8 dev_id=0
[  105.551072] fw[WR]: send msix num=3
[  105.551074] gsi_send_msix: USR_TASK_CLEAR
[  105.551078] [MSI-X]: gsi_rfu_set_msix(3): the writen OR mask=0x8 [msix= 0x00000008]
[  107.329182] gsi_doorbell_wq_irq: enter IRQ=49
[  107.333480] [ACC DB]: recieved ACC event for apuc=3 ev_id=0 ev_val=0x00000010
[  107.333483] [ACC DB]: wake_up_all ACC2fw
[  107.333593] fw[RD] cpy2usr - hst2fw[0#1] ==> usr DB[num=16,val=3]
[  107.333596] fw[RD] exit [len=2]
[  107.333638] fw[WR] [pid=12324]: hst: len=2 offset=0xffffff800c77beb8 dev_id=0
[  107.333640] fw[WR]: send msix num=4
[  107.333643] gsi_send_msix: USR_TASK_COMP_READY
[  107.333647] [MSI-X]: gsi_rfu_set_msix(4): the writen OR mask=0x10 [msix= 0x00000010]
[  107.333656] fw[RD]: acc0: len=2 dev_id=1 sim=0xffffff8000a51ee0
[  107.333660] fw[RD] [empty]: acc0: len=2 sim_id=1 (WR)in=49 (RD)out=49 flags=0x20002
[  107.333662] simi[RD]: "gsifw-0.9.1.1" - going to sleep
[  107.333763] fw[WR] [pid=12325]: hst: len=2 offset=0xffffff800c793eb8 dev_id=0
[  107.333766] fw[WR]: send msix num=3
[  107.333767] gsi_send_msix: USR_TASK_CLEAR
[  107.333770] [MSI-X]: gsi_rfu_set_msix(3): the writen OR mask=0x8 [msix= 0x00000008]
[  107.333879] gsi_doorbell_wq_irq: enter IRQ=46
[  107.338164] [host DB]: gsi_host_doorbell_event_cb: doorbell event[3] ( apuc=1 ev_id=1 ev_val=0x000000ff)
[  107.338166] [host DB]: wake_up_all host2fw
[  107.338177] fw[RD] cpy2usr - hst2fw[0#1] ==> usr DB[num=3,val=255]
[  107.338179] fw[RD] exit [len=2]
[  107.338190] fw[RD]: hst: len=2 dev_id=0 sim=0xffffff8000a51ee0
[  107.338194] fw[RD] [empty]: hst: len=2 sim_id=0 (WR)in=23 (RD)out=23 flags=0x20002
[  107.338196] simi[RD]: "gsifw-0.9.1.1" - going to sleep
[  107.338264] fw[WR] [pid=12325]: hst: len=2 offset=0xffffff800c793eb8 dev_id=0
[  107.338266] fw[WR]: send msix num=3
[  107.338267] gsi_send_msix: USR_TASK_CLEAR
[  107.338271] [MSI-X]: gsi_rfu_set_msix(3): the writen OR mask=0x8 [msix= 0x00000008]
[  107.605865] gsi_doorbell_wq_irq: enter IRQ=46
[  107.610165] [host DB]: gsi_host_doorbell_event_cb: doorbell event[3] ( apuc=1 ev_id=1 ev_val=0x00000000)
[  107.610167] [host DB]: wake_up_all host2fw
[  107.610183] fw[RD] cpy2usr - hst2fw[0#1] ==> usr DB[num=3,val=0]
[  107.610189] fw[RD] exit [len=2]
[  107.610212] fw[RD]: hst: len=2 dev_id=0 sim=0xffffff8000a51ee0
[  107.610216] fw[RD] [empty]: hst: len=2 sim_id=0 (WR)in=24 (RD)out=24 flags=0x20002
[  107.610218] simi[RD]: "gsifw-0.9.1.1" - going to sleep
[  107.610356] fw[WR] [pid=12325]: hst: len=2 offset=0xffffff800c793eb8 dev_id=0
[  107.610358] fw[WR]: send msix num=3
[  107.610360] gsi_send_msix: USR_TASK_CLEAR
[  107.610364] [MSI-X]: gsi_rfu_set_msix(3): the writen OR mask=0x8 [msix= 0x00000008]
[  107.610395] fw[WR] [pid=12325]: hst: len=2 offset=0xffffff800c793eb8 dev_id=0
