pc date=Sun_Nov_24_03:23:45_IST_2019
board date=
PARAMETERS: TEST1
[Nov24 03:22] microcode: microcode updated early to revision 0xc6, date = 2019-08-14
[  +0.000000] Linux version 5.0.0-36-generic (buildd@lgw01-amd64-060) (gcc version 7.4.0 (Ubuntu 7.4.0-1ubuntu1~18.04.1)) #39~18.04.1-Ubuntu SMP Tue Nov 12 11:09:50 UTC 2019 (Ubuntu 5.0.0-36.39~18.04.1-generic 5.0.21)
[  +0.000000] Command line: BOOT_IMAGE=/boot/vmlinuz-5.0.0-36-generic root=UUID=8c43e66a-1c07-4728-af31-6f9347b39f6a ro quiet splash vt.handoff=1
[  +0.000000] KERNEL supported cpus:
[  +0.000000]   Intel GenuineIntel
[  +0.000000]   AMD AuthenticAMD
[  +0.000000]   Hygon HygonGenuine
[  +0.000000]   Centaur CentaurHauls
[  +0.000000] x86/fpu: Supporting XSAVE feature 0x001: 'x87 floating point registers'
[  +0.000000] x86/fpu: Supporting XSAVE feature 0x002: 'SSE registers'
[  +0.000000] x86/fpu: Supporting XSAVE feature 0x004: 'AVX registers'
[  +0.000000] x86/fpu: Supporting XSAVE feature 0x008: 'MPX bounds registers'
[  +0.000000] x86/fpu: Supporting XSAVE feature 0x010: 'MPX CSR'
[  +0.000000] x86/fpu: xstate_offset[2]:  576, xstate_sizes[2]:  256
[  +0.000000] x86/fpu: xstate_offset[3]:  832, xstate_sizes[3]:   64
[  +0.000000] x86/fpu: xstate_offset[4]:  896, xstate_sizes[4]:   64
[  +0.000000] x86/fpu: Enabled xstate features 0x1f, context size is 960 bytes, using 'compacted' format.
[  +0.000000] BIOS-provided physical RAM map:
[  +0.000000] BIOS-e820: [mem 0x0000000000000000-0x000000000009d3ff] usable
[  +0.000000] BIOS-e820: [mem 0x000000000009d400-0x000000000009ffff] reserved
[  +0.000000] BIOS-e820: [mem 0x00000000000e0000-0x00000000000fffff] reserved
[  +0.000000] BIOS-e820: [mem 0x0000000000100000-0x000000007c6ddfff] usable
[  +0.000000] BIOS-e820: [mem 0x000000007c6de000-0x000000007df49fff] reserved
[  +0.000000] BIOS-e820: [mem 0x000000007df4a000-0x000000007e0dcfff] usable
[  +0.000000] BIOS-e820: [mem 0x000000007e0dd000-0x000000007e49ffff] ACPI NVS
[  +0.000000] BIOS-e820: [mem 0x000000007e4a0000-0x000000007ec0efff] reserved
[  +0.000000] BIOS-e820: [mem 0x000000007ec0f000-0x000000007ec0ffff] usable
[  +0.000000] BIOS-e820: [mem 0x000000007ec10000-0x000000008fffffff] reserved
[  +0.000000] BIOS-e820: [mem 0x00000000e0000000-0x00000000efffffff] reserved
[  +0.000000] BIOS-e820: [mem 0x00000000fe000000-0x00000000fe010fff] reserved
[  +0.000000] BIOS-e820: [mem 0x00000000fec00000-0x00000000fec00fff] reserved
[  +0.000000] BIOS-e820: [mem 0x00000000fed00000-0x00000000fed03fff] reserved
[  +0.000000] BIOS-e820: [mem 0x00000000fee00000-0x00000000fee00fff] reserved
[  +0.000000] BIOS-e820: [mem 0x00000000ff000000-0x00000000ffffffff] reserved
[  +0.000000] BIOS-e820: [mem 0x0000000100000000-0x000000086dffffff] usable
[  +0.000000] NX (Execute Disable) protection: active
[  +0.000000] SMBIOS 3.1.1 present.
[  +0.000000] DMI: To Be Filled By O.E.M. To Be Filled By O.E.M./Z390 Pro4, BIOS P4.20 05/03/2019
[  +0.000000] tsc: Detected 3000.000 MHz processor
[  +0.000000] e820: update [mem 0x00000000-0x00000fff] usable ==> reserved
[  +0.000002] e820: remove [mem 0x000a0000-0x000fffff] usable
[  +0.000005] last_pfn = 0x86e000 max_arch_pfn = 0x400000000
[  +0.000003] MTRR default type: write-back
[  +0.000001] MTRR fixed ranges enabled:
[  +0.000001]   00000-9FFFF write-back
[  +0.000000]   A0000-BFFFF uncachable
[  +0.000001]   C0000-FFFFF write-protect
[  +0.000000] MTRR variable ranges enabled:
[  +0.000002]   0 base 0080000000 mask 7F80000000 uncachable
[  +0.000001]   1 base 007F800000 mask 7FFF800000 uncachable
[  +0.000000]   2 base 2000000000 mask 6000000000 uncachable
[  +0.000001]   3 base 1000000000 mask 7000000000 uncachable
[  +0.000001]   4 base 4000000000 mask 4000000000 uncachable
[  +0.000000]   5 disabled
[  +0.000001]   6 disabled
[  +0.000000]   7 disabled
[  +0.000000]   8 disabled
[  +0.000001]   9 disabled
[  +0.000855] x86/PAT: Configuration [0-7]: WB  WC  UC- UC  WB  WP  UC- WT  
[  +0.000128] last_pfn = 0x7ec10 max_arch_pfn = 0x400000000
[  +0.006736] found SMP MP-table at [mem 0x000fcdc0-0x000fcdcf]
[  +0.000057] check: Scanning 1 areas for low memory corruption
[  +0.000003] Using GB pages for direct mapping
[  +0.000001] BRK [0x626001000, 0x626001fff] PGTABLE
[  +0.000002] BRK [0x626002000, 0x626002fff] PGTABLE
[  +0.000000] BRK [0x626003000, 0x626003fff] PGTABLE
[  +0.000039] BRK [0x626004000, 0x626004fff] PGTABLE
[  +0.000002] BRK [0x626005000, 0x626005fff] PGTABLE
[  +0.000143] BRK [0x626006000, 0x626006fff] PGTABLE
[  +0.000033] BRK [0x626007000, 0x626007fff] PGTABLE
[  +0.000043] BRK [0x626008000, 0x626008fff] PGTABLE
[  +0.000002] BRK [0x626009000, 0x626009fff] PGTABLE
[  +0.000043] BRK [0x62600a000, 0x62600afff] PGTABLE
[  +0.000077] RAMDISK: [mem 0x33215000-0x35901fff]
[  +0.000010] ACPI: Early table checksum verification disabled
[  +0.000037] ACPI: RSDP 0x00000000000F05B0 000024 (v02 ALASKA)
[  +0.000003] ACPI: XSDT 0x000000007E3F00A8 0000CC (v01 ALASKA A M I    01072009 AMI  00010013)
[  +0.000004] ACPI: FACP 0x000000007E431B18 000114 (v06 ALASKA A M I    01072009 AMI  00010013)
[  +0.000004] ACPI: DSDT 0x000000007E3F0208 04190C (v02 ALASKA A M I    01072009 INTL 20160527)
[  +0.000003] ACPI: FACS 0x000000007E49F080 000040
[  +0.000001] ACPI: APIC 0x000000007E431C30 0000BC (v04 ALASKA A M I    01072009 AMI  00010013)
[  +0.000003] ACPI: FPDT 0x000000007E431CF0 000044 (v01 ALASKA A M I    01072009 AMI  00010013)
[  +0.000001] ACPI: FIDT 0x000000007E431D38 00009C (v01 ALASKA A M I    01072009 AMI  00010013)
[  +0.000003] ACPI: MCFG 0x000000007E431DD8 00003C (v01 ALASKA A M I    01072009 MSFT 00000097)
[  +0.000002] ACPI: SSDT 0x000000007E431E18 000378 (v01 SataRe SataTabl 00001000 INTL 20160527)
[  +0.000002] ACPI: SSDT 0x000000007E432190 001B1C (v02 CpuRef CpuSsdt  00003000 INTL 20160527)
[  +0.000002] ACPI: AAFT 0x000000007E433CB0 000242 (v01 ALASKA OEMAAFT  01072009 MSFT 00000097)
[  +0.000002] ACPI: SSDT 0x000000007E433EF8 0031C6 (v02 SaSsdt SaSsdt   00003000 INTL 20160527)
[  +0.000002] ACPI: SSDT 0x000000007E4370C0 00231B (v02 PegSsd PegSsdt  00001000 INTL 20160527)
[  +0.000002] ACPI: HPET 0x000000007E4393E0 000038 (v01 ALASKA A M I    00000002      01000013)
[  +0.000002] ACPI: SSDT 0x000000007E439418 002950 (v02 INTEL  xh_cfsd4 00000000 INTL 20160527)
[  +0.000003] ACPI: UEFI 0x000000007E43BD68 000042 (v01 ALASKA A M I    00000002      01000013)
[  +0.000002] ACPI: LPIT 0x000000007E43BDB0 00005C (v01 ALASKA A M I    00000002      01000013)
[  +0.000001] ACPI: SSDT 0x000000007E43BE10 0014E2 (v02 ALASKA TbtTypeC 00000000 INTL 20160527)
[  +0.000002] ACPI: DBGP 0x000000007E43D2F8 000034 (v01 ALASKA A M I    00000002      01000013)
[  +0.000002] ACPI: DBG2 0x000000007E43D330 000054 (v00 ALASKA A M I    00000002      01000013)
[  +0.000002] ACPI: SSDT 0x000000007E43D388 001B67 (v02 ALASKA UsbCTabl 00001000 INTL 20160527)
[  +0.000002] ACPI: SSDT 0x000000007E43EEF0 000144 (v02 Intel  ADebTabl 00001000 INTL 20160527)
[  +0.000002] ACPI: DMAR 0x000000007E43F038 0000A8 (v01 INTEL  EDK2     00000002      01000013)
[  +0.000002] ACPI: WSMT 0x000000007E43F0E0 000028 (v01 ALASKA A M I    01072009 AMI  00010013)
[  +0.000008] ACPI: Local APIC address 0xfee00000
[  +0.000296] No NUMA configuration found
[  +0.000001] Faking a node at [mem 0x0000000000000000-0x000000086dffffff]
[  +0.000007] NODE_DATA(0) allocated [mem 0x86dfd5000-0x86dffffff]
[  +0.000210] Zone ranges:
[  +0.000001]   DMA      [mem 0x0000000000001000-0x0000000000ffffff]
[  +0.000001]   DMA32    [mem 0x0000000001000000-0x00000000ffffffff]
[  +0.000001]   Normal   [mem 0x0000000100000000-0x000000086dffffff]
[  +0.000000]   Device   empty
[  +0.000001] Movable zone start for each node
[  +0.000002] Early memory node ranges
[  +0.000001]   node   0: [mem 0x0000000000001000-0x000000000009cfff]
[  +0.000000]   node   0: [mem 0x0000000000100000-0x000000007c6ddfff]
[  +0.000001]   node   0: [mem 0x000000007df4a000-0x000000007e0dcfff]
[  +0.000000]   node   0: [mem 0x000000007ec0f000-0x000000007ec0ffff]
[  +0.000001]   node   0: [mem 0x0000000100000000-0x000000086dffffff]
[  +0.000187] Zeroed struct page in unavailable ranges: 14322 pages
[  +0.000001] Initmem setup node 0 [mem 0x0000000000001000-0x000000086dffffff]
[  +0.000001] On node 0 totalpages: 8300558
[  +0.000001]   DMA zone: 64 pages used for memmap
[  +0.000000]   DMA zone: 21 pages reserved
[  +0.000001]   DMA zone: 3996 pages, LIFO batch:0
[  +0.000084]   DMA32 zone: 7906 pages used for memmap
[  +0.000001]   DMA32 zone: 505970 pages, LIFO batch:63
[  +0.012341]   Normal zone: 121728 pages used for memmap
[  +0.000000]   Normal zone: 7790592 pages, LIFO batch:63
[  +0.158120] Reserving Intel graphics memory at [mem 0x80000000-0x8fffffff]
[  +0.000179] ACPI: PM-Timer IO Port: 0x1808
[  +0.000002] ACPI: Local APIC address 0xfee00000
[  +0.000004] ACPI: LAPIC_NMI (acpi_id[0x01] high edge lint[0x1])
[  +0.000001] ACPI: LAPIC_NMI (acpi_id[0x02] high edge lint[0x1])
[  +0.000000] ACPI: LAPIC_NMI (acpi_id[0x03] high edge lint[0x1])
[  +0.000001] ACPI: LAPIC_NMI (acpi_id[0x04] high edge lint[0x1])
[  +0.000000] ACPI: LAPIC_NMI (acpi_id[0x05] high edge lint[0x1])
[  +0.000001] ACPI: LAPIC_NMI (acpi_id[0x06] high edge lint[0x1])
[  +0.000000] ACPI: LAPIC_NMI (acpi_id[0x07] high edge lint[0x1])
[  +0.000001] ACPI: LAPIC_NMI (acpi_id[0x08] high edge lint[0x1])
[  +0.000050] IOAPIC[0]: apic_id 2, version 32, address 0xfec00000, GSI 0-119
[  +0.000002] ACPI: INT_SRC_OVR (bus 0 bus_irq 0 global_irq 2 dfl dfl)
[  +0.000001] ACPI: INT_SRC_OVR (bus 0 bus_irq 9 global_irq 9 high level)
[  +0.000001] ACPI: IRQ0 used by override.
[  +0.000001] ACPI: IRQ9 used by override.
[  +0.000001] Using ACPI (MADT) for SMP configuration information
[  +0.000001] ACPI: HPET id: 0x8086a201 base: 0xfed00000
[  +0.000003] smpboot: Allowing 8 CPUs, 0 hotplug CPUs
[  +0.000012] PM: Registered nosave memory: [mem 0x00000000-0x00000fff]
[  +0.000001] PM: Registered nosave memory: [mem 0x0009d000-0x0009dfff]
[  +0.000000] PM: Registered nosave memory: [mem 0x0009e000-0x0009ffff]
[  +0.000001] PM: Registered nosave memory: [mem 0x000a0000-0x000dffff]
[  +0.000000] PM: Registered nosave memory: [mem 0x000e0000-0x000fffff]
[  +0.000001] PM: Registered nosave memory: [mem 0x7c6de000-0x7df49fff]
[  +0.000001] PM: Registered nosave memory: [mem 0x7e0dd000-0x7e49ffff]
[  +0.000001] PM: Registered nosave memory: [mem 0x7e4a0000-0x7ec0efff]
[  +0.000001] PM: Registered nosave memory: [mem 0x7ec10000-0x8fffffff]
[  +0.000000] PM: Registered nosave memory: [mem 0x90000000-0xdfffffff]
[  +0.000001] PM: Registered nosave memory: [mem 0xe0000000-0xefffffff]
[  +0.000000] PM: Registered nosave memory: [mem 0xf0000000-0xfdffffff]
[  +0.000000] PM: Registered nosave memory: [mem 0xfe000000-0xfe010fff]
[  +0.000001] PM: Registered nosave memory: [mem 0xfe011000-0xfebfffff]
[  +0.000000] PM: Registered nosave memory: [mem 0xfec00000-0xfec00fff]
[  +0.000001] PM: Registered nosave memory: [mem 0xfec01000-0xfecfffff]
[  +0.000000] PM: Registered nosave memory: [mem 0xfed00000-0xfed03fff]
[  +0.000000] PM: Registered nosave memory: [mem 0xfed04000-0xfedfffff]
[  +0.000001] PM: Registered nosave memory: [mem 0xfee00000-0xfee00fff]
[  +0.000000] PM: Registered nosave memory: [mem 0xfee01000-0xfeffffff]
[  +0.000001] PM: Registered nosave memory: [mem 0xff000000-0xffffffff]
[  +0.000001] [mem 0x90000000-0xdfffffff] available for PCI devices
[  +0.000001] Booting paravirtualized kernel on bare hardware
[  +0.000002] clocksource: refined-jiffies: mask: 0xffffffff max_cycles: 0xffffffff, max_idle_ns: 7645519600211568 ns
[  +0.000008] random: get_random_bytes called from start_kernel+0x97/0x516 with crng_init=0
[  +0.000005] setup_percpu: NR_CPUS:8192 nr_cpumask_bits:8 nr_cpu_ids:8 nr_node_ids:1
[  +0.000147] percpu: Embedded 46 pages/cpu s151552 r8192 d28672 u262144
[  +0.000005] pcpu-alloc: s151552 r8192 d28672 u262144 alloc=1*2097152
[  +0.000001] pcpu-alloc: [0] 0 1 2 3 4 5 6 7 
[  +0.000019] Built 1 zonelists, mobility grouping on.  Total pages: 8170839
[  +0.000000] Policy zone: Normal
[  +0.000001] Kernel command line: BOOT_IMAGE=/boot/vmlinuz-5.0.0-36-generic root=UUID=8c43e66a-1c07-4728-af31-6f9347b39f6a ro quiet splash vt.handoff=1
[  +0.003152] Calgary: detecting Calgary via BIOS EBDA area
[  +0.000001] Calgary: Unable to locate Rio Grande table in EBDA - bailing!
[  +0.061017] Memory: 32541448K/33202232K available (14339K kernel code, 2336K rwdata, 4416K rodata, 2588K init, 5192K bss, 660784K reserved, 0K cma-reserved)
[  +0.000104] SLUB: HWalign=64, Order=0-3, MinObjects=0, CPUs=8, Nodes=1
[  +0.000004] ftrace: allocating 41686 entries in 163 pages
[  +0.015318] rcu: Hierarchical RCU implementation.
[  +0.000001] rcu: 	RCU restricting CPUs from NR_CPUS=8192 to nr_cpu_ids=8.
[  +0.000001] 	Tasks RCU enabled.
[  +0.000001] rcu: RCU calculated value of scheduler-enlistment delay is 25 jiffies.
[  +0.000000] rcu: Adjusting geometry for rcu_fanout_leaf=16, nr_cpu_ids=8
[  +0.002381] NR_IRQS: 524544, nr_irqs: 2048, preallocated irqs: 16
[  +0.000376] vt handoff: transparent VT on vt#1
[  +0.000006] Console: colour dummy device 80x25
[  +0.000003] printk: console [tty0] enabled
[  +0.000012] ACPI: Core revision 20181213
[  +0.000417] clocksource: hpet: mask: 0xffffffff max_cycles: 0xffffffff, max_idle_ns: 79635855245 ns
[  +0.000038] hpet clockevent registered
[  +0.000051] APIC: Switch to symmetric I/O mode setup
[  +0.000001] DMAR: Host address width 39
[  +0.000001] DMAR: DRHD base: 0x000000fed90000 flags: 0x0
[  +0.000005] DMAR: dmar0: reg_base_addr fed90000 ver 1:0 cap 1c0000c40660462 ecap 19e2ff0505e
[  +0.000000] DMAR: DRHD base: 0x000000fed91000 flags: 0x1
[  +0.000003] DMAR: dmar1: reg_base_addr fed91000 ver 1:0 cap d2008c40660462 ecap f050da
[  +0.000000] DMAR: RMRR base: 0x0000007e704000 end: 0x0000007e94dfff
[  +0.000001] DMAR: RMRR base: 0x0000007f800000 end: 0x0000008fffffff
[  +0.000002] DMAR-IR: IOAPIC id 2 under DRHD base  0xfed91000 IOMMU 1
[  +0.000000] DMAR-IR: HPET id 0 under DRHD base 0xfed91000
[  +0.000001] DMAR-IR: Queued invalidation will be enabled to support x2apic and Intr-remapping.
[  +0.002092] DMAR-IR: Enabled IRQ remapping in x2apic mode
[  +0.000001] x2apic enabled
[  +0.000025] Switched APIC routing to cluster x2apic.
[  +0.006228] ..TIMER: vector=0x30 apic1=0 pin1=2 apic2=-1 pin2=-1
[  +0.019607] clocksource: tsc-early: mask: 0xffffffffffffffff max_cycles: 0x2b3e459bf4c, max_idle_ns: 440795289890 ns
[  +0.000009] Calibrating delay loop (skipped), value calculated using timer frequency.. 6000.00 BogoMIPS (lpj=12000000)
[  +0.000002] pid_max: default: 32768 minimum: 301
[  +0.000027] LSM: Security Framework initializing
[  +0.000008] Yama: becoming mindful.
[  +0.000016] AppArmor: AppArmor initialized
[  +0.003125] Dentry cache hash table entries: 4194304 (order: 13, 33554432 bytes)
[  +0.001573] Inode-cache hash table entries: 2097152 (order: 12, 16777216 bytes)
[  +0.000056] Mount-cache hash table entries: 65536 (order: 7, 524288 bytes)
[  +0.000049] Mountpoint-cache hash table entries: 65536 (order: 7, 524288 bytes)
[  +0.000172] ENERGY_PERF_BIAS: Set to 'normal', was 'performance'
[  +0.000000] ENERGY_PERF_BIAS: View and update with x86_energy_perf_policy(8)
[  +0.000015] mce: CPU0: Thermal monitoring enabled (TM1)
[  +0.000024] process: using mwait in idle threads
[  +0.000001] Last level iTLB entries: 4KB 128, 2MB 8, 4MB 8
[  +0.000001] Last level dTLB entries: 4KB 64, 2MB 0, 4MB 0, 1GB 4
[  +0.000005] Spectre V1 : Mitigation: usercopy/swapgs barriers and __user pointer sanitization
[  +0.000001] Spectre V2 : Mitigation: Enhanced IBRS
[  +0.000001] Spectre V2 : Spectre v2 / SpectreRSB mitigation: Filling RSB on context switch
[  +0.000007] Spectre V2 : mitigation: Enabling conditional Indirect Branch Prediction Barrier
[  +0.000001] Speculative Store Bypass: Mitigation: Speculative Store Bypass disabled via prctl and seccomp
[  +0.000000] TAA: Mitigation: TSX disabled
[  +0.000214] Freeing SMP alternatives memory: 36K
[  +0.001643] TSC deadline timer enabled
[  +0.000005] smpboot: CPU0: Intel(R) Core(TM) i7-9700 CPU @ 3.00GHz (family: 0x6, model: 0x9e, stepping: 0xd)
[  +0.000063] Performance Events: PEBS fmt3+, Skylake events, 32-deep LBR, full-width counters, Intel PMU driver.
[  +0.000006] ... version:                4
[  +0.000000] ... bit width:              48
[  +0.000000] ... generic registers:      8
[  +0.000001] ... value mask:             0000ffffffffffff
[  +0.000000] ... max period:             00007fffffffffff
[  +0.000001] ... fixed-purpose events:   3
[  +0.000000] ... event mask:             00000007000000ff
[  +0.000030] rcu: Hierarchical SRCU implementation.
[  +0.000563] random: crng done (trusting CPU's manufacturer)
[  +0.000291] NMI watchdog: Enabled. Permanently consumes one hw-PMU counter.
[  +0.000053] smp: Bringing up secondary CPUs ...
[  +0.000038] x86: Booting SMP configuration:
[  +0.000000] .... node  #0, CPUs:      #1 #2 #3 #4 #5 #6 #7
[  +0.009803] smp: Brought up 1 node, 8 CPUs
[  +0.000000] smpboot: Max logical packages: 1
[  +0.000000] smpboot: Total of 8 processors activated (48000.00 BogoMIPS)
[  +0.002664] devtmpfs: initialized
[  +0.000000] x86/mm: Memory block size: 128MB
[  +0.001186] PM: Registering ACPI NVS region [mem 0x7e0dd000-0x7e49ffff] (3944448 bytes)
[  +0.000000] clocksource: jiffies: mask: 0xffffffff max_cycles: 0xffffffff, max_idle_ns: 7645041785100000 ns
[  +0.000000] futex hash table entries: 2048 (order: 5, 131072 bytes)
[  +0.000000] pinctrl core: initialized pinctrl subsystem
[  +0.000000] RTC time: 01:22:54, date: 2019-11-24
[  +0.000000] NET: Registered protocol family 16
[  +0.000000] audit: initializing netlink subsys (disabled)
[  +0.000000] audit: type=2000 audit(1574558574.044:1): state=initialized audit_enabled=0 res=1
[  +0.000000] EISA bus registered
[  +0.000000] cpuidle: using governor ladder
[  +0.000000] cpuidle: using governor menu
[  +0.000000] KVM setup pv remote TLB flush
[  +0.000000] ACPI FADT declares the system doesn't support PCIe ASPM, so disable it
[  +0.000000] ACPI: bus type PCI registered
[  +0.000000] acpiphp: ACPI Hot Plug PCI Controller Driver version: 0.5
[  +0.000000] PCI: MMCONFIG for domain 0000 [bus 00-ff] at [mem 0xe0000000-0xefffffff] (base 0xe0000000)
[  +0.000000] PCI: MMCONFIG at [mem 0xe0000000-0xefffffff] reserved in E820
[  +0.000000] PCI: Using configuration type 1 for base access
[  +0.002533] HugeTLB registered 1.00 GiB page size, pre-allocated 0 pages
[  +0.000000] HugeTLB registered 2.00 MiB page size, pre-allocated 0 pages
[  +0.000000] ACPI: Added _OSI(Module Device)
[  +0.000000] ACPI: Added _OSI(Processor Device)
[  +0.000000] ACPI: Added _OSI(3.0 _SCP Extensions)
[  +0.000000] ACPI: Added _OSI(Processor Aggregator Device)
[  +0.000000] ACPI: Added _OSI(Linux-Dell-Video)
[  +0.000000] ACPI: Added _OSI(Linux-Lenovo-NV-HDMI-Audio)
[  +0.000000] ACPI: Added _OSI(Linux-HPI-Hybrid-Graphics)
[  +0.071244] ACPI: 9 ACPI AML tables successfully acquired and loaded
[  +0.008261] ACPI: Dynamic OEM Table Load:
[  +0.000004] ACPI: SSDT 0xFFFF901F49869C00 0000F4 (v02 PmRef  Cpu0Psd  00003000 INTL 20160527)
[  +0.000345] ACPI: \_SB_.PR00: _OSC native thermal LVT Acked
[  +0.001691] ACPI: Dynamic OEM Table Load:
[  +0.000004] ACPI: SSDT 0xFFFF901F4988D000 000400 (v02 PmRef  Cpu0Cst  00003001 INTL 20160527)
[  +0.000461] ACPI: Dynamic OEM Table Load:
[  +0.000004] ACPI: SSDT 0xFFFF901F4A3CB800 000605 (v02 PmRef  Cpu0Ist  00003000 INTL 20160527)
[  +0.000875] ACPI: Dynamic OEM Table Load:
[  +0.000004] ACPI: SSDT 0xFFFF901F4A3C9000 0005FC (v02 PmRef  ApIst    00003000 INTL 20160527)
[  +0.000668] ACPI: Dynamic OEM Table Load:
[  +0.000005] ACPI: SSDT 0xFFFF901F4987D000 000AB0 (v02 PmRef  ApPsd    00003000 INTL 20160527)
[  +0.001078] ACPI: Dynamic OEM Table Load:
[  +0.000004] ACPI: SSDT 0xFFFF901F49888400 00030A (v02 PmRef  ApCst    00003000 INTL 20160527)
[  +0.005077] ACPI: Interpreter enabled
[  +0.000038] ACPI: (supports S0 S3 S4 S5)
[  +0.000000] ACPI: Using IOAPIC for interrupt routing
[  +0.000117] PCI: Using host bridge windows from ACPI; if necessary, use "pci=nocrs" and report a bug
[  +0.001317] ACPI: Enabled 9 GPEs in block 00 to 7F
[  +0.018971] ACPI: Power Resource [USBC] (on)
[  +0.003206] ACPI: Power Resource [V0PR] (on)
[  +0.000444] ACPI: Power Resource [V1PR] (on)
[  +0.000436] ACPI: Power Resource [V2PR] (on)
[  +0.006378] ACPI: Power Resource [WRST] (on)
[  +0.006197] ACPI: Power Resource [PIN] (off)
[  +0.000594] ACPI: PCI Root Bridge [PCI0] (domain 0000 [bus 00-fe])
[  +0.000005] acpi PNP0A08:00: _OSC: OS supports [ExtendedConfig ASPM ClockPM Segments MSI]
[  +0.000208] acpi PNP0A08:00: _OSC: platform does not support [PCIeHotplug SHPCHotplug PME]
[  +0.000199] acpi PNP0A08:00: _OSC: OS now controls [AER PCIeCapability LTR]
[  +0.000001] acpi PNP0A08:00: FADT indicates ASPM is unsupported, using BIOS configuration
[  +0.001080] PCI host bridge to bus 0000:00
[  +0.000001] pci_bus 0000:00: root bus resource [io  0x0000-0x0cf7 window]
[  +0.000001] pci_bus 0000:00: root bus resource [io  0x0d00-0xffff window]
[  +0.000001] pci_bus 0000:00: root bus resource [mem 0x000a0000-0x000bffff window]
[  +0.000001] pci_bus 0000:00: root bus resource [mem 0x90000000-0xdfffffff window]
[  +0.000001] pci_bus 0000:00: root bus resource [mem 0x4000000000-0x7fffffffff window]
[  +0.000000] pci_bus 0000:00: root bus resource [mem 0xfc800000-0xfe7fffff window]
[  +0.000001] pci_bus 0000:00: root bus resource [bus 00-fe]
[  +0.000006] pci 0000:00:00.0: [8086:3e30] type 00 class 0x060000
[  +0.000378] pci 0000:00:01.0: [8086:1901] type 01 class 0x060400
[  +0.000037] pci 0000:00:01.0: PME# supported from D0 D3hot D3cold
[  +0.000216] pci 0000:00:02.0: [8086:3e98] type 00 class 0x030000
[  +0.000008] pci 0000:00:02.0: reg 0x10: [mem 0xc1000000-0xc1ffffff 64bit]
[  +0.000004] pci 0000:00:02.0: reg 0x18: [mem 0x90000000-0x9fffffff 64bit pref]
[  +0.000003] pci 0000:00:02.0: reg 0x20: [io  0x3000-0x303f]
[  +0.000232] pci 0000:00:12.0: [8086:a379] type 00 class 0x118000
[  +0.000023] pci 0000:00:12.0: reg 0x10: [mem 0x4300119000-0x4300119fff 64bit]
[  +0.000216] pci 0000:00:14.0: [8086:a36d] type 00 class 0x0c0330
[  +0.000017] pci 0000:00:14.0: reg 0x10: [mem 0x4300100000-0x430010ffff 64bit]
[  +0.000055] pci 0000:00:14.0: PME# supported from D3hot D3cold
[  +0.000428] pci 0000:00:14.2: [8086:a36f] type 00 class 0x050000
[  +0.000020] pci 0000:00:14.2: reg 0x10: [mem 0x4300114000-0x4300115fff 64bit]
[  +0.000011] pci 0000:00:14.2: reg 0x18: [mem 0x4300118000-0x4300118fff 64bit]
[  +0.000178] pci 0000:00:16.0: [8086:a360] type 00 class 0x078000
[  +0.000027] pci 0000:00:16.0: reg 0x10: [mem 0x4300117000-0x4300117fff 64bit]
[  +0.000083] pci 0000:00:16.0: PME# supported from D3hot
[  +0.000234] pci 0000:00:17.0: [8086:a352] type 00 class 0x010601
[  +0.000015] pci 0000:00:17.0: reg 0x10: [mem 0xc2020000-0xc2021fff]
[  +0.000006] pci 0000:00:17.0: reg 0x14: [mem 0xc2023000-0xc20230ff]
[  +0.000006] pci 0000:00:17.0: reg 0x18: [io  0x3090-0x3097]
[  +0.000006] pci 0000:00:17.0: reg 0x1c: [io  0x3080-0x3083]
[  +0.000006] pci 0000:00:17.0: reg 0x20: [io  0x3060-0x307f]
[  +0.000006] pci 0000:00:17.0: reg 0x24: [mem 0xc2022000-0xc20227ff]
[  +0.000036] pci 0000:00:17.0: PME# supported from D3hot
[  +0.000235] pci 0000:00:1f.0: [8086:a305] type 00 class 0x060100
[  +0.000324] pci 0000:00:1f.3: [8086:a348] type 00 class 0x040300
[  +0.000043] pci 0000:00:1f.3: reg 0x10: [mem 0x4300110000-0x4300113fff 64bit]
[  +0.000045] pci 0000:00:1f.3: reg 0x20: [mem 0x4300000000-0x43000fffff 64bit]
[  +0.000081] pci 0000:00:1f.3: PME# supported from D3hot D3cold
[  +0.000748] pci 0000:00:1f.4: [8086:a323] type 00 class 0x0c0500
[  +0.000019] pci 0000:00:1f.4: reg 0x10: [mem 0x4300116000-0x43001160ff 64bit]
[  +0.000027] pci 0000:00:1f.4: reg 0x20: [io  0xefa0-0xefbf]
[  +0.000181] pci 0000:00:1f.5: [8086:a324] type 00 class 0x0c8000
[  +0.000015] pci 0000:00:1f.5: reg 0x10: [mem 0xfe010000-0xfe010fff]
[  +0.000165] pci 0000:00:1f.6: [8086:15bc] type 00 class 0x020000
[  +0.000035] pci 0000:00:1f.6: reg 0x10: [mem 0xc2000000-0xc201ffff]
[  +0.000147] pci 0000:00:1f.6: PME# supported from D0 D3hot D3cold
[  +0.000155] pci 0000:01:00.0: [1e4c:0010] type 00 class 0x070001
[  +0.000016] pci 0000:01:00.0: reg 0x10: [mem 0xa0000000-0xbfffffff]
[  +0.000006] pci 0000:01:00.0: reg 0x14: [mem 0xc0000000-0xc001ffff]
[  +0.000010] pci 0000:01:00.0: reg 0x18: [mem 0x4000000000-0x41ffffffff 64bit pref]
[  +0.000010] pci 0000:01:00.0: reg 0x20: [mem 0x4200000000-0x42ffffffff 64bit pref]
[  +0.000067] pci 0000:01:00.0: 16.000 Gb/s available PCIe bandwidth, limited by 2.5 GT/s x8 link at 0000:00:01.0 (capable of 63.008 Gb/s with 8 GT/s x8 link)
[  +0.000036] pci 0000:00:01.0: PCI bridge to [bus 01]
[  +0.000002] pci 0000:00:01.0:   bridge window [mem 0xa0000000-0xc00fffff]
[  +0.000003] pci 0000:00:01.0:   bridge window [mem 0x4000000000-0x42ffffffff 64bit pref]
[  +0.001390] ACPI: PCI Interrupt Link [LNKA] (IRQs 3 4 5 6 10 11 12 14 15) *0
[  +0.000086] ACPI: PCI Interrupt Link [LNKB] (IRQs 3 4 5 6 10 11 12 14 15) *1
[  +0.000083] ACPI: PCI Interrupt Link [LNKC] (IRQs 3 4 5 6 10 11 12 14 15) *0
[  +0.000084] ACPI: PCI Interrupt Link [LNKD] (IRQs 3 4 5 6 10 11 12 14 15) *0
[  +0.000083] ACPI: PCI Interrupt Link [LNKE] (IRQs 3 4 5 6 10 11 12 14 15) *0
[  +0.000083] ACPI: PCI Interrupt Link [LNKF] (IRQs 3 4 5 6 10 11 12 14 15) *0
[  +0.000082] ACPI: PCI Interrupt Link [LNKG] (IRQs 3 4 5 6 10 11 12 14 15) *0
[  +0.000083] ACPI: PCI Interrupt Link [LNKH] (IRQs 3 4 5 6 10 11 12 14 15) *0
[  +0.000420] SCSI subsystem initialized
[  +0.000000] libata version 3.00 loaded.
[  +0.000000] pci 0000:00:02.0: vgaarb: setting as boot VGA device
[  +0.000000] pci 0000:00:02.0: vgaarb: VGA device added: decodes=io+mem,owns=io+mem,locks=none
[  +0.000000] pci 0000:00:02.0: vgaarb: bridge control possible
[  +0.000000] vgaarb: loaded
[  +0.000000] ACPI: bus type USB registered
[  +0.000000] usbcore: registered new interface driver usbfs
[  +0.000000] usbcore: registered new interface driver hub
[  +0.000000] usbcore: registered new device driver usb
[  +0.000000] pps_core: LinuxPPS API ver. 1 registered
[  +0.000000] pps_core: Software ver. 5.3.6 - Copyright 2005-2007 Rodolfo Giometti <giometti@linux.it>
[  +0.000000] PTP clock support registered
[  +0.000000] EDAC MC: Ver: 3.0.0
[  +0.000000] PCI: Using ACPI for IRQ routing
[  +0.044718] PCI: pci_cache_line_size set to 64 bytes
[  +0.000054] e820: reserve RAM buffer [mem 0x0009d400-0x0009ffff]
[  +0.000001] e820: reserve RAM buffer [mem 0x7c6de000-0x7fffffff]
[  +0.000001] e820: reserve RAM buffer [mem 0x7e0dd000-0x7fffffff]
[  +0.000001] e820: reserve RAM buffer [mem 0x7ec10000-0x7fffffff]
[  +0.000000] e820: reserve RAM buffer [mem 0x86e000000-0x86fffffff]
[  +0.000068] NetLabel: Initializing
[  +0.000001] NetLabel:  domain hash size = 128
[  +0.000000] NetLabel:  protocols = UNLABELED CIPSOv4 CALIPSO
[  +0.000011] NetLabel:  unlabeled traffic allowed by default
[  +0.000010] hpet0: at MMIO 0xfed00000, IRQs 2, 8, 0, 0, 0, 0, 0, 0
[  +0.000000] hpet0: 8 comparators, 64-bit 24.000000 MHz counter
[  +0.003020] clocksource: Switched to clocksource tsc-early
[  +0.008560] VFS: Disk quotas dquot_6.6.0
[  +0.000010] VFS: Dquot-cache hash table entries: 512 (order 0, 4096 bytes)
[  +0.000075] AppArmor: AppArmor Filesystem Enabled
[  +0.000013] pnp: PnP ACPI init
[  +0.000329] system 00:00: [io  0x0280-0x028f] has been reserved
[  +0.000001] system 00:00: [io  0x0290-0x029f] has been reserved
[  +0.000001] system 00:00: [io  0x02a0-0x02af] has been reserved
[  +0.000001] system 00:00: [io  0x02b0-0x02bf] has been reserved
[  +0.000004] system 00:00: Plug and Play ACPI device, IDs PNP0c02 (active)
[  +0.000334] pnp 00:01: [dma 0 disabled]
[  +0.000033] pnp 00:01: Plug and Play ACPI device, IDs PNP0501 (active)
[  +0.000100] system 00:02: [io  0x0680-0x069f] has been reserved
[  +0.000001] system 00:02: [io  0x164e-0x164f] has been reserved
[  +0.000003] system 00:02: Plug and Play ACPI device, IDs PNP0c02 (active)
[  +0.000115] system 00:03: [io  0x1854-0x1857] has been reserved
[  +0.000003] system 00:03: Plug and Play ACPI device, IDs INT3f0d PNP0c02 (active)
[  +0.000190] system 00:04: [mem 0xfed10000-0xfed17fff] has been reserved
[  +0.000001] system 00:04: [mem 0xfed18000-0xfed18fff] has been reserved
[  +0.000001] system 00:04: [mem 0xfed19000-0xfed19fff] has been reserved
[  +0.000002] system 00:04: [mem 0xe0000000-0xefffffff] has been reserved
[  +0.000001] system 00:04: [mem 0xfed20000-0xfed3ffff] has been reserved
[  +0.000001] system 00:04: [mem 0xfed90000-0xfed93fff] could not be reserved
[  +0.000001] system 00:04: [mem 0xfed45000-0xfed8ffff] has been reserved
[  +0.000001] system 00:04: [mem 0xfee00000-0xfeefffff] could not be reserved
[  +0.000003] system 00:04: Plug and Play ACPI device, IDs PNP0c02 (active)
[  +0.000225] system 00:05: [io  0x1800-0x18fe] could not be reserved
[  +0.000001] system 00:05: [mem 0xfd000000-0xfd69ffff] has been reserved
[  +0.000001] system 00:05: [mem 0xfd6c0000-0xfd6cffff] has been reserved
[  +0.000001] system 00:05: [mem 0xfd6f0000-0xfdffffff] has been reserved
[  +0.000001] system 00:05: [mem 0xfe000000-0xfe01ffff] could not be reserved
[  +0.000001] system 00:05: [mem 0xfe200000-0xfe7fffff] has been reserved
[  +0.000001] system 00:05: [mem 0xff000000-0xffffffff] has been reserved
[  +0.000003] system 00:05: Plug and Play ACPI device, IDs PNP0c02 (active)
[  +0.000306] system 00:06: [io  0x2000-0x20fe] has been reserved
[  +0.000002] system 00:06: Plug and Play ACPI device, IDs PNP0c02 (active)
[  +0.000277] system 00:07: [mem 0xfd6e0000-0xfd6effff] has been reserved
[  +0.000001] system 00:07: [mem 0xfd6d0000-0xfd6dffff] has been reserved
[  +0.000001] system 00:07: [mem 0xfd6b0000-0xfd6bffff] has been reserved
[  +0.000000] system 00:07: [mem 0xfd6a0000-0xfd6affff] has been reserved
[  +0.000003] system 00:07: Plug and Play ACPI device, IDs PNP0c02 (active)
[  +0.001041] system 00:08: Plug and Play ACPI device, IDs PNP0c02 (active)
[  +0.000999] pnp: PnP ACPI: found 9 devices
[  +0.005375] clocksource: acpi_pm: mask: 0xffffff max_cycles: 0xffffff, max_idle_ns: 2085701024 ns
[  +0.000009] pci 0000:00:01.0: PCI bridge to [bus 01]
[  +0.000002] pci 0000:00:01.0:   bridge window [mem 0xa0000000-0xc00fffff]
[  +0.000002] pci 0000:00:01.0:   bridge window [mem 0x4000000000-0x42ffffffff 64bit pref]
[  +0.000003] pci_bus 0000:00: resource 4 [io  0x0000-0x0cf7 window]
[  +0.000001] pci_bus 0000:00: resource 5 [io  0x0d00-0xffff window]
[  +0.000001] pci_bus 0000:00: resource 6 [mem 0x000a0000-0x000bffff window]
[  +0.000001] pci_bus 0000:00: resource 7 [mem 0x90000000-0xdfffffff window]
[  +0.000001] pci_bus 0000:00: resource 8 [mem 0x4000000000-0x7fffffffff window]
[  +0.000000] pci_bus 0000:00: resource 9 [mem 0xfc800000-0xfe7fffff window]
[  +0.000001] pci_bus 0000:01: resource 1 [mem 0xa0000000-0xc00fffff]
[  +0.000001] pci_bus 0000:01: resource 2 [mem 0x4000000000-0x42ffffffff 64bit pref]
[  +0.000160] NET: Registered protocol family 2
[  +0.000108] tcp_listen_portaddr_hash hash table entries: 16384 (order: 6, 262144 bytes)
[  +0.000078] TCP established hash table entries: 262144 (order: 9, 2097152 bytes)
[  +0.000233] TCP bind hash table entries: 65536 (order: 8, 1048576 bytes)
[  +0.000075] TCP: Hash tables configured (established 262144 bind 65536)
[  +0.000032] UDP hash table entries: 16384 (order: 7, 524288 bytes)
[  +0.000060] UDP-Lite hash table entries: 16384 (order: 7, 524288 bytes)
[  +0.000088] NET: Registered protocol family 1
[  +0.000003] NET: Registered protocol family 44
[  +0.000008] pci 0000:00:02.0: Video device with shadowed ROM at [mem 0x000c0000-0x000dffff]
[  +0.000733] PCI: CLS 64 bytes, default 64
[  +0.000024] Unpacking initramfs...
[  +0.475127] Freeing initrd memory: 39860K
[  +0.053243] PCI-DMA: Using software bounce buffering for IO (SWIOTLB)
[  +0.000004] software IO TLB: mapped [mem 0x786de000-0x7c6de000] (64MB)
[  +0.000186] clocksource: tsc: mask: 0xffffffffffffffff max_cycles: 0x2b3e459bf4c, max_idle_ns: 440795289890 ns
[  +0.000011] clocksource: Switched to clocksource tsc
[  +0.000019] platform rtc_cmos: registered platform RTC device (no PNP device found)
[  +0.000068] check: Scanning for low memory corruption every 60 seconds
[  +0.001236] Initialise system trusted keyrings
[  +0.000005] Key type blacklist registered
[  +0.000022] workingset: timestamp_bits=36 max_order=23 bucket_order=0
[  +0.000949] zbud: loaded
[  +0.000246] squashfs: version 4.0 (2009/01/31) Phillip Lougher
[  +0.000129] fuse init (API version 7.28)
[  +0.025224] Key type asymmetric registered
[  +0.000001] Asymmetric key parser 'x509' registered
[  +0.000008] Block layer SCSI generic (bsg) driver version 0.4 loaded (major 243)
[  +0.000023] io scheduler mq-deadline registered
[  +0.000272] shpchp: Standard Hot Plug PCI Controller Driver version: 0.4
[  +0.000037] vesafb: mode is 1920x1080x32, linelength=7680, pages=0
[  +0.000001] vesafb: scrolling: redraw
[  +0.000000] vesafb: Truecolor: size=8:8:8:8, shift=24:16:8:0
[  +0.000008] vesafb: framebuffer at 0x90000000, mapped to 0x00000000f63b2cf6, using 8128k, total 8128k
[  +0.000062] Console: switching to colour frame buffer device 240x67
[  +0.000037] fb0: VESA VGA frame buffer device
[  +0.000009] intel_idle: MWAIT substates: 0x11142120
[  +0.000001] intel_idle: v0.4.1 model 0x9E
[  +0.000439] intel_idle: lapic_timer_reliable_states 0xffffffff
[  +0.000122] input: Sleep Button as /devices/LNXSYSTM:00/LNXSYBUS:00/PNP0C0E:00/input/input0
[  +0.000006] ACPI: Sleep Button [SLPB]
[  +0.000021] input: Power Button as /devices/LNXSYSTM:00/LNXSYBUS:00/PNP0C0C:00/input/input1
[  +0.000004] ACPI: Power Button [PWRB]
[  +0.000018] input: Power Button as /devices/LNXSYSTM:00/LNXPWRBN:00/input/input2
[  +0.000037] ACPI: Power Button [PWRF]
[  +0.000467] Serial: 8250/16550 driver, 32 ports, IRQ sharing enabled
[  +0.021283] 00:01: ttyS0 at I/O 0x3f8 (irq = 4, base_baud = 115200) is a 16550A
[  +0.001827] Linux agpgart interface v0.103
[  +0.001996] loop: module loaded
[  +0.000118] libphy: Fixed MDIO Bus: probed
[  +0.000001] tun: Universal TUN/TAP device driver, 1.6
[  +0.000016] PPP generic driver version 2.4.2
[  +0.000025] ehci_hcd: USB 2.0 'Enhanced' Host Controller (EHCI) Driver
[  +0.000002] ehci-pci: EHCI PCI platform driver
[  +0.000005] ehci-platform: EHCI generic platform driver
[  +0.000005] ohci_hcd: USB 1.1 'Open' Host Controller (OHCI) Driver
[  +0.000001] ohci-pci: OHCI PCI platform driver
[  +0.000005] ohci-platform: OHCI generic platform driver
[  +0.000004] uhci_hcd: USB Universal Host Controller Interface driver
[  +0.000152] xhci_hcd 0000:00:14.0: xHCI Host Controller
[  +0.000004] xhci_hcd 0000:00:14.0: new USB bus registered, assigned bus number 1
[  +0.001060] xhci_hcd 0000:00:14.0: hcc params 0x200077c1 hci version 0x110 quirks 0x0000000000009810
[  +0.000003] xhci_hcd 0000:00:14.0: cache line size of 64 is not supported
[  +0.000145] usb usb1: New USB device found, idVendor=1d6b, idProduct=0002, bcdDevice= 5.00
[  +0.000001] usb usb1: New USB device strings: Mfr=3, Product=2, SerialNumber=1
[  +0.000001] usb usb1: Product: xHCI Host Controller
[  +0.000000] usb usb1: Manufacturer: Linux 5.0.0-36-generic xhci-hcd
[  +0.000001] usb usb1: SerialNumber: 0000:00:14.0
[  +0.000088] hub 1-0:1.0: USB hub found
[  +0.000015] hub 1-0:1.0: 16 ports detected
[  +0.001638] xhci_hcd 0000:00:14.0: xHCI Host Controller
[  +0.000003] xhci_hcd 0000:00:14.0: new USB bus registered, assigned bus number 2
[  +0.000001] xhci_hcd 0000:00:14.0: Host supports USB 3.0 SuperSpeed
[  +0.000022] usb usb2: New USB device found, idVendor=1d6b, idProduct=0003, bcdDevice= 5.00
[  +0.000001] usb usb2: New USB device strings: Mfr=3, Product=2, SerialNumber=1
[  +0.000000] usb usb2: Product: xHCI Host Controller
[  +0.000001] usb usb2: Manufacturer: Linux 5.0.0-36-generic xhci-hcd
[  +0.000001] usb usb2: SerialNumber: 0000:00:14.0
[  +0.000082] hub 2-0:1.0: USB hub found
[  +0.000012] hub 2-0:1.0: 10 ports detected
[  +0.001060] usb: port power management may be unreliable
[  +0.000094] i8042: PNP: No PS/2 controller found.
[  +0.000095] mousedev: PS/2 mouse device common for all mice
[  +0.000228] rtc_cmos rtc_cmos: RTC can wake from S4
[  +0.000660] rtc_cmos rtc_cmos: registered as rtc0
[  +0.000009] rtc_cmos rtc_cmos: alarms up to one month, y3k, 114 bytes nvram, hpet irqs
[  +0.000004] i2c /dev entries driver
[  +0.000055] device-mapper: uevent: version 1.0.3
[  +0.000062] device-mapper: ioctl: 4.39.0-ioctl (2018-04-03) initialised: dm-devel@redhat.com
[  +0.000011] platform eisa.0: Probing EISA bus 0
[  +0.000001] platform eisa.0: EISA: Cannot allocate resource for mainboard
[  +0.000001] platform eisa.0: Cannot allocate resource for EISA slot 1
[  +0.000001] platform eisa.0: Cannot allocate resource for EISA slot 2
[  +0.000000] platform eisa.0: Cannot allocate resource for EISA slot 3
[  +0.000001] platform eisa.0: Cannot allocate resource for EISA slot 4
[  +0.000001] platform eisa.0: Cannot allocate resource for EISA slot 5
[  +0.000000] platform eisa.0: Cannot allocate resource for EISA slot 6
[  +0.000001] platform eisa.0: Cannot allocate resource for EISA slot 7
[  +0.000001] platform eisa.0: Cannot allocate resource for EISA slot 8
[  +0.000000] platform eisa.0: EISA: Detected 0 cards
[  +0.000002] intel_pstate: Intel P-state driver initializing
[  +0.000486] intel_pstate: HWP enabled
[  +0.000251] ledtrig-cpu: registered to indicate activity on CPUs
[  +0.000029] intel_pmc_core:  initialized
[  +0.000134] NET: Registered protocol family 10
[  +0.003771] Segment Routing with IPv6
[  +0.000011] NET: Registered protocol family 17
[  +0.000113] Key type dns_resolver registered
[  +0.000481] mce: Using 14 MCE banks
[  +0.000021] RAS: Correctable Errors collector initialized.
[  +0.000034] microcode: sig=0x906ed, pf=0x2, revision=0xc6
[  +0.000207] microcode: Microcode Update Driver: v2.2.
[  +0.000005] sched_clock: Marking stable (1110077262, 4509524)->(1122436412, -7849626)
[  +0.000444] registered taskstats version 1
[  +0.000004] Loading compiled-in X.509 certificates
[  +0.001030] Loaded X.509 cert 'Build time autogenerated kernel key: 74e800c0955dd062b621f2c2b30b90827e35b348'
[  +0.000011] zswap: loaded using pool lzo/zbud
[  +0.003624] Key type big_key registered
[  +0.000003] Key type trusted registered
[  +0.001790] Key type encrypted registered
[  +0.000002] AppArmor: AppArmor sha1 policy hashing enabled
[  +0.000002] ima: No TPM chip found, activating TPM-bypass!
[  +0.000002] ima: Allocated hash algorithm: sha1
[  +0.000003] No architecture policies found
[  +0.000003] evm: Initialising EVM extended attributes:
[  +0.000001] evm: security.selinux
[  +0.000000] evm: security.SMACK64
[  +0.000000] evm: security.SMACK64EXEC
[  +0.000000] evm: security.SMACK64TRANSMUTE
[  +0.000001] evm: security.SMACK64MMAP
[  +0.000000] evm: security.apparmor
[  +0.000000] evm: security.ima
[  +0.000000] evm: security.capability
[  +0.000001] evm: HMAC attrs: 0x1
[  +0.001188]   Magic number: 11:759:357
[  +0.000245] rtc_cmos rtc_cmos: setting system clock to 2019-11-24T01:22:55 UTC (1574558575)
[  +0.000835] Freeing unused decrypted memory: 2040K
[  +0.000320] Freeing unused kernel image memory: 2588K
[  +0.040611] Write protecting the kernel read-only data: 22528k
[  +0.000582] Freeing unused kernel image memory: 2016K
[  +0.000294] Freeing unused kernel image memory: 1728K
[  +0.005098] x86/mm: Checked W+X mappings: passed, no W+X pages found.
[  +0.000002] Run /init as init process
[  +0.042092] acpi PNP0C14:02: duplicate WMI GUID 05901221-D566-11D1-B2F0-00A0C9062910 (first instance was on PNP0C14:01)
[  +0.001241] ahci 0000:00:17.0: version 3.0
[  +0.000652] e1000e: Intel(R) PRO/1000 Network Driver - 3.2.6-k
[  +0.000001] e1000e: Copyright(c) 1999 - 2015 Intel Corporation.
[  +0.000152] e1000e 0000:00:1f.6: Interrupt Throttling Rate (ints/sec) set to dynamic conservative mode
[  +0.009445] ahci 0000:00:17.0: AHCI 0001.0301 32 slots 6 ports 6 Gbps 0x3f impl SATA mode
[  +0.000001] ahci 0000:00:17.0: flags: 64bit ncq sntf clo only pio slum part ems deso sadm sds apst 
[  +0.060898] scsi host0: ahci
[  +0.000282] scsi host1: ahci
[  +0.000307] scsi host2: ahci
[  +0.000092] scsi host3: ahci
[  +0.000124] scsi host4: ahci
[  +0.002411] scsi host5: ahci
[  +0.000059] ata1: SATA max UDMA/133 abar m2048@0xc2022000 port 0xc2022100 irq 123
[  +0.000006] ata2: SATA max UDMA/133 abar m2048@0xc2022000 port 0xc2022180 irq 123
[  +0.000001] ata3: SATA max UDMA/133 abar m2048@0xc2022000 port 0xc2022200 irq 123
[  +0.000001] ata4: SATA max UDMA/133 abar m2048@0xc2022000 port 0xc2022280 irq 123
[  +0.000001] ata5: SATA max UDMA/133 abar m2048@0xc2022000 port 0xc2022300 irq 123
[  +0.000001] ata6: SATA max UDMA/133 abar m2048@0xc2022000 port 0xc2022380 irq 123
[  +0.132541] e1000e 0000:00:1f.6 0000:00:1f.6 (uninitialized): registered PHC clock
[  +0.027588] usb 1-1: new low-speed USB device number 2 using xhci_hcd
[  +0.039621] e1000e 0000:00:1f.6 eth0: (PCI Express:2.5GT/s:Width x1) 70:85:c2:c5:de:61
[  +0.000001] e1000e 0000:00:1f.6 eth0: Intel(R) PRO/1000 Network Connection
[  +0.000100] e1000e 0000:00:1f.6 eth0: MAC: 13, PHY: 12, PBA No: FFFFFF-0FF
[  +0.000572] e1000e 0000:00:1f.6 eno1: renamed from eth0
[  +0.114292] usb 1-1: New USB device found, idVendor=413c, idProduct=2113, bcdDevice= 1.08
[  +0.000001] usb 1-1: New USB device strings: Mfr=0, Product=2, SerialNumber=0
[  +0.000000] usb 1-1: Product: Dell KB216 Wired Keyboard
[  +0.001353] ata6: SATA link down (SStatus 4 SControl 300)
[  +0.000013] ata5: SATA link down (SStatus 4 SControl 300)
[  +0.000015] ata2: SATA link up 6.0 Gbps (SStatus 133 SControl 300)
[  +0.000011] ata3: SATA link down (SStatus 4 SControl 300)
[  +0.000016] ata1: SATA link down (SStatus 4 SControl 300)
[  +0.000015] ata4: SATA link down (SStatus 4 SControl 300)
[  +0.000436] ata2.00: ACPI cmd ef/10:06:00:00:00:00 (SET FEATURES) succeeded
[  +0.000001] ata2.00: ACPI cmd f5/00:00:00:00:00:00 (SECURITY FREEZE LOCK) filtered out
[  +0.000001] ata2.00: ACPI cmd b1/c1:00:00:00:00:00 (DEVICE CONFIGURATION OVERLAY) filtered out
[  +0.000311] ata2.00: ATA-11: TOSHIBA-TR200, SBFA17.1, max UDMA/133
[  +0.000001] ata2.00: 468862128 sectors, multi 16: LBA48 NCQ (depth 32), AA
[  +0.000517] ata2.00: ACPI cmd ef/10:06:00:00:00:00 (SET FEATURES) succeeded
[  +0.000000] ata2.00: ACPI cmd f5/00:00:00:00:00:00 (SECURITY FREEZE LOCK) filtered out
[  +0.000001] ata2.00: ACPI cmd b1/c1:00:00:00:00:00 (DEVICE CONFIGURATION OVERLAY) filtered out
[  +0.000104] ata2.00: configured for UDMA/133
[  +0.000154] scsi 1:0:0:0: Direct-Access     ATA      TOSHIBA-TR200    17.1 PQ: 0 ANSI: 5
[  +0.000273] sd 1:0:0:0: Attached scsi generic sg0 type 0
[  +0.000037] sd 1:0:0:0: [sda] 468862128 512-byte logical blocks: (240 GB/224 GiB)
[  +0.000009] sd 1:0:0:0: [sda] Write Protect is off
[  +0.000001] sd 1:0:0:0: [sda] Mode Sense: 00 3a 00 00
[  +0.000045] sd 1:0:0:0: [sda] Write cache: enabled, read cache: enabled, doesn't support DPO or FUA
[  +0.000383]  sda: sda1
[  +0.000192] sd 1:0:0:0: [sda] Attached SCSI disk
[  +0.125588] usb 1-2: new low-speed USB device number 3 using xhci_hcd
[  +0.152212] usb 1-2: New USB device found, idVendor=413c, idProduct=301a, bcdDevice= 1.00
[  +0.000001] usb 1-2: New USB device strings: Mfr=1, Product=2, SerialNumber=0
[  +0.000001] usb 1-2: Product: Dell MS116 USB Optical Mouse
[  +0.000000] usb 1-2: Manufacturer: PixArt
[  +0.127789] usb 1-8: new full-speed USB device number 4 using xhci_hcd
[  +0.150204] usb 1-8: New USB device found, idVendor=10c4, idProduct=ea70, bcdDevice= 1.00
[  +0.000001] usb 1-8: New USB device strings: Mfr=1, Product=2, SerialNumber=5
[  +0.000000] usb 1-8: Product: CP2105 Dual USB to UART Bridge Controller
[  +0.000001] usb 1-8: Manufacturer: Silicon Labs
[  +0.000000] usb 1-8: SerialNumber: 00A00DDE
[  +0.004269] hidraw: raw HID events driver (C) Jiri Kosina
[  +0.009593] usbcore: registered new interface driver usbhid
[  +0.000000] usbhid: USB HID core driver
[  +0.001380] input: Dell KB216 Wired Keyboard as /devices/pci0000:00/0000:00:14.0/usb1/1-1/1-1:1.0/0003:413C:2113.0001/input/input3
[  +0.058720] hid-generic 0003:413C:2113.0001: input,hidraw0: USB HID v1.11 Keyboard [Dell KB216 Wired Keyboard] on usb-0000:00:14.0-1/input0
[  +0.000049] input: Dell KB216 Wired Keyboard System Control as /devices/pci0000:00/0000:00:14.0/usb1/1-1/1-1:1.1/0003:413C:2113.0002/input/input4
[  +0.059878] input: Dell KB216 Wired Keyboard Consumer Control as /devices/pci0000:00/0000:00:14.0/usb1/1-1/1-1:1.1/0003:413C:2113.0002/input/input5
[  +0.000204] hid-generic 0003:413C:2113.0002: input,hidraw1: USB HID v1.11 Device [Dell KB216 Wired Keyboard] on usb-0000:00:14.0-1/input1
[  +0.000050] input: PixArt Dell MS116 USB Optical Mouse as /devices/pci0000:00/0000:00:14.0/usb1/1-2/1-2:1.0/0003:413C:301A.0003/input/input6
[  +0.000214] hid-generic 0003:413C:301A.0003: input,hidraw2: USB HID v1.11 Mouse [PixArt Dell MS116 USB Optical Mouse] on usb-0000:00:14.0-2/input0
[  +0.158023] EXT4-fs (sda1): mounted filesystem with ordered data mode. Opts: (null)
[  +0.138146] systemd[1]: systemd 237 running in system mode. (+PAM +AUDIT +SELINUX +IMA +APPARMOR +SMACK +SYSVINIT +UTMP +LIBCRYPTSETUP +GCRYPT +GNUTLS +ACL +XZ +LZ4 +SECCOMP +BLKID +ELFUTILS +KMOD -IDN2 +IDN -PCRE2 default-hierarchy=hybrid)
[  +0.019554] systemd[1]: Detected architecture x86-64.
[  +0.011756] systemd[1]: Set hostname to <new-york>.
[  +0.144144] systemd[1]: Created slice User and Session Slice.
[  +0.000023] systemd[1]: Reached target User and Group Name Lookups.
[  +0.000019] systemd[1]: Started Forward Password Requests to Wall Directory Watch.
[  +0.000123] systemd[1]: Created slice System Slice.
[  +0.000037] systemd[1]: Listening on udev Control Socket.
[  +0.000018] systemd[1]: Listening on udev Kernel Socket.
[  +0.000023] systemd[1]: Listening on Syslog Socket.
[  +0.014301] RPC: Registered named UNIX socket transport module.
[  +0.000001] RPC: Registered udp transport module.
[  +0.000000] RPC: Registered tcp transport module.
[  +0.000000] RPC: Registered tcp NFSv4.1 backchannel transport module.
[  +0.005618] lp: driver loaded but no devices found
[  +0.001716] ppdev: user-space parallel port driver
[  +0.006052] EXT4-fs (sda1): re-mounted. Opts: errors=remount-ro
[  +0.020396] systemd-journald[365]: Received request to flush runtime journal from PID 1
[  +0.010901] systemd-journald[365]: File /var/log/journal/03ba93a6f64341e3b66b3a1e71ebf657/system.journal corrupted or uncleanly shut down, renaming and replacing.
[  +0.040526] Adding 2097148k swap on /swapfile.  Priority:-2 extents:6 across:2260988k SSFS
[  +0.203299] audit: type=1400 audit(1574558577.444:2): apparmor="STATUS" operation="profile_load" profile="unconfined" name="libreoffice-senddoc" pid=506 comm="apparmor_parser"
[  +0.000366] audit: type=1400 audit(1574558577.444:3): apparmor="STATUS" operation="profile_load" profile="unconfined" name="libreoffice-xpdfimport" pid=508 comm="apparmor_parser"
[  +0.000187] audit: type=1400 audit(1574558577.444:4): apparmor="STATUS" operation="profile_load" profile="unconfined" name="libreoffice-oopslash" pid=505 comm="apparmor_parser"
[  +0.000700] audit: type=1400 audit(1574558577.448:5): apparmor="STATUS" operation="profile_load" profile="unconfined" name="/usr/bin/man" pid=504 comm="apparmor_parser"
[  +0.000002] audit: type=1400 audit(1574558577.448:6): apparmor="STATUS" operation="profile_load" profile="unconfined" name="man_filter" pid=504 comm="apparmor_parser"
[  +0.000000] audit: type=1400 audit(1574558577.448:7): apparmor="STATUS" operation="profile_load" profile="unconfined" name="man_groff" pid=504 comm="apparmor_parser"
[  +0.001652] audit: type=1400 audit(1574558577.448:8): apparmor="STATUS" operation="profile_load" profile="unconfined" name="/usr/sbin/ippusbxd" pid=524 comm="apparmor_parser"
[  +0.000530] audit: type=1400 audit(1574558577.448:9): apparmor="STATUS" operation="profile_load" profile="unconfined" name="/usr/sbin/cups-browsed" pid=522 comm="apparmor_parser"
[  +0.000361] audit: type=1400 audit(1574558577.448:10): apparmor="STATUS" operation="profile_load" profile="unconfined" name="/usr/lib/snapd/snap-confine" pid=521 comm="apparmor_parser"
[  +0.062228] gsi_apu_common: loading out-of-tree module taints kernel.
[  +0.000023] gsi_apu_common: module verification failed: signature and/or required key missing - tainting kernel
[  +0.000165] Loading GSI APU Common Driver [pack , version 0.4, build 132316] [date: 2019-11-19-16:50:24 ]
[  +0.000000] Initializing GSI CTX device
[  +0.000003] APU CTX: register major number 240
[  +0.000000] APU CTX: Register device class
[  +0.000001] [VERSION]: drv.pack= drv.version=0.4 drv.date=2019-11-19-16:50:24 drv.build=132316
[  +0.000005] gsi_configfs_build_basic_structure-enter
[  +0.000002] alloc dev sz=176 addr=000000008e317504
[  +0.000001] gsi_configfs_build_basic_structure-exit
[  +0.000000] configfs init - loaded
[  +0.005266] Loading GSI APU PCI Plug [pack , version 0.4, build 132316]
[  +0.000001] [INFO]: trying to register plug pci
[  +0.000000] 
              plug pci was registered with ID=1
[  +0.000011] gsi_apu_probe vendor: 0x1e4c device: 0x0010 subsystem_vendor: 0x1e4c subsystem_device: 0x0120 
[  +0.000000] gsi_apu_probe bus: 1 slot: 0 func: 0
[  +0.000001] REVISION 0
[  +0.000182] pci_alloc_irq_vectors allocated [16]
[  +0.000000] gsi_mem_arena_alloc: arena[0] [1 out-of 2]
[  +0.000002] gsi_pci_get_actual_aperture: mbar=2 units=0
[  +0.000002] gsi_pci_get_actual_aperture: 0x00000000
[  +0.000006] gsi_mem_arena_init: bar=2 vaddr=0xffffa72d00000000 [0x200000000@0x4000000000]
[  +0.000002] gsi_msix_register(msix_num=0, irq=125, value=0x03020100 vector_prev_val=0x00000000 unique(0)=0x0000000005fe41d4
[  +0.000025] register_irq [num=0] irq=125 
[  +0.000001] gsi_send_doorbell_event(db=0,ev_id=0,ev_val=0)
[  +0.034811] RAPL PMU: API unit is 2^-32 Joules, 5 fixed counters, 655360 ms ovfl timer
[  +0.000001] RAPL PMU: hw unit of domain pp0-core 2^-14 Joules
[  +0.000000] RAPL PMU: hw unit of domain package 2^-14 Joules
[  +0.000001] RAPL PMU: hw unit of domain dram 2^-14 Joules
[  +0.000000] RAPL PMU: hw unit of domain pp1-gpu 2^-14 Joules
[  +0.000000] RAPL PMU: hw unit of domain psys 2^-14 Joules
[  +0.006456] usbcore: registered new interface driver usbserial_generic
[  +0.000008] usbserial: USB Serial support registered for generic
[  +0.000551] cryptd: max_cpu_qlen set to 1000
[  +0.007575] usbcore: registered new interface driver cp210x
[  +0.000005] usbserial: USB Serial support registered for cp210x
[  +0.000011] cp210x 1-8:1.0: cp210x converter detected
[  +0.001300] usb 1-8: cp210x converter now attached to ttyUSB0
[  +0.000014] cp210x 1-8:1.1: cp210x converter detected
[  +0.001088] usb 1-8: cp210x converter now attached to ttyUSB1
[  +0.013384] AVX2 version of gcm_enc/dec engaged.
[  +0.000001] AES CTR mode by8 optimization enabled
[  +0.055127] VFIO - User Level meta-driver version: 0.3
[  +0.100298] checking generic (90000000 7f0000) vs hw (90000000 10000000)
[  +0.000001] fb0: switching to inteldrmfb from VESA VGA
[  +0.000069] Console: switching to colour dummy device 80x25
[  +0.000050] [drm] Replacing VGA console driver
[  +0.000965] [drm] Supports vblank timestamp caching Rev 2 (21.10.2013).
[  +0.000001] [drm] Driver supports precise vblank timestamp query.
[  +0.000404] i915 0000:00:02.0: vgaarb: changed VGA decodes: olddecodes=io+mem,decodes=io+mem:owns=io+mem
[  +0.012284] [drm] Initialized i915 1.6.0 20181204 for 0000:00:02.0 on minor 0
[  +0.001733] ACPI: Video Device [GFX0] (multi-head: yes  rom: no  post: no)
[  +0.000315] input: Video Bus as /devices/LNXSYSTM:00/LNXSYBUS:00/PNP0A08:00/LNXVIDEO:00/input/input7
[  +0.000092] snd_hda_intel 0000:00:1f.3: Linked as a consumer to 0000:00:02.0
[  +0.000034] snd_hda_intel 0000:00:1f.3: bound 0000:00:02.0 (ops i915_audio_component_bind_ops [i915])
[  +0.012367] [drm] Finished loading DMC firmware i915/kbl_dmc_ver1_04.bin (v1.4)
[  +0.018736] intel_rapl: Found RAPL domain package
[  +0.000001] intel_rapl: Found RAPL domain core
[  +0.000001] intel_rapl: Found RAPL domain uncore
[  +0.000000] intel_rapl: Found RAPL domain dram
[  +0.003960] fbcon: inteldrmfb (fb0) is primary device
[  +0.000057] Console: switching to colour frame buffer device 240x67
[  +0.000026] i915 0000:00:02.0: fb0: inteldrmfb frame buffer device
[  +0.049420] snd_hda_codec_realtek hdaudioC0D0: autoconfig for ALC892: line_outs=1 (0x14/0x0/0x0/0x0/0x0) type:line
[  +0.000001] snd_hda_codec_realtek hdaudioC0D0:    speaker_outs=0 (0x0/0x0/0x0/0x0/0x0)
[  +0.000001] snd_hda_codec_realtek hdaudioC0D0:    hp_outs=1 (0x1b/0x0/0x0/0x0/0x0)
[  +0.000000] snd_hda_codec_realtek hdaudioC0D0:    mono: mono_out=0x0
[  +0.000000] snd_hda_codec_realtek hdaudioC0D0:    inputs:
[  +0.000001] snd_hda_codec_realtek hdaudioC0D0:      Front Mic=0x19
[  +0.000001] snd_hda_codec_realtek hdaudioC0D0:      Rear Mic=0x18
[  +0.000001] snd_hda_codec_realtek hdaudioC0D0:      Line=0x1a
[  +0.060318] input: HDA Intel PCH Front Mic as /devices/pci0000:00/0000:00:1f.3/sound/card0/input8
[  +0.000053] input: HDA Intel PCH Rear Mic as /devices/pci0000:00/0000:00:1f.3/sound/card0/input9
[  +0.000038] input: HDA Intel PCH Line as /devices/pci0000:00/0000:00:1f.3/sound/card0/input10
[  +0.000026] input: HDA Intel PCH Line Out as /devices/pci0000:00/0000:00:1f.3/sound/card0/input11
[  +0.000030] input: HDA Intel PCH Front Headphone as /devices/pci0000:00/0000:00:1f.3/sound/card0/input12
[  +0.000030] input: HDA Intel PCH HDMI/DP,pcm=3 as /devices/pci0000:00/0000:00:1f.3/sound/card0/input13
[  +0.000035] input: HDA Intel PCH HDMI/DP,pcm=7 as /devices/pci0000:00/0000:00:1f.3/sound/card0/input14
[  +0.000052] input: HDA Intel PCH HDMI/DP,pcm=8 as /devices/pci0000:00/0000:00:1f.3/sound/card0/input15
[  +0.000039] input: HDA Intel PCH HDMI/DP,pcm=9 as /devices/pci0000:00/0000:00:1f.3/sound/card0/input16
[  +0.000042] input: HDA Intel PCH HDMI/DP,pcm=10 as /devices/pci0000:00/0000:00:1f.3/sound/card0/input17
[  +0.700672] aufs 4.x-rcN-20190204
[Nov24 03:23] cfg80211: Loading compiled-in X.509 certificates for regulatory database
[  +0.001405] cfg80211: Loaded X.509 cert 'sforshee: 00b28ddf47aef9cea7'
[  +0.263480] kauditd_printk_skb: 30 callbacks suppressed
[  +0.000001] audit: type=1400 audit(1574558584.908:41): apparmor="STATUS" operation="profile_load" profile="unconfined" name="docker-default" pid=1586 comm="apparmor_parser"
[  +0.013693] bridge: filtering via arp/ip/ip6tables is no longer available by default. Update your scripts to load br_netfilter if you need this.
[  +0.000573] Bridge firewalling registered
[  +0.014642] bpfilter: Loaded bpfilter_umh pid 1614
[  +0.020801] Initializing XFRM netlink socket
[  +9.591277] gsi_device_ready_irq_handler: IRQ = 125
[  +0.000041] gsi_device_ready_delayed_irq_handler: [IRQ = 125]
[  +0.000002] gsi_device_ready_delayed_irq_handler: gsi_fw_prepare_plugin_desc [IRQ = 125]
[  +0.000007] gsi_fw_prepare_plugin_desc: fpga version: [v03.02.02-0] 15/05/2019 [ 0x05152019:0x00030202 ]
[  +0.000003] gsi_device_ready_irq_handler: IRQ = 125
[  +0.000005] PLUG: apucs_avail_bf=0xf  all=0x000f0041
[  +0.000008] 
                 plugin:
                 napus_exist=         1
                 napucs_exist=        1
                 mem_page_size=       0x10000000
                 mem_total_size=      0x180000000
                 mem_usr_size=        0x17fb00000
                 mem_free_size=       0x17fb00000
                 apucs_available_bf=  0x0000000f
[  +0.000014] INFO: gsi_fw_prepare_plugin(regs): napu[1] napuc[4] apucs_avail[0xf] page size=0x00000100MB (pwr2[8]) mem_size_in_page_units[24]
                                         usr_space_offset_in_KB[5120](0x00500000)

[  +0.000018] gsi_config_fifo_dev: HI: 0x00000000 LO: 0x00007d00 64 bits addr: 0x0000000000007d00 rec_size=120 size=32 mbar_id=2 0x00000000e3562eb4[rc=0]
[  +0.000009] gsi_config_fifo_dev: gsi_fifo_dev_init(fifo: 0x00000000bcb1b879  size=32 rec_size=120 buf=0x00000000e3562eb4 wcnt=1 rcnt=1
[  +0.000002] max_count=32
[  +0.000012] gsi_config_fifo_dev: HI: 0x00000000 LO: 0x00008c00 64 bits addr: 0x0000000000008c00 rec_size=32 size=32 mbar_id=2 0x0000000052e71a8a[rc=0]
[  +0.000006] gsi_config_fifo_dev: gsi_fifo_dev_init(fifo: 0x0000000041604b29  size=32 rec_size=32 buf=0x0000000052e71a8a wcnt=1 rcnt=1
[  +0.000001] max_count=32
[  +0.000012] gsi_config_fifo_dev: HI: 0x00000000 LO: 0x00009000 64 bits addr: 0x0000000000009000 rec_size=120 size=32 mbar_id=2 0x0000000031e292f0[rc=0]
[  +0.000005] gsi_config_fifo_dev: gsi_fifo_dev_init(fifo: 0x00000000037618d0  size=32 rec_size=120 buf=0x0000000031e292f0 wcnt=1 rcnt=1
[  +0.000002] max_count=32
[  +0.000011] gsi_config_fifo_dev: HI: 0x00000000 LO: 0x00009f00 64 bits addr: 0x0000000000009f00 rec_size=32 size=32 mbar_id=2 0x000000004c048d06[rc=0]
[  +0.000005] gsi_config_fifo_dev: gsi_fifo_dev_init(fifo: 0x00000000dd3130a7  size=32 rec_size=32 buf=0x000000004c048d06 wcnt=1 rcnt=1
[  +0.000002] max_count=32
[  +0.000003] gsi_plugin_register_device
[  +0.000002] [dev create]: gsi_dev_factory
[  +0.000003] gsi_dev_init id[256]: 
[  +0.000002] gsi_dev_init: id=256 inuse=1
[  +0.000184] add      apus  =1
[  +0.000002] add      apucs =4 [total=4]
[  +0.000002] avilable apucs =0x0000000f
[  +0.000003] gsi_attach_dev drv=0x00000000fc3bfb7d
[  +0.000002] gsi_attach_dev ndevs=0
[  +0.000001] gsi_add_dev: ndevs=1
[  +0.000018] alloc apu sz=176 addr=00000000881b118c
[  +0.000005] gsi_person_elem_dev: enter
[  +0.000005] gsi_attch_apu napus=0
[  +0.000005] gsi_attach_apu: napus=1
[  +0.000001] gsi_add_apu napus=1
[  +0.000006] alloc apuc sz=176 addr=000000007e20487a
[  +0.000006] gsi_attach_apuc: apu=0x000000001291e9df apuc=0x000000007291a417
[  +0.000001] gsi_attch_apuc: napucs=0
[  +0.000001] gsi_apu_attach_apuc: before count advance 
[  +0.000001] gsi_apu_attach_apuc: before list_add [1]
[  +0.000001] gsi_attach_apu: napus=1
[  +0.000002] gsi_add_apu napus=1
[  +0.000005] alloc apc sz=176 addr=000000006a5a6b03
[  +0.000003] gsi_attach_apc apc=0x000000007291a417
[  +0.000002] gsi_attch_apc napcs=0
[  +0.000001] gsi_attach_apc: napcs=1
[  +0.000001] gsi_add_apc napcs=1
[  +0.000004] gsi_attach_apc apc=0x000000007291a417
[  +0.000002] gsi_attch_apc napcs=1
[  +0.000001] gsi_attach_apc: napcs=2
[  +0.000001] gsi_add_apc napcs=2
[  +0.000005] gsi_attach_apuc: apu=0x000000001291e9df apuc=0x00000000ca073fb5
[  +0.000003] gsi_attch_apuc: napucs=1
[  +0.000002] gsi_apu_attach_apuc: before count advance 
[  +0.000001] gsi_apu_attach_apuc: before list_add [2]
[  +0.000001] gsi_attach_apu: napus=2
[  +0.000001] gsi_add_apu napus=2
[  +0.000004] alloc apc sz=176 addr=00000000a4a256ef
[  +0.000009] gsi_attach_apc apc=0x00000000ca073fb5
[  +0.000001] gsi_attch_apc napcs=0
[  +0.000001] gsi_attach_apc: napcs=1
[  +0.000002] gsi_add_apc napcs=1
[  +0.000004] gsi_attach_apc apc=0x00000000ca073fb5
[  +0.000001] gsi_attch_apc napcs=1
[  +0.000001] gsi_attach_apc: napcs=2
[  +0.000001] gsi_add_apc napcs=2
[  +0.000004] gsi_attach_apuc: apu=0x000000001291e9df apuc=0x00000000f26a3fe1
[  +0.000002] gsi_attch_apuc: napucs=2
[  +0.000001] gsi_apu_attach_apuc: before count advance 
[  +0.000001] gsi_apu_attach_apuc: before list_add [3]
[  +0.000001] gsi_attach_apu: napus=3
[  +0.000001] gsi_add_apu napus=3
[  +0.000004] alloc apc sz=176 addr=000000002f96c26c
[  +0.000004] gsi_attach_apc apc=0x00000000f26a3fe1
[  +0.000001] gsi_attch_apc napcs=0
[  +0.000002] gsi_attach_apc: napcs=1
[  +0.000001] gsi_add_apc napcs=1
[  +0.000004] gsi_attach_apc apc=0x00000000f26a3fe1
[  +0.000001] gsi_attch_apc napcs=1
[  +0.000002] gsi_attach_apc: napcs=2
[  +0.000001] gsi_add_apc napcs=2
[  +0.000004] gsi_attach_apuc: apu=0x000000001291e9df apuc=0x00000000c033d0ce
[  +0.000002] gsi_attch_apuc: napucs=3
[  +0.000001] gsi_apu_attach_apuc: before count advance 
[  +0.000001] gsi_apu_attach_apuc: before list_add [4]
[  +0.000001] gsi_attach_apu: napus=4
[  +0.000001] gsi_add_apu napus=4
[  +0.000006] alloc apc sz=176 addr=00000000e047e292
[  +0.000003] gsi_attach_apc apc=0x00000000c033d0ce
[  +0.000002] gsi_attch_apc napcs=0
[  +0.000001] gsi_attach_apc: napcs=1
[  +0.000001] gsi_add_apc napcs=1
[  +0.000004] gsi_attach_apc apc=0x00000000c033d0ce
[  +0.000001] gsi_attch_apc napcs=1
[  +0.000001] gsi_attach_apc: napcs=2
[  +0.000008] gsi_add_apc napcs=2
[  +0.000003] gdi_ctx_mkdr: enter
[  +0.000002] gsi_ctx_mkdir: alloc ctx element sz=176 addr=00000000cf56fffa
[  +0.000001] gdi_ctx_mkdr: pass group creation
[  +0.000003] gsi_ctx_init: id=0
[  +0.000001] gsi_sgmt_init: id=0
[  +0.000002] gsi_sgmt_init: id=0
[  +0.000001] gsi_ctx_init: id=0
[  +0.000002] gsi_sgmt_init: id=0
[  +0.000001] gsi_sgmt_init: id=0
[  +0.000004] gsi_attach_ctx: nctxs=1
[  +0.000001] gsi_add_ctx nctxs=1
[  +0.000001] gdi_ctx_mkdr: pass element creation
[  +0.000002] gdi_ctx_mkdr: pass group registrtion and exit
[  +0.000007] gsi_dev_ctx_commit_store: enter
[  +0.000002] gsi_dev_ctx_commit_store: ival=1
[  +0.000002] gsi_ctx_enable: id=0
[  +0.000001] gsi_ctx_enable: id=0 passed gsi_dev_enamble=ret=0
[  +0.000003] gsi_ctx_dev_register: major=240 minor=4096
[  +0.000237] gsi_msix_register(msix_num=1, irq=126, value=0x07060504 vector_prev_val=0x00000000 unique(1)=0x00000000b0fb9693
[  +0.000036] register_irq [num=1] irq=126 
[  +0.000004] gsi_msix_register(msix_num=2, irq=127, value=0x0b0a0908 vector_prev_val=0x00000000 unique(2)=0x000000004959f5cc
[  +0.000024] register_irq [num=2] irq=127 
[  +0.000003] gsi_msix_register(msix_num=3, irq=128, value=0x0f0e0d0c vector_prev_val=0x00000000 unique(3)=0x000000008841f183
[  +0.000018] register_irq [num=3] irq=128 
[  +0.000004] gsi_msix_register(msix_num=4, irq=129, value=0x13121110 vector_prev_val=0x00000000 unique(4)=0x00000000d06c4378
[  +0.000021] register_irq [num=4] irq=129 
[  +0.000003] [D2H]: gsi_generic_dev2hst_irq_handler: IRQ = 128 ISR=3
[  +0.000003] gsi_msix_register(msix_num=5, irq=130, value=0x17161514 vector_prev_val=0x00000000 unique(5)=0x00000000413e2b79
[  +0.000005] gsi_common_dev2hst_cb: enter event=3 dev_id=256
[  +0.000001] gsi_common_dev2hst_cb: GSI_PLUGIN_USR_TASK_CLEAR
[  +0.000001] gsi_common_dev2hst_cb: wake_up_interruptible_sync
[  +0.000002] gsi_common_dev2hst_cb: Done !!
[  +0.000009] register_irq [num=5] irq=130 
[  +0.000004] gsi_msix_register(msix_num=6, irq=131, value=0x1b1a1918 vector_prev_val=0x00000000 unique(6)=0x00000000d459876b
[  +0.000019] register_irq [num=6] irq=131 
[  +0.000004] gsi_device_ready_delayed_irq_handler: [IRQ = 125]
[  +0.311508] systemd-journald[365]: File /var/log/journal/03ba93a6f64341e3b66b3a1e71ebf657/user-1000.journal corrupted or uncleanly shut down, renaming and replacing.
[  +2.342741] rfkill: input handler disabled
[Nov24 03:24] e1000e: eno1 NIC Link is Up 100 Mbps Full Duplex, Flow Control: Rx/Tx
[  +0.000005] e1000e 0000:00:1f.6 eno1: 10/100 speed: disabling TSO
[  +0.000112] IPv6: ADDRCONF(NETDEV_CHANGE): eno1: link becomes ready
