pc date=Sun_Nov_24_20:12:57_IST_2019
board date=Sun_Nov_24_17:48:16_UTC_2019
PARAMETERS: RUN3_LET6.7
[Sun Nov 24 20:12:01 2019] microcode: microcode updated early to revision 0xc6, date = 2019-08-14
[Sun Nov 24 20:12:01 2019] Linux version 5.0.0-36-generic (buildd@lgw01-amd64-060) (gcc version 7.4.0 (Ubuntu 7.4.0-1ubuntu1~18.04.1)) #39~18.04.1-Ubuntu SMP Tue Nov 12 11:09:50 UTC 2019 (Ubuntu 5.0.0-36.39~18.04.1-generic 5.0.21)
[Sun Nov 24 20:12:01 2019] Command line: BOOT_IMAGE=/boot/vmlinuz-5.0.0-36-generic root=UUID=8c43e66a-1c07-4728-af31-6f9347b39f6a ro quiet splash vt.handoff=1
[Sun Nov 24 20:12:01 2019] KERNEL supported cpus:
[Sun Nov 24 20:12:01 2019]   Intel GenuineIntel
[Sun Nov 24 20:12:01 2019]   AMD AuthenticAMD
[Sun Nov 24 20:12:01 2019]   Hygon HygonGenuine
[Sun Nov 24 20:12:01 2019]   Centaur CentaurHauls
[Sun Nov 24 20:12:01 2019] x86/fpu: Supporting XSAVE feature 0x001: 'x87 floating point registers'
[Sun Nov 24 20:12:01 2019] x86/fpu: Supporting XSAVE feature 0x002: 'SSE registers'
[Sun Nov 24 20:12:01 2019] x86/fpu: Supporting XSAVE feature 0x004: 'AVX registers'
[Sun Nov 24 20:12:01 2019] x86/fpu: Supporting XSAVE feature 0x008: 'MPX bounds registers'
[Sun Nov 24 20:12:01 2019] x86/fpu: Supporting XSAVE feature 0x010: 'MPX CSR'
[Sun Nov 24 20:12:01 2019] x86/fpu: xstate_offset[2]:  576, xstate_sizes[2]:  256
[Sun Nov 24 20:12:01 2019] x86/fpu: xstate_offset[3]:  832, xstate_sizes[3]:   64
[Sun Nov 24 20:12:01 2019] x86/fpu: xstate_offset[4]:  896, xstate_sizes[4]:   64
[Sun Nov 24 20:12:01 2019] x86/fpu: Enabled xstate features 0x1f, context size is 960 bytes, using 'compacted' format.
[Sun Nov 24 20:12:01 2019] BIOS-provided physical RAM map:
[Sun Nov 24 20:12:01 2019] BIOS-e820: [mem 0x0000000000000000-0x000000000009d3ff] usable
[Sun Nov 24 20:12:01 2019] BIOS-e820: [mem 0x000000000009d400-0x000000000009ffff] reserved
[Sun Nov 24 20:12:01 2019] BIOS-e820: [mem 0x00000000000e0000-0x00000000000fffff] reserved
[Sun Nov 24 20:12:01 2019] BIOS-e820: [mem 0x0000000000100000-0x000000007c6ddfff] usable
[Sun Nov 24 20:12:01 2019] BIOS-e820: [mem 0x000000007c6de000-0x000000007df49fff] reserved
[Sun Nov 24 20:12:01 2019] BIOS-e820: [mem 0x000000007df4a000-0x000000007e0dcfff] usable
[Sun Nov 24 20:12:01 2019] BIOS-e820: [mem 0x000000007e0dd000-0x000000007e49ffff] ACPI NVS
[Sun Nov 24 20:12:01 2019] BIOS-e820: [mem 0x000000007e4a0000-0x000000007ec0efff] reserved
[Sun Nov 24 20:12:01 2019] BIOS-e820: [mem 0x000000007ec0f000-0x000000007ec0ffff] usable
[Sun Nov 24 20:12:01 2019] BIOS-e820: [mem 0x000000007ec10000-0x000000008fffffff] reserved
[Sun Nov 24 20:12:01 2019] BIOS-e820: [mem 0x00000000e0000000-0x00000000efffffff] reserved
[Sun Nov 24 20:12:01 2019] BIOS-e820: [mem 0x00000000fe000000-0x00000000fe010fff] reserved
[Sun Nov 24 20:12:01 2019] BIOS-e820: [mem 0x00000000fec00000-0x00000000fec00fff] reserved
[Sun Nov 24 20:12:01 2019] BIOS-e820: [mem 0x00000000fed00000-0x00000000fed03fff] reserved
[Sun Nov 24 20:12:01 2019] BIOS-e820: [mem 0x00000000fee00000-0x00000000fee00fff] reserved
[Sun Nov 24 20:12:01 2019] BIOS-e820: [mem 0x00000000ff000000-0x00000000ffffffff] reserved
[Sun Nov 24 20:12:01 2019] BIOS-e820: [mem 0x0000000100000000-0x000000086dffffff] usable
[Sun Nov 24 20:12:01 2019] NX (Execute Disable) protection: active
[Sun Nov 24 20:12:01 2019] SMBIOS 3.1.1 present.
[Sun Nov 24 20:12:01 2019] DMI: To Be Filled By O.E.M. To Be Filled By O.E.M./Z390 Pro4, BIOS P4.20 05/03/2019
[Sun Nov 24 20:12:01 2019] tsc: Detected 3000.000 MHz processor
[Sun Nov 24 20:12:01 2019] e820: update [mem 0x00000000-0x00000fff] usable ==> reserved
[Sun Nov 24 20:12:01 2019] e820: remove [mem 0x000a0000-0x000fffff] usable
[Sun Nov 24 20:12:01 2019] last_pfn = 0x86e000 max_arch_pfn = 0x400000000
[Sun Nov 24 20:12:01 2019] MTRR default type: write-back
[Sun Nov 24 20:12:01 2019] MTRR fixed ranges enabled:
[Sun Nov 24 20:12:01 2019]   00000-9FFFF write-back
[Sun Nov 24 20:12:01 2019]   A0000-BFFFF uncachable
[Sun Nov 24 20:12:01 2019]   C0000-FFFFF write-protect
[Sun Nov 24 20:12:01 2019] MTRR variable ranges enabled:
[Sun Nov 24 20:12:01 2019]   0 base 0080000000 mask 7F80000000 uncachable
[Sun Nov 24 20:12:01 2019]   1 base 007F800000 mask 7FFF800000 uncachable
[Sun Nov 24 20:12:01 2019]   2 base 2000000000 mask 6000000000 uncachable
[Sun Nov 24 20:12:01 2019]   3 base 1000000000 mask 7000000000 uncachable
[Sun Nov 24 20:12:01 2019]   4 base 4000000000 mask 4000000000 uncachable
[Sun Nov 24 20:12:01 2019]   5 disabled
[Sun Nov 24 20:12:01 2019]   6 disabled
[Sun Nov 24 20:12:01 2019]   7 disabled
[Sun Nov 24 20:12:01 2019]   8 disabled
[Sun Nov 24 20:12:01 2019]   9 disabled
[Sun Nov 24 20:12:01 2019] x86/PAT: Configuration [0-7]: WB  WC  UC- UC  WB  WP  UC- WT  
[Sun Nov 24 20:12:01 2019] last_pfn = 0x7ec10 max_arch_pfn = 0x400000000
[Sun Nov 24 20:12:01 2019] found SMP MP-table at [mem 0x000fcdc0-0x000fcdcf]
[Sun Nov 24 20:12:01 2019] check: Scanning 1 areas for low memory corruption
[Sun Nov 24 20:12:01 2019] Using GB pages for direct mapping
[Sun Nov 24 20:12:01 2019] BRK [0x2eaa01000, 0x2eaa01fff] PGTABLE
[Sun Nov 24 20:12:01 2019] BRK [0x2eaa02000, 0x2eaa02fff] PGTABLE
[Sun Nov 24 20:12:01 2019] BRK [0x2eaa03000, 0x2eaa03fff] PGTABLE
[Sun Nov 24 20:12:01 2019] BRK [0x2eaa04000, 0x2eaa04fff] PGTABLE
[Sun Nov 24 20:12:01 2019] BRK [0x2eaa05000, 0x2eaa05fff] PGTABLE
[Sun Nov 24 20:12:01 2019] BRK [0x2eaa06000, 0x2eaa06fff] PGTABLE
[Sun Nov 24 20:12:01 2019] BRK [0x2eaa07000, 0x2eaa07fff] PGTABLE
[Sun Nov 24 20:12:01 2019] BRK [0x2eaa08000, 0x2eaa08fff] PGTABLE
[Sun Nov 24 20:12:01 2019] BRK [0x2eaa09000, 0x2eaa09fff] PGTABLE
[Sun Nov 24 20:12:01 2019] BRK [0x2eaa0a000, 0x2eaa0afff] PGTABLE
[Sun Nov 24 20:12:01 2019] RAMDISK: [mem 0x33215000-0x35901fff]
[Sun Nov 24 20:12:01 2019] ACPI: Early table checksum verification disabled
[Sun Nov 24 20:12:01 2019] ACPI: RSDP 0x00000000000F05B0 000024 (v02 ALASKA)
[Sun Nov 24 20:12:01 2019] ACPI: XSDT 0x000000007E3F00A8 0000CC (v01 ALASKA A M I    01072009 AMI  00010013)
[Sun Nov 24 20:12:01 2019] ACPI: FACP 0x000000007E431B18 000114 (v06 ALASKA A M I    01072009 AMI  00010013)
[Sun Nov 24 20:12:01 2019] ACPI: DSDT 0x000000007E3F0208 04190C (v02 ALASKA A M I    01072009 INTL 20160527)
[Sun Nov 24 20:12:01 2019] ACPI: FACS 0x000000007E49F080 000040
[Sun Nov 24 20:12:01 2019] ACPI: APIC 0x000000007E431C30 0000BC (v04 ALASKA A M I    01072009 AMI  00010013)
[Sun Nov 24 20:12:01 2019] ACPI: FPDT 0x000000007E431CF0 000044 (v01 ALASKA A M I    01072009 AMI  00010013)
[Sun Nov 24 20:12:01 2019] ACPI: FIDT 0x000000007E431D38 00009C (v01 ALASKA A M I    01072009 AMI  00010013)
[Sun Nov 24 20:12:01 2019] ACPI: MCFG 0x000000007E431DD8 00003C (v01 ALASKA A M I    01072009 MSFT 00000097)
[Sun Nov 24 20:12:01 2019] ACPI: SSDT 0x000000007E431E18 000378 (v01 SataRe SataTabl 00001000 INTL 20160527)
[Sun Nov 24 20:12:01 2019] ACPI: SSDT 0x000000007E432190 001B1C (v02 CpuRef CpuSsdt  00003000 INTL 20160527)
[Sun Nov 24 20:12:01 2019] ACPI: AAFT 0x000000007E433CB0 000242 (v01 ALASKA OEMAAFT  01072009 MSFT 00000097)
[Sun Nov 24 20:12:01 2019] ACPI: SSDT 0x000000007E433EF8 0031C6 (v02 SaSsdt SaSsdt   00003000 INTL 20160527)
[Sun Nov 24 20:12:01 2019] ACPI: SSDT 0x000000007E4370C0 00231B (v02 PegSsd PegSsdt  00001000 INTL 20160527)
[Sun Nov 24 20:12:01 2019] ACPI: HPET 0x000000007E4393E0 000038 (v01 ALASKA A M I    00000002      01000013)
[Sun Nov 24 20:12:01 2019] ACPI: SSDT 0x000000007E439418 002950 (v02 INTEL  xh_cfsd4 00000000 INTL 20160527)
[Sun Nov 24 20:12:01 2019] ACPI: UEFI 0x000000007E43BD68 000042 (v01 ALASKA A M I    00000002      01000013)
[Sun Nov 24 20:12:01 2019] ACPI: LPIT 0x000000007E43BDB0 00005C (v01 ALASKA A M I    00000002      01000013)
[Sun Nov 24 20:12:01 2019] ACPI: SSDT 0x000000007E43BE10 0014E2 (v02 ALASKA TbtTypeC 00000000 INTL 20160527)
[Sun Nov 24 20:12:01 2019] ACPI: DBGP 0x000000007E43D2F8 000034 (v01 ALASKA A M I    00000002      01000013)
[Sun Nov 24 20:12:01 2019] ACPI: DBG2 0x000000007E43D330 000054 (v00 ALASKA A M I    00000002      01000013)
[Sun Nov 24 20:12:01 2019] ACPI: SSDT 0x000000007E43D388 001B67 (v02 ALASKA UsbCTabl 00001000 INTL 20160527)
[Sun Nov 24 20:12:01 2019] ACPI: SSDT 0x000000007E43EEF0 000144 (v02 Intel  ADebTabl 00001000 INTL 20160527)
[Sun Nov 24 20:12:01 2019] ACPI: DMAR 0x000000007E43F038 0000A8 (v01 INTEL  EDK2     00000002      01000013)
[Sun Nov 24 20:12:01 2019] ACPI: WSMT 0x000000007E43F0E0 000028 (v01 ALASKA A M I    01072009 AMI  00010013)
[Sun Nov 24 20:12:01 2019] ACPI: Local APIC address 0xfee00000
[Sun Nov 24 20:12:01 2019] No NUMA configuration found
[Sun Nov 24 20:12:01 2019] Faking a node at [mem 0x0000000000000000-0x000000086dffffff]
[Sun Nov 24 20:12:01 2019] NODE_DATA(0) allocated [mem 0x86dfd5000-0x86dffffff]
[Sun Nov 24 20:12:01 2019] Zone ranges:
[Sun Nov 24 20:12:01 2019]   DMA      [mem 0x0000000000001000-0x0000000000ffffff]
[Sun Nov 24 20:12:01 2019]   DMA32    [mem 0x0000000001000000-0x00000000ffffffff]
[Sun Nov 24 20:12:01 2019]   Normal   [mem 0x0000000100000000-0x000000086dffffff]
[Sun Nov 24 20:12:01 2019]   Device   empty
[Sun Nov 24 20:12:01 2019] Movable zone start for each node
[Sun Nov 24 20:12:01 2019] Early memory node ranges
[Sun Nov 24 20:12:01 2019]   node   0: [mem 0x0000000000001000-0x000000000009cfff]
[Sun Nov 24 20:12:01 2019]   node   0: [mem 0x0000000000100000-0x000000007c6ddfff]
[Sun Nov 24 20:12:01 2019]   node   0: [mem 0x000000007df4a000-0x000000007e0dcfff]
[Sun Nov 24 20:12:01 2019]   node   0: [mem 0x000000007ec0f000-0x000000007ec0ffff]
[Sun Nov 24 20:12:01 2019]   node   0: [mem 0x0000000100000000-0x000000086dffffff]
[Sun Nov 24 20:12:01 2019] Zeroed struct page in unavailable ranges: 14322 pages
[Sun Nov 24 20:12:01 2019] Initmem setup node 0 [mem 0x0000000000001000-0x000000086dffffff]
[Sun Nov 24 20:12:01 2019] On node 0 totalpages: 8300558
[Sun Nov 24 20:12:01 2019]   DMA zone: 64 pages used for memmap
[Sun Nov 24 20:12:01 2019]   DMA zone: 21 pages reserved
[Sun Nov 24 20:12:01 2019]   DMA zone: 3996 pages, LIFO batch:0
[Sun Nov 24 20:12:01 2019]   DMA32 zone: 7906 pages used for memmap
[Sun Nov 24 20:12:01 2019]   DMA32 zone: 505970 pages, LIFO batch:63
[Sun Nov 24 20:12:01 2019]   Normal zone: 121728 pages used for memmap
[Sun Nov 24 20:12:01 2019]   Normal zone: 7790592 pages, LIFO batch:63
[Sun Nov 24 20:12:01 2019] Reserving Intel graphics memory at [mem 0x80000000-0x8fffffff]
[Sun Nov 24 20:12:01 2019] ACPI: PM-Timer IO Port: 0x1808
[Sun Nov 24 20:12:01 2019] ACPI: Local APIC address 0xfee00000
[Sun Nov 24 20:12:01 2019] ACPI: LAPIC_NMI (acpi_id[0x01] high edge lint[0x1])
[Sun Nov 24 20:12:01 2019] ACPI: LAPIC_NMI (acpi_id[0x02] high edge lint[0x1])
[Sun Nov 24 20:12:01 2019] ACPI: LAPIC_NMI (acpi_id[0x03] high edge lint[0x1])
[Sun Nov 24 20:12:01 2019] ACPI: LAPIC_NMI (acpi_id[0x04] high edge lint[0x1])
[Sun Nov 24 20:12:01 2019] ACPI: LAPIC_NMI (acpi_id[0x05] high edge lint[0x1])
[Sun Nov 24 20:12:01 2019] ACPI: LAPIC_NMI (acpi_id[0x06] high edge lint[0x1])
[Sun Nov 24 20:12:01 2019] ACPI: LAPIC_NMI (acpi_id[0x07] high edge lint[0x1])
[Sun Nov 24 20:12:01 2019] ACPI: LAPIC_NMI (acpi_id[0x08] high edge lint[0x1])
[Sun Nov 24 20:12:01 2019] IOAPIC[0]: apic_id 2, version 32, address 0xfec00000, GSI 0-119
[Sun Nov 24 20:12:01 2019] ACPI: INT_SRC_OVR (bus 0 bus_irq 0 global_irq 2 dfl dfl)
[Sun Nov 24 20:12:01 2019] ACPI: INT_SRC_OVR (bus 0 bus_irq 9 global_irq 9 high level)
[Sun Nov 24 20:12:01 2019] ACPI: IRQ0 used by override.
[Sun Nov 24 20:12:01 2019] ACPI: IRQ9 used by override.
[Sun Nov 24 20:12:01 2019] Using ACPI (MADT) for SMP configuration information
[Sun Nov 24 20:12:01 2019] ACPI: HPET id: 0x8086a201 base: 0xfed00000
[Sun Nov 24 20:12:01 2019] smpboot: Allowing 8 CPUs, 0 hotplug CPUs
[Sun Nov 24 20:12:01 2019] PM: Registered nosave memory: [mem 0x00000000-0x00000fff]
[Sun Nov 24 20:12:01 2019] PM: Registered nosave memory: [mem 0x0009d000-0x0009dfff]
[Sun Nov 24 20:12:01 2019] PM: Registered nosave memory: [mem 0x0009e000-0x0009ffff]
[Sun Nov 24 20:12:01 2019] PM: Registered nosave memory: [mem 0x000a0000-0x000dffff]
[Sun Nov 24 20:12:01 2019] PM: Registered nosave memory: [mem 0x000e0000-0x000fffff]
[Sun Nov 24 20:12:01 2019] PM: Registered nosave memory: [mem 0x7c6de000-0x7df49fff]
[Sun Nov 24 20:12:01 2019] PM: Registered nosave memory: [mem 0x7e0dd000-0x7e49ffff]
[Sun Nov 24 20:12:01 2019] PM: Registered nosave memory: [mem 0x7e4a0000-0x7ec0efff]
[Sun Nov 24 20:12:01 2019] PM: Registered nosave memory: [mem 0x7ec10000-0x8fffffff]
[Sun Nov 24 20:12:01 2019] PM: Registered nosave memory: [mem 0x90000000-0xdfffffff]
[Sun Nov 24 20:12:01 2019] PM: Registered nosave memory: [mem 0xe0000000-0xefffffff]
[Sun Nov 24 20:12:01 2019] PM: Registered nosave memory: [mem 0xf0000000-0xfdffffff]
[Sun Nov 24 20:12:01 2019] PM: Registered nosave memory: [mem 0xfe000000-0xfe010fff]
[Sun Nov 24 20:12:01 2019] PM: Registered nosave memory: [mem 0xfe011000-0xfebfffff]
[Sun Nov 24 20:12:01 2019] PM: Registered nosave memory: [mem 0xfec00000-0xfec00fff]
[Sun Nov 24 20:12:01 2019] PM: Registered nosave memory: [mem 0xfec01000-0xfecfffff]
[Sun Nov 24 20:12:01 2019] PM: Registered nosave memory: [mem 0xfed00000-0xfed03fff]
[Sun Nov 24 20:12:01 2019] PM: Registered nosave memory: [mem 0xfed04000-0xfedfffff]
[Sun Nov 24 20:12:01 2019] PM: Registered nosave memory: [mem 0xfee00000-0xfee00fff]
[Sun Nov 24 20:12:01 2019] PM: Registered nosave memory: [mem 0xfee01000-0xfeffffff]
[Sun Nov 24 20:12:01 2019] PM: Registered nosave memory: [mem 0xff000000-0xffffffff]
[Sun Nov 24 20:12:01 2019] [mem 0x90000000-0xdfffffff] available for PCI devices
[Sun Nov 24 20:12:01 2019] Booting paravirtualized kernel on bare hardware
[Sun Nov 24 20:12:01 2019] clocksource: refined-jiffies: mask: 0xffffffff max_cycles: 0xffffffff, max_idle_ns: 7645519600211568 ns
[Sun Nov 24 20:12:01 2019] random: get_random_bytes called from start_kernel+0x97/0x516 with crng_init=0
[Sun Nov 24 20:12:01 2019] setup_percpu: NR_CPUS:8192 nr_cpumask_bits:8 nr_cpu_ids:8 nr_node_ids:1
[Sun Nov 24 20:12:01 2019] percpu: Embedded 46 pages/cpu s151552 r8192 d28672 u262144
[Sun Nov 24 20:12:01 2019] pcpu-alloc: s151552 r8192 d28672 u262144 alloc=1*2097152
[Sun Nov 24 20:12:01 2019] pcpu-alloc: [0] 0 1 2 3 4 5 6 7 
[Sun Nov 24 20:12:01 2019] Built 1 zonelists, mobility grouping on.  Total pages: 8170839
[Sun Nov 24 20:12:01 2019] Policy zone: Normal
[Sun Nov 24 20:12:01 2019] Kernel command line: BOOT_IMAGE=/boot/vmlinuz-5.0.0-36-generic root=UUID=8c43e66a-1c07-4728-af31-6f9347b39f6a ro quiet splash vt.handoff=1
[Sun Nov 24 20:12:01 2019] Calgary: detecting Calgary via BIOS EBDA area
[Sun Nov 24 20:12:01 2019] Calgary: Unable to locate Rio Grande table in EBDA - bailing!
[Sun Nov 24 20:12:01 2019] Memory: 32541448K/33202232K available (14339K kernel code, 2336K rwdata, 4416K rodata, 2588K init, 5192K bss, 660784K reserved, 0K cma-reserved)
[Sun Nov 24 20:12:01 2019] SLUB: HWalign=64, Order=0-3, MinObjects=0, CPUs=8, Nodes=1
[Sun Nov 24 20:12:01 2019] ftrace: allocating 41686 entries in 163 pages
[Sun Nov 24 20:12:01 2019] rcu: Hierarchical RCU implementation.
[Sun Nov 24 20:12:01 2019] rcu: 	RCU restricting CPUs from NR_CPUS=8192 to nr_cpu_ids=8.
[Sun Nov 24 20:12:01 2019] 	Tasks RCU enabled.
[Sun Nov 24 20:12:01 2019] rcu: RCU calculated value of scheduler-enlistment delay is 25 jiffies.
[Sun Nov 24 20:12:01 2019] rcu: Adjusting geometry for rcu_fanout_leaf=16, nr_cpu_ids=8
[Sun Nov 24 20:12:01 2019] NR_IRQS: 524544, nr_irqs: 2048, preallocated irqs: 16
[Sun Nov 24 20:12:01 2019] vt handoff: transparent VT on vt#1
[Sun Nov 24 20:12:01 2019] Console: colour dummy device 80x25
[Sun Nov 24 20:12:01 2019] printk: console [tty0] enabled
[Sun Nov 24 20:12:01 2019] ACPI: Core revision 20181213
[Sun Nov 24 20:12:01 2019] clocksource: hpet: mask: 0xffffffff max_cycles: 0xffffffff, max_idle_ns: 79635855245 ns
[Sun Nov 24 20:12:01 2019] hpet clockevent registered
[Sun Nov 24 20:12:01 2019] APIC: Switch to symmetric I/O mode setup
[Sun Nov 24 20:12:01 2019] DMAR: Host address width 39
[Sun Nov 24 20:12:01 2019] DMAR: DRHD base: 0x000000fed90000 flags: 0x0
[Sun Nov 24 20:12:01 2019] DMAR: dmar0: reg_base_addr fed90000 ver 1:0 cap 1c0000c40660462 ecap 19e2ff0505e
[Sun Nov 24 20:12:01 2019] DMAR: DRHD base: 0x000000fed91000 flags: 0x1
[Sun Nov 24 20:12:01 2019] DMAR: dmar1: reg_base_addr fed91000 ver 1:0 cap d2008c40660462 ecap f050da
[Sun Nov 24 20:12:01 2019] DMAR: RMRR base: 0x0000007e704000 end: 0x0000007e94dfff
[Sun Nov 24 20:12:01 2019] DMAR: RMRR base: 0x0000007f800000 end: 0x0000008fffffff
[Sun Nov 24 20:12:01 2019] DMAR-IR: IOAPIC id 2 under DRHD base  0xfed91000 IOMMU 1
[Sun Nov 24 20:12:01 2019] DMAR-IR: HPET id 0 under DRHD base 0xfed91000
[Sun Nov 24 20:12:01 2019] DMAR-IR: Queued invalidation will be enabled to support x2apic and Intr-remapping.
[Sun Nov 24 20:12:01 2019] DMAR-IR: Enabled IRQ remapping in x2apic mode
[Sun Nov 24 20:12:01 2019] x2apic enabled
[Sun Nov 24 20:12:01 2019] Switched APIC routing to cluster x2apic.
[Sun Nov 24 20:12:01 2019] ..TIMER: vector=0x30 apic1=0 pin1=2 apic2=-1 pin2=-1
[Sun Nov 24 20:12:01 2019] clocksource: tsc-early: mask: 0xffffffffffffffff max_cycles: 0x2b3e459bf4c, max_idle_ns: 440795289890 ns
[Sun Nov 24 20:12:01 2019] Calibrating delay loop (skipped), value calculated using timer frequency.. 6000.00 BogoMIPS (lpj=12000000)
[Sun Nov 24 20:12:01 2019] pid_max: default: 32768 minimum: 301
[Sun Nov 24 20:12:01 2019] LSM: Security Framework initializing
[Sun Nov 24 20:12:01 2019] Yama: becoming mindful.
[Sun Nov 24 20:12:01 2019] AppArmor: AppArmor initialized
[Sun Nov 24 20:12:01 2019] Dentry cache hash table entries: 4194304 (order: 13, 33554432 bytes)
[Sun Nov 24 20:12:01 2019] Inode-cache hash table entries: 2097152 (order: 12, 16777216 bytes)
[Sun Nov 24 20:12:01 2019] Mount-cache hash table entries: 65536 (order: 7, 524288 bytes)
[Sun Nov 24 20:12:01 2019] Mountpoint-cache hash table entries: 65536 (order: 7, 524288 bytes)
[Sun Nov 24 20:12:01 2019] ENERGY_PERF_BIAS: Set to 'normal', was 'performance'
[Sun Nov 24 20:12:01 2019] ENERGY_PERF_BIAS: View and update with x86_energy_perf_policy(8)
[Sun Nov 24 20:12:01 2019] mce: CPU0: Thermal monitoring enabled (TM1)
[Sun Nov 24 20:12:01 2019] process: using mwait in idle threads
[Sun Nov 24 20:12:01 2019] Last level iTLB entries: 4KB 128, 2MB 8, 4MB 8
[Sun Nov 24 20:12:01 2019] Last level dTLB entries: 4KB 64, 2MB 0, 4MB 0, 1GB 4
[Sun Nov 24 20:12:01 2019] Spectre V1 : Mitigation: usercopy/swapgs barriers and __user pointer sanitization
[Sun Nov 24 20:12:01 2019] Spectre V2 : Mitigation: Enhanced IBRS
[Sun Nov 24 20:12:01 2019] Spectre V2 : Spectre v2 / SpectreRSB mitigation: Filling RSB on context switch
[Sun Nov 24 20:12:01 2019] Spectre V2 : mitigation: Enabling conditional Indirect Branch Prediction Barrier
[Sun Nov 24 20:12:01 2019] Speculative Store Bypass: Mitigation: Speculative Store Bypass disabled via prctl and seccomp
[Sun Nov 24 20:12:01 2019] TAA: Mitigation: TSX disabled
[Sun Nov 24 20:12:01 2019] Freeing SMP alternatives memory: 36K
[Sun Nov 24 20:12:01 2019] TSC deadline timer enabled
[Sun Nov 24 20:12:01 2019] smpboot: CPU0: Intel(R) Core(TM) i7-9700 CPU @ 3.00GHz (family: 0x6, model: 0x9e, stepping: 0xd)
[Sun Nov 24 20:12:01 2019] Performance Events: PEBS fmt3+, Skylake events, 32-deep LBR, full-width counters, Intel PMU driver.
[Sun Nov 24 20:12:01 2019] ... version:                4
[Sun Nov 24 20:12:01 2019] ... bit width:              48
[Sun Nov 24 20:12:01 2019] ... generic registers:      8
[Sun Nov 24 20:12:01 2019] ... value mask:             0000ffffffffffff
[Sun Nov 24 20:12:01 2019] ... max period:             00007fffffffffff
[Sun Nov 24 20:12:01 2019] ... fixed-purpose events:   3
[Sun Nov 24 20:12:01 2019] ... event mask:             00000007000000ff
[Sun Nov 24 20:12:01 2019] rcu: Hierarchical SRCU implementation.
[Sun Nov 24 20:12:01 2019] random: crng done (trusting CPU's manufacturer)
[Sun Nov 24 20:12:01 2019] NMI watchdog: Enabled. Permanently consumes one hw-PMU counter.
[Sun Nov 24 20:12:01 2019] smp: Bringing up secondary CPUs ...
[Sun Nov 24 20:12:01 2019] x86: Booting SMP configuration:
[Sun Nov 24 20:12:01 2019] .... node  #0, CPUs:      #1 #2 #3 #4 #5 #6 #7
[Sun Nov 24 20:12:01 2019] smp: Brought up 1 node, 8 CPUs
[Sun Nov 24 20:12:01 2019] smpboot: Max logical packages: 1
[Sun Nov 24 20:12:01 2019] smpboot: Total of 8 processors activated (48000.00 BogoMIPS)
[Sun Nov 24 20:12:01 2019] devtmpfs: initialized
[Sun Nov 24 20:12:01 2019] x86/mm: Memory block size: 128MB
[Sun Nov 24 20:12:01 2019] PM: Registering ACPI NVS region [mem 0x7e0dd000-0x7e49ffff] (3944448 bytes)
[Sun Nov 24 20:12:01 2019] clocksource: jiffies: mask: 0xffffffff max_cycles: 0xffffffff, max_idle_ns: 7645041785100000 ns
[Sun Nov 24 20:12:01 2019] futex hash table entries: 2048 (order: 5, 131072 bytes)
[Sun Nov 24 20:12:01 2019] pinctrl core: initialized pinctrl subsystem
[Sun Nov 24 20:12:01 2019] RTC time: 18:12:01, date: 2019-11-24
[Sun Nov 24 20:12:01 2019] NET: Registered protocol family 16
[Sun Nov 24 20:12:01 2019] audit: initializing netlink subsys (disabled)
[Sun Nov 24 20:12:01 2019] audit: type=2000 audit(1574619121.044:1): state=initialized audit_enabled=0 res=1
[Sun Nov 24 20:12:01 2019] EISA bus registered
[Sun Nov 24 20:12:01 2019] cpuidle: using governor ladder
[Sun Nov 24 20:12:01 2019] cpuidle: using governor menu
[Sun Nov 24 20:12:01 2019] KVM setup pv remote TLB flush
[Sun Nov 24 20:12:01 2019] ACPI FADT declares the system doesn't support PCIe ASPM, so disable it
[Sun Nov 24 20:12:01 2019] ACPI: bus type PCI registered
[Sun Nov 24 20:12:01 2019] acpiphp: ACPI Hot Plug PCI Controller Driver version: 0.5
[Sun Nov 24 20:12:01 2019] PCI: MMCONFIG for domain 0000 [bus 00-ff] at [mem 0xe0000000-0xefffffff] (base 0xe0000000)
[Sun Nov 24 20:12:01 2019] PCI: MMCONFIG at [mem 0xe0000000-0xefffffff] reserved in E820
[Sun Nov 24 20:12:01 2019] PCI: Using configuration type 1 for base access
[Sun Nov 24 20:12:01 2019] HugeTLB registered 1.00 GiB page size, pre-allocated 0 pages
[Sun Nov 24 20:12:01 2019] HugeTLB registered 2.00 MiB page size, pre-allocated 0 pages
[Sun Nov 24 20:12:01 2019] ACPI: Added _OSI(Module Device)
[Sun Nov 24 20:12:01 2019] ACPI: Added _OSI(Processor Device)
[Sun Nov 24 20:12:01 2019] ACPI: Added _OSI(3.0 _SCP Extensions)
[Sun Nov 24 20:12:01 2019] ACPI: Added _OSI(Processor Aggregator Device)
[Sun Nov 24 20:12:01 2019] ACPI: Added _OSI(Linux-Dell-Video)
[Sun Nov 24 20:12:01 2019] ACPI: Added _OSI(Linux-Lenovo-NV-HDMI-Audio)
[Sun Nov 24 20:12:01 2019] ACPI: Added _OSI(Linux-HPI-Hybrid-Graphics)
[Sun Nov 24 20:12:01 2019] ACPI: 9 ACPI AML tables successfully acquired and loaded
[Sun Nov 24 20:12:01 2019] ACPI: Dynamic OEM Table Load:
[Sun Nov 24 20:12:01 2019] ACPI: SSDT 0xFFFF94CF8A1EE700 0000F4 (v02 PmRef  Cpu0Psd  00003000 INTL 20160527)
[Sun Nov 24 20:12:01 2019] ACPI: \_SB_.PR00: _OSC native thermal LVT Acked
[Sun Nov 24 20:12:01 2019] ACPI: Dynamic OEM Table Load:
[Sun Nov 24 20:12:01 2019] ACPI: SSDT 0xFFFF94CF89867400 000400 (v02 PmRef  Cpu0Cst  00003001 INTL 20160527)
[Sun Nov 24 20:12:01 2019] ACPI: Dynamic OEM Table Load:
[Sun Nov 24 20:12:01 2019] ACPI: SSDT 0xFFFF94CF89C37800 000605 (v02 PmRef  Cpu0Ist  00003000 INTL 20160527)
[Sun Nov 24 20:12:01 2019] ACPI: Dynamic OEM Table Load:
[Sun Nov 24 20:12:01 2019] ACPI: SSDT 0xFFFF94CF89C34800 0005FC (v02 PmRef  ApIst    00003000 INTL 20160527)
[Sun Nov 24 20:12:01 2019] ACPI: Dynamic OEM Table Load:
[Sun Nov 24 20:12:01 2019] ACPI: SSDT 0xFFFF94CF8D950000 000AB0 (v02 PmRef  ApPsd    00003000 INTL 20160527)
[Sun Nov 24 20:12:01 2019] ACPI: Dynamic OEM Table Load:
[Sun Nov 24 20:12:01 2019] ACPI: SSDT 0xFFFF94CF89866800 00030A (v02 PmRef  ApCst    00003000 INTL 20160527)
[Sun Nov 24 20:12:01 2019] ACPI: Interpreter enabled
[Sun Nov 24 20:12:01 2019] ACPI: (supports S0 S3 S4 S5)
[Sun Nov 24 20:12:01 2019] ACPI: Using IOAPIC for interrupt routing
[Sun Nov 24 20:12:01 2019] PCI: Using host bridge windows from ACPI; if necessary, use "pci=nocrs" and report a bug
[Sun Nov 24 20:12:01 2019] ACPI: Enabled 9 GPEs in block 00 to 7F
[Sun Nov 24 20:12:01 2019] ACPI: Power Resource [USBC] (on)
[Sun Nov 24 20:12:01 2019] ACPI: Power Resource [V0PR] (on)
[Sun Nov 24 20:12:01 2019] ACPI: Power Resource [V1PR] (on)
[Sun Nov 24 20:12:01 2019] ACPI: Power Resource [V2PR] (on)
[Sun Nov 24 20:12:01 2019] ACPI: Power Resource [WRST] (on)
[Sun Nov 24 20:12:01 2019] ACPI: Power Resource [PIN] (off)
[Sun Nov 24 20:12:01 2019] ACPI: PCI Root Bridge [PCI0] (domain 0000 [bus 00-fe])
[Sun Nov 24 20:12:01 2019] acpi PNP0A08:00: _OSC: OS supports [ExtendedConfig ASPM ClockPM Segments MSI]
[Sun Nov 24 20:12:01 2019] acpi PNP0A08:00: _OSC: platform does not support [PCIeHotplug SHPCHotplug PME]
[Sun Nov 24 20:12:01 2019] acpi PNP0A08:00: _OSC: OS now controls [AER PCIeCapability LTR]
[Sun Nov 24 20:12:01 2019] acpi PNP0A08:00: FADT indicates ASPM is unsupported, using BIOS configuration
[Sun Nov 24 20:12:01 2019] PCI host bridge to bus 0000:00
[Sun Nov 24 20:12:01 2019] pci_bus 0000:00: root bus resource [io  0x0000-0x0cf7 window]
[Sun Nov 24 20:12:01 2019] pci_bus 0000:00: root bus resource [io  0x0d00-0xffff window]
[Sun Nov 24 20:12:01 2019] pci_bus 0000:00: root bus resource [mem 0x000a0000-0x000bffff window]
[Sun Nov 24 20:12:01 2019] pci_bus 0000:00: root bus resource [mem 0x90000000-0xdfffffff window]
[Sun Nov 24 20:12:01 2019] pci_bus 0000:00: root bus resource [mem 0x4000000000-0x7fffffffff window]
[Sun Nov 24 20:12:01 2019] pci_bus 0000:00: root bus resource [mem 0xfc800000-0xfe7fffff window]
[Sun Nov 24 20:12:01 2019] pci_bus 0000:00: root bus resource [bus 00-fe]
[Sun Nov 24 20:12:01 2019] pci 0000:00:00.0: [8086:3e30] type 00 class 0x060000
[Sun Nov 24 20:12:01 2019] pci 0000:00:01.0: [8086:1901] type 01 class 0x060400
[Sun Nov 24 20:12:01 2019] pci 0000:00:01.0: PME# supported from D0 D3hot D3cold
[Sun Nov 24 20:12:01 2019] pci 0000:00:02.0: [8086:3e98] type 00 class 0x030000
[Sun Nov 24 20:12:01 2019] pci 0000:00:02.0: reg 0x10: [mem 0xc1000000-0xc1ffffff 64bit]
[Sun Nov 24 20:12:01 2019] pci 0000:00:02.0: reg 0x18: [mem 0x90000000-0x9fffffff 64bit pref]
[Sun Nov 24 20:12:01 2019] pci 0000:00:02.0: reg 0x20: [io  0x3000-0x303f]
[Sun Nov 24 20:12:01 2019] pci 0000:00:12.0: [8086:a379] type 00 class 0x118000
[Sun Nov 24 20:12:01 2019] pci 0000:00:12.0: reg 0x10: [mem 0x4300119000-0x4300119fff 64bit]
[Sun Nov 24 20:12:01 2019] pci 0000:00:14.0: [8086:a36d] type 00 class 0x0c0330
[Sun Nov 24 20:12:01 2019] pci 0000:00:14.0: reg 0x10: [mem 0x4300100000-0x430010ffff 64bit]
[Sun Nov 24 20:12:01 2019] pci 0000:00:14.0: PME# supported from D3hot D3cold
[Sun Nov 24 20:12:01 2019] pci 0000:00:14.2: [8086:a36f] type 00 class 0x050000
[Sun Nov 24 20:12:01 2019] pci 0000:00:14.2: reg 0x10: [mem 0x4300114000-0x4300115fff 64bit]
[Sun Nov 24 20:12:01 2019] pci 0000:00:14.2: reg 0x18: [mem 0x4300118000-0x4300118fff 64bit]
[Sun Nov 24 20:12:01 2019] pci 0000:00:16.0: [8086:a360] type 00 class 0x078000
[Sun Nov 24 20:12:01 2019] pci 0000:00:16.0: reg 0x10: [mem 0x4300117000-0x4300117fff 64bit]
[Sun Nov 24 20:12:01 2019] pci 0000:00:16.0: PME# supported from D3hot
[Sun Nov 24 20:12:01 2019] pci 0000:00:17.0: [8086:a352] type 00 class 0x010601
[Sun Nov 24 20:12:01 2019] pci 0000:00:17.0: reg 0x10: [mem 0xc2020000-0xc2021fff]
[Sun Nov 24 20:12:01 2019] pci 0000:00:17.0: reg 0x14: [mem 0xc2023000-0xc20230ff]
[Sun Nov 24 20:12:01 2019] pci 0000:00:17.0: reg 0x18: [io  0x3090-0x3097]
[Sun Nov 24 20:12:01 2019] pci 0000:00:17.0: reg 0x1c: [io  0x3080-0x3083]
[Sun Nov 24 20:12:01 2019] pci 0000:00:17.0: reg 0x20: [io  0x3060-0x307f]
[Sun Nov 24 20:12:01 2019] pci 0000:00:17.0: reg 0x24: [mem 0xc2022000-0xc20227ff]
[Sun Nov 24 20:12:01 2019] pci 0000:00:17.0: PME# supported from D3hot
[Sun Nov 24 20:12:01 2019] pci 0000:00:1f.0: [8086:a305] type 00 class 0x060100
[Sun Nov 24 20:12:01 2019] pci 0000:00:1f.3: [8086:a348] type 00 class 0x040300
[Sun Nov 24 20:12:01 2019] pci 0000:00:1f.3: reg 0x10: [mem 0x4300110000-0x4300113fff 64bit]
[Sun Nov 24 20:12:01 2019] pci 0000:00:1f.3: reg 0x20: [mem 0x4300000000-0x43000fffff 64bit]
[Sun Nov 24 20:12:01 2019] pci 0000:00:1f.3: PME# supported from D3hot D3cold
[Sun Nov 24 20:12:01 2019] pci 0000:00:1f.4: [8086:a323] type 00 class 0x0c0500
[Sun Nov 24 20:12:01 2019] pci 0000:00:1f.4: reg 0x10: [mem 0x4300116000-0x43001160ff 64bit]
[Sun Nov 24 20:12:01 2019] pci 0000:00:1f.4: reg 0x20: [io  0xefa0-0xefbf]
[Sun Nov 24 20:12:01 2019] pci 0000:00:1f.5: [8086:a324] type 00 class 0x0c8000
[Sun Nov 24 20:12:01 2019] pci 0000:00:1f.5: reg 0x10: [mem 0xfe010000-0xfe010fff]
[Sun Nov 24 20:12:01 2019] pci 0000:00:1f.6: [8086:15bc] type 00 class 0x020000
[Sun Nov 24 20:12:01 2019] pci 0000:00:1f.6: reg 0x10: [mem 0xc2000000-0xc201ffff]
[Sun Nov 24 20:12:01 2019] pci 0000:00:1f.6: PME# supported from D0 D3hot D3cold
[Sun Nov 24 20:12:01 2019] pci 0000:01:00.0: [1e4c:0010] type 00 class 0x070001
[Sun Nov 24 20:12:01 2019] pci 0000:01:00.0: reg 0x10: [mem 0xa0000000-0xbfffffff]
[Sun Nov 24 20:12:01 2019] pci 0000:01:00.0: reg 0x14: [mem 0xc0000000-0xc001ffff]
[Sun Nov 24 20:12:01 2019] pci 0000:01:00.0: reg 0x18: [mem 0x4000000000-0x41ffffffff 64bit pref]
[Sun Nov 24 20:12:01 2019] pci 0000:01:00.0: reg 0x20: [mem 0x4200000000-0x42ffffffff 64bit pref]
[Sun Nov 24 20:12:01 2019] pci 0000:01:00.0: 16.000 Gb/s available PCIe bandwidth, limited by 2.5 GT/s x8 link at 0000:00:01.0 (capable of 63.008 Gb/s with 8 GT/s x8 link)
[Sun Nov 24 20:12:01 2019] pci 0000:00:01.0: PCI bridge to [bus 01]
[Sun Nov 24 20:12:01 2019] pci 0000:00:01.0:   bridge window [mem 0xa0000000-0xc00fffff]
[Sun Nov 24 20:12:01 2019] pci 0000:00:01.0:   bridge window [mem 0x4000000000-0x42ffffffff 64bit pref]
[Sun Nov 24 20:12:01 2019] ACPI: PCI Interrupt Link [LNKA] (IRQs 3 4 5 6 10 11 12 14 15) *0
[Sun Nov 24 20:12:01 2019] ACPI: PCI Interrupt Link [LNKB] (IRQs 3 4 5 6 10 11 12 14 15) *1
[Sun Nov 24 20:12:01 2019] ACPI: PCI Interrupt Link [LNKC] (IRQs 3 4 5 6 10 11 12 14 15) *0
[Sun Nov 24 20:12:01 2019] ACPI: PCI Interrupt Link [LNKD] (IRQs 3 4 5 6 10 11 12 14 15) *0
[Sun Nov 24 20:12:01 2019] ACPI: PCI Interrupt Link [LNKE] (IRQs 3 4 5 6 10 11 12 14 15) *0
[Sun Nov 24 20:12:01 2019] ACPI: PCI Interrupt Link [LNKF] (IRQs 3 4 5 6 10 11 12 14 15) *0
[Sun Nov 24 20:12:01 2019] ACPI: PCI Interrupt Link [LNKG] (IRQs 3 4 5 6 10 11 12 14 15) *0
[Sun Nov 24 20:12:01 2019] ACPI: PCI Interrupt Link [LNKH] (IRQs 3 4 5 6 10 11 12 14 15) *0
[Sun Nov 24 20:12:01 2019] SCSI subsystem initialized
[Sun Nov 24 20:12:01 2019] libata version 3.00 loaded.
[Sun Nov 24 20:12:01 2019] pci 0000:00:02.0: vgaarb: setting as boot VGA device
[Sun Nov 24 20:12:01 2019] pci 0000:00:02.0: vgaarb: VGA device added: decodes=io+mem,owns=io+mem,locks=none
[Sun Nov 24 20:12:01 2019] pci 0000:00:02.0: vgaarb: bridge control possible
[Sun Nov 24 20:12:01 2019] vgaarb: loaded
[Sun Nov 24 20:12:01 2019] ACPI: bus type USB registered
[Sun Nov 24 20:12:01 2019] usbcore: registered new interface driver usbfs
[Sun Nov 24 20:12:01 2019] usbcore: registered new interface driver hub
[Sun Nov 24 20:12:01 2019] usbcore: registered new device driver usb
[Sun Nov 24 20:12:01 2019] pps_core: LinuxPPS API ver. 1 registered
[Sun Nov 24 20:12:01 2019] pps_core: Software ver. 5.3.6 - Copyright 2005-2007 Rodolfo Giometti <giometti@linux.it>
[Sun Nov 24 20:12:01 2019] PTP clock support registered
[Sun Nov 24 20:12:01 2019] EDAC MC: Ver: 3.0.0
[Sun Nov 24 20:12:01 2019] PCI: Using ACPI for IRQ routing
[Sun Nov 24 20:12:01 2019] PCI: pci_cache_line_size set to 64 bytes
[Sun Nov 24 20:12:01 2019] e820: reserve RAM buffer [mem 0x0009d400-0x0009ffff]
[Sun Nov 24 20:12:01 2019] e820: reserve RAM buffer [mem 0x7c6de000-0x7fffffff]
[Sun Nov 24 20:12:01 2019] e820: reserve RAM buffer [mem 0x7e0dd000-0x7fffffff]
[Sun Nov 24 20:12:01 2019] e820: reserve RAM buffer [mem 0x7ec10000-0x7fffffff]
[Sun Nov 24 20:12:01 2019] e820: reserve RAM buffer [mem 0x86e000000-0x86fffffff]
[Sun Nov 24 20:12:01 2019] NetLabel: Initializing
[Sun Nov 24 20:12:01 2019] NetLabel:  domain hash size = 128
[Sun Nov 24 20:12:01 2019] NetLabel:  protocols = UNLABELED CIPSOv4 CALIPSO
[Sun Nov 24 20:12:01 2019] NetLabel:  unlabeled traffic allowed by default
[Sun Nov 24 20:12:01 2019] hpet0: at MMIO 0xfed00000, IRQs 2, 8, 0, 0, 0, 0, 0, 0
[Sun Nov 24 20:12:01 2019] hpet0: 8 comparators, 64-bit 24.000000 MHz counter
[Sun Nov 24 20:12:01 2019] clocksource: Switched to clocksource tsc-early
[Sun Nov 24 20:12:01 2019] VFS: Disk quotas dquot_6.6.0
[Sun Nov 24 20:12:01 2019] VFS: Dquot-cache hash table entries: 512 (order 0, 4096 bytes)
[Sun Nov 24 20:12:01 2019] AppArmor: AppArmor Filesystem Enabled
[Sun Nov 24 20:12:01 2019] pnp: PnP ACPI init
[Sun Nov 24 20:12:01 2019] system 00:00: [io  0x0280-0x028f] has been reserved
[Sun Nov 24 20:12:01 2019] system 00:00: [io  0x0290-0x029f] has been reserved
[Sun Nov 24 20:12:01 2019] system 00:00: [io  0x02a0-0x02af] has been reserved
[Sun Nov 24 20:12:01 2019] system 00:00: [io  0x02b0-0x02bf] has been reserved
[Sun Nov 24 20:12:01 2019] system 00:00: Plug and Play ACPI device, IDs PNP0c02 (active)
[Sun Nov 24 20:12:01 2019] pnp 00:01: [dma 0 disabled]
[Sun Nov 24 20:12:01 2019] pnp 00:01: Plug and Play ACPI device, IDs PNP0501 (active)
[Sun Nov 24 20:12:01 2019] system 00:02: [io  0x0680-0x069f] has been reserved
[Sun Nov 24 20:12:01 2019] system 00:02: [io  0x164e-0x164f] has been reserved
[Sun Nov 24 20:12:01 2019] system 00:02: Plug and Play ACPI device, IDs PNP0c02 (active)
[Sun Nov 24 20:12:01 2019] system 00:03: [io  0x1854-0x1857] has been reserved
[Sun Nov 24 20:12:01 2019] system 00:03: Plug and Play ACPI device, IDs INT3f0d PNP0c02 (active)
[Sun Nov 24 20:12:01 2019] system 00:04: [mem 0xfed10000-0xfed17fff] has been reserved
[Sun Nov 24 20:12:01 2019] system 00:04: [mem 0xfed18000-0xfed18fff] has been reserved
[Sun Nov 24 20:12:01 2019] system 00:04: [mem 0xfed19000-0xfed19fff] has been reserved
[Sun Nov 24 20:12:01 2019] system 00:04: [mem 0xe0000000-0xefffffff] has been reserved
[Sun Nov 24 20:12:01 2019] system 00:04: [mem 0xfed20000-0xfed3ffff] has been reserved
[Sun Nov 24 20:12:01 2019] system 00:04: [mem 0xfed90000-0xfed93fff] could not be reserved
[Sun Nov 24 20:12:01 2019] system 00:04: [mem 0xfed45000-0xfed8ffff] has been reserved
[Sun Nov 24 20:12:01 2019] system 00:04: [mem 0xfee00000-0xfeefffff] could not be reserved
[Sun Nov 24 20:12:01 2019] system 00:04: Plug and Play ACPI device, IDs PNP0c02 (active)
[Sun Nov 24 20:12:01 2019] system 00:05: [io  0x1800-0x18fe] could not be reserved
[Sun Nov 24 20:12:01 2019] system 00:05: [mem 0xfd000000-0xfd69ffff] has been reserved
[Sun Nov 24 20:12:01 2019] system 00:05: [mem 0xfd6c0000-0xfd6cffff] has been reserved
[Sun Nov 24 20:12:01 2019] system 00:05: [mem 0xfd6f0000-0xfdffffff] has been reserved
[Sun Nov 24 20:12:01 2019] system 00:05: [mem 0xfe000000-0xfe01ffff] could not be reserved
[Sun Nov 24 20:12:01 2019] system 00:05: [mem 0xfe200000-0xfe7fffff] has been reserved
[Sun Nov 24 20:12:01 2019] system 00:05: [mem 0xff000000-0xffffffff] has been reserved
[Sun Nov 24 20:12:01 2019] system 00:05: Plug and Play ACPI device, IDs PNP0c02 (active)
[Sun Nov 24 20:12:01 2019] system 00:06: [io  0x2000-0x20fe] has been reserved
[Sun Nov 24 20:12:01 2019] system 00:06: Plug and Play ACPI device, IDs PNP0c02 (active)
[Sun Nov 24 20:12:01 2019] system 00:07: [mem 0xfd6e0000-0xfd6effff] has been reserved
[Sun Nov 24 20:12:01 2019] system 00:07: [mem 0xfd6d0000-0xfd6dffff] has been reserved
[Sun Nov 24 20:12:01 2019] system 00:07: [mem 0xfd6b0000-0xfd6bffff] has been reserved
[Sun Nov 24 20:12:01 2019] system 00:07: [mem 0xfd6a0000-0xfd6affff] has been reserved
[Sun Nov 24 20:12:01 2019] system 00:07: Plug and Play ACPI device, IDs PNP0c02 (active)
[Sun Nov 24 20:12:01 2019] system 00:08: Plug and Play ACPI device, IDs PNP0c02 (active)
[Sun Nov 24 20:12:01 2019] pnp: PnP ACPI: found 9 devices
[Sun Nov 24 20:12:01 2019] clocksource: acpi_pm: mask: 0xffffff max_cycles: 0xffffff, max_idle_ns: 2085701024 ns
[Sun Nov 24 20:12:01 2019] pci 0000:00:01.0: PCI bridge to [bus 01]
[Sun Nov 24 20:12:01 2019] pci 0000:00:01.0:   bridge window [mem 0xa0000000-0xc00fffff]
[Sun Nov 24 20:12:01 2019] pci 0000:00:01.0:   bridge window [mem 0x4000000000-0x42ffffffff 64bit pref]
[Sun Nov 24 20:12:01 2019] pci_bus 0000:00: resource 4 [io  0x0000-0x0cf7 window]
[Sun Nov 24 20:12:01 2019] pci_bus 0000:00: resource 5 [io  0x0d00-0xffff window]
[Sun Nov 24 20:12:01 2019] pci_bus 0000:00: resource 6 [mem 0x000a0000-0x000bffff window]
[Sun Nov 24 20:12:01 2019] pci_bus 0000:00: resource 7 [mem 0x90000000-0xdfffffff window]
[Sun Nov 24 20:12:01 2019] pci_bus 0000:00: resource 8 [mem 0x4000000000-0x7fffffffff window]
[Sun Nov 24 20:12:01 2019] pci_bus 0000:00: resource 9 [mem 0xfc800000-0xfe7fffff window]
[Sun Nov 24 20:12:01 2019] pci_bus 0000:01: resource 1 [mem 0xa0000000-0xc00fffff]
[Sun Nov 24 20:12:01 2019] pci_bus 0000:01: resource 2 [mem 0x4000000000-0x42ffffffff 64bit pref]
[Sun Nov 24 20:12:01 2019] NET: Registered protocol family 2
[Sun Nov 24 20:12:01 2019] tcp_listen_portaddr_hash hash table entries: 16384 (order: 6, 262144 bytes)
[Sun Nov 24 20:12:01 2019] TCP established hash table entries: 262144 (order: 9, 2097152 bytes)
[Sun Nov 24 20:12:01 2019] TCP bind hash table entries: 65536 (order: 8, 1048576 bytes)
[Sun Nov 24 20:12:01 2019] TCP: Hash tables configured (established 262144 bind 65536)
[Sun Nov 24 20:12:01 2019] UDP hash table entries: 16384 (order: 7, 524288 bytes)
[Sun Nov 24 20:12:01 2019] UDP-Lite hash table entries: 16384 (order: 7, 524288 bytes)
[Sun Nov 24 20:12:01 2019] NET: Registered protocol family 1
[Sun Nov 24 20:12:01 2019] NET: Registered protocol family 44
[Sun Nov 24 20:12:01 2019] pci 0000:00:02.0: Video device with shadowed ROM at [mem 0x000c0000-0x000dffff]
[Sun Nov 24 20:12:01 2019] PCI: CLS 64 bytes, default 64
[Sun Nov 24 20:12:01 2019] Unpacking initramfs...
[Sun Nov 24 20:12:01 2019] Freeing initrd memory: 39860K
[Sun Nov 24 20:12:02 2019] PCI-DMA: Using software bounce buffering for IO (SWIOTLB)
[Sun Nov 24 20:12:02 2019] software IO TLB: mapped [mem 0x786de000-0x7c6de000] (64MB)
[Sun Nov 24 20:12:02 2019] clocksource: tsc: mask: 0xffffffffffffffff max_cycles: 0x2b3e459bf4c, max_idle_ns: 440795289890 ns
[Sun Nov 24 20:12:02 2019] clocksource: Switched to clocksource tsc
[Sun Nov 24 20:12:02 2019] platform rtc_cmos: registered platform RTC device (no PNP device found)
[Sun Nov 24 20:12:02 2019] check: Scanning for low memory corruption every 60 seconds
[Sun Nov 24 20:12:02 2019] Initialise system trusted keyrings
[Sun Nov 24 20:12:02 2019] Key type blacklist registered
[Sun Nov 24 20:12:02 2019] workingset: timestamp_bits=36 max_order=23 bucket_order=0
[Sun Nov 24 20:12:02 2019] zbud: loaded
[Sun Nov 24 20:12:02 2019] squashfs: version 4.0 (2009/01/31) Phillip Lougher
[Sun Nov 24 20:12:02 2019] fuse init (API version 7.28)
[Sun Nov 24 20:12:02 2019] Key type asymmetric registered
[Sun Nov 24 20:12:02 2019] Asymmetric key parser 'x509' registered
[Sun Nov 24 20:12:02 2019] Block layer SCSI generic (bsg) driver version 0.4 loaded (major 243)
[Sun Nov 24 20:12:02 2019] io scheduler mq-deadline registered
[Sun Nov 24 20:12:02 2019] shpchp: Standard Hot Plug PCI Controller Driver version: 0.4
[Sun Nov 24 20:12:02 2019] vesafb: mode is 1920x1080x32, linelength=7680, pages=0
[Sun Nov 24 20:12:02 2019] vesafb: scrolling: redraw
[Sun Nov 24 20:12:02 2019] vesafb: Truecolor: size=8:8:8:8, shift=24:16:8:0
[Sun Nov 24 20:12:02 2019] vesafb: framebuffer at 0x90000000, mapped to 0x00000000f6a98bc4, using 8128k, total 8128k
[Sun Nov 24 20:12:02 2019] Console: switching to colour frame buffer device 240x67
[Sun Nov 24 20:12:02 2019] fb0: VESA VGA frame buffer device
[Sun Nov 24 20:12:02 2019] intel_idle: MWAIT substates: 0x11142120
[Sun Nov 24 20:12:02 2019] intel_idle: v0.4.1 model 0x9E
[Sun Nov 24 20:12:02 2019] intel_idle: lapic_timer_reliable_states 0xffffffff
[Sun Nov 24 20:12:02 2019] input: Sleep Button as /devices/LNXSYSTM:00/LNXSYBUS:00/PNP0C0E:00/input/input0
[Sun Nov 24 20:12:02 2019] ACPI: Sleep Button [SLPB]
[Sun Nov 24 20:12:02 2019] input: Power Button as /devices/LNXSYSTM:00/LNXSYBUS:00/PNP0C0C:00/input/input1
[Sun Nov 24 20:12:02 2019] ACPI: Power Button [PWRB]
[Sun Nov 24 20:12:02 2019] input: Power Button as /devices/LNXSYSTM:00/LNXPWRBN:00/input/input2
[Sun Nov 24 20:12:02 2019] ACPI: Power Button [PWRF]
[Sun Nov 24 20:12:02 2019] Serial: 8250/16550 driver, 32 ports, IRQ sharing enabled
[Sun Nov 24 20:12:02 2019] 00:01: ttyS0 at I/O 0x3f8 (irq = 4, base_baud = 115200) is a 16550A
[Sun Nov 24 20:12:02 2019] Linux agpgart interface v0.103
[Sun Nov 24 20:12:02 2019] loop: module loaded
[Sun Nov 24 20:12:02 2019] libphy: Fixed MDIO Bus: probed
[Sun Nov 24 20:12:02 2019] tun: Universal TUN/TAP device driver, 1.6
[Sun Nov 24 20:12:02 2019] PPP generic driver version 2.4.2
[Sun Nov 24 20:12:02 2019] ehci_hcd: USB 2.0 'Enhanced' Host Controller (EHCI) Driver
[Sun Nov 24 20:12:02 2019] ehci-pci: EHCI PCI platform driver
[Sun Nov 24 20:12:02 2019] ehci-platform: EHCI generic platform driver
[Sun Nov 24 20:12:02 2019] ohci_hcd: USB 1.1 'Open' Host Controller (OHCI) Driver
[Sun Nov 24 20:12:02 2019] ohci-pci: OHCI PCI platform driver
[Sun Nov 24 20:12:02 2019] ohci-platform: OHCI generic platform driver
[Sun Nov 24 20:12:02 2019] uhci_hcd: USB Universal Host Controller Interface driver
[Sun Nov 24 20:12:02 2019] xhci_hcd 0000:00:14.0: xHCI Host Controller
[Sun Nov 24 20:12:02 2019] xhci_hcd 0000:00:14.0: new USB bus registered, assigned bus number 1
[Sun Nov 24 20:12:02 2019] xhci_hcd 0000:00:14.0: hcc params 0x200077c1 hci version 0x110 quirks 0x0000000000009810
[Sun Nov 24 20:12:02 2019] xhci_hcd 0000:00:14.0: cache line size of 64 is not supported
[Sun Nov 24 20:12:02 2019] usb usb1: New USB device found, idVendor=1d6b, idProduct=0002, bcdDevice= 5.00
[Sun Nov 24 20:12:02 2019] usb usb1: New USB device strings: Mfr=3, Product=2, SerialNumber=1
[Sun Nov 24 20:12:02 2019] usb usb1: Product: xHCI Host Controller
[Sun Nov 24 20:12:02 2019] usb usb1: Manufacturer: Linux 5.0.0-36-generic xhci-hcd
[Sun Nov 24 20:12:02 2019] usb usb1: SerialNumber: 0000:00:14.0
[Sun Nov 24 20:12:02 2019] hub 1-0:1.0: USB hub found
[Sun Nov 24 20:12:02 2019] hub 1-0:1.0: 16 ports detected
[Sun Nov 24 20:12:02 2019] xhci_hcd 0000:00:14.0: xHCI Host Controller
[Sun Nov 24 20:12:02 2019] xhci_hcd 0000:00:14.0: new USB bus registered, assigned bus number 2
[Sun Nov 24 20:12:02 2019] xhci_hcd 0000:00:14.0: Host supports USB 3.0 SuperSpeed
[Sun Nov 24 20:12:02 2019] usb usb2: New USB device found, idVendor=1d6b, idProduct=0003, bcdDevice= 5.00
[Sun Nov 24 20:12:02 2019] usb usb2: New USB device strings: Mfr=3, Product=2, SerialNumber=1
[Sun Nov 24 20:12:02 2019] usb usb2: Product: xHCI Host Controller
[Sun Nov 24 20:12:02 2019] usb usb2: Manufacturer: Linux 5.0.0-36-generic xhci-hcd
[Sun Nov 24 20:12:02 2019] usb usb2: SerialNumber: 0000:00:14.0
[Sun Nov 24 20:12:02 2019] hub 2-0:1.0: USB hub found
[Sun Nov 24 20:12:02 2019] hub 2-0:1.0: 10 ports detected
[Sun Nov 24 20:12:02 2019] usb: port power management may be unreliable
[Sun Nov 24 20:12:02 2019] i8042: PNP: No PS/2 controller found.
[Sun Nov 24 20:12:02 2019] mousedev: PS/2 mouse device common for all mice
[Sun Nov 24 20:12:02 2019] rtc_cmos rtc_cmos: RTC can wake from S4
[Sun Nov 24 20:12:02 2019] rtc_cmos rtc_cmos: registered as rtc0
[Sun Nov 24 20:12:02 2019] rtc_cmos rtc_cmos: alarms up to one month, y3k, 114 bytes nvram, hpet irqs
[Sun Nov 24 20:12:02 2019] i2c /dev entries driver
[Sun Nov 24 20:12:02 2019] device-mapper: uevent: version 1.0.3
[Sun Nov 24 20:12:02 2019] device-mapper: ioctl: 4.39.0-ioctl (2018-04-03) initialised: dm-devel@redhat.com
[Sun Nov 24 20:12:02 2019] platform eisa.0: Probing EISA bus 0
[Sun Nov 24 20:12:02 2019] platform eisa.0: EISA: Cannot allocate resource for mainboard
[Sun Nov 24 20:12:02 2019] platform eisa.0: Cannot allocate resource for EISA slot 1
[Sun Nov 24 20:12:02 2019] platform eisa.0: Cannot allocate resource for EISA slot 2
[Sun Nov 24 20:12:02 2019] platform eisa.0: Cannot allocate resource for EISA slot 3
[Sun Nov 24 20:12:02 2019] platform eisa.0: Cannot allocate resource for EISA slot 4
[Sun Nov 24 20:12:02 2019] platform eisa.0: Cannot allocate resource for EISA slot 5
[Sun Nov 24 20:12:02 2019] platform eisa.0: Cannot allocate resource for EISA slot 6
[Sun Nov 24 20:12:02 2019] platform eisa.0: Cannot allocate resource for EISA slot 7
[Sun Nov 24 20:12:02 2019] platform eisa.0: Cannot allocate resource for EISA slot 8
[Sun Nov 24 20:12:02 2019] platform eisa.0: EISA: Detected 0 cards
[Sun Nov 24 20:12:02 2019] intel_pstate: Intel P-state driver initializing
[Sun Nov 24 20:12:02 2019] intel_pstate: HWP enabled
[Sun Nov 24 20:12:02 2019] ledtrig-cpu: registered to indicate activity on CPUs
[Sun Nov 24 20:12:02 2019] intel_pmc_core:  initialized
[Sun Nov 24 20:12:02 2019] NET: Registered protocol family 10
[Sun Nov 24 20:12:02 2019] Segment Routing with IPv6
[Sun Nov 24 20:12:02 2019] NET: Registered protocol family 17
[Sun Nov 24 20:12:02 2019] Key type dns_resolver registered
[Sun Nov 24 20:12:02 2019] mce: Using 14 MCE banks
[Sun Nov 24 20:12:02 2019] RAS: Correctable Errors collector initialized.
[Sun Nov 24 20:12:02 2019] microcode: sig=0x906ed, pf=0x2, revision=0xc6
[Sun Nov 24 20:12:02 2019] microcode: Microcode Update Driver: v2.2.
[Sun Nov 24 20:12:02 2019] sched_clock: Marking stable (1073997888, 4509235)->(1087673483, -9166360)
[Sun Nov 24 20:12:02 2019] registered taskstats version 1
[Sun Nov 24 20:12:02 2019] Loading compiled-in X.509 certificates
[Sun Nov 24 20:12:02 2019] Loaded X.509 cert 'Build time autogenerated kernel key: 74e800c0955dd062b621f2c2b30b90827e35b348'
[Sun Nov 24 20:12:02 2019] zswap: loaded using pool lzo/zbud
[Sun Nov 24 20:12:02 2019] Key type big_key registered
[Sun Nov 24 20:12:02 2019] Key type trusted registered
[Sun Nov 24 20:12:02 2019] Key type encrypted registered
[Sun Nov 24 20:12:02 2019] AppArmor: AppArmor sha1 policy hashing enabled
[Sun Nov 24 20:12:02 2019] ima: No TPM chip found, activating TPM-bypass!
[Sun Nov 24 20:12:02 2019] ima: Allocated hash algorithm: sha1
[Sun Nov 24 20:12:02 2019] No architecture policies found
[Sun Nov 24 20:12:02 2019] evm: Initialising EVM extended attributes:
[Sun Nov 24 20:12:02 2019] evm: security.selinux
[Sun Nov 24 20:12:02 2019] evm: security.SMACK64
[Sun Nov 24 20:12:02 2019] evm: security.SMACK64EXEC
[Sun Nov 24 20:12:02 2019] evm: security.SMACK64TRANSMUTE
[Sun Nov 24 20:12:02 2019] evm: security.SMACK64MMAP
[Sun Nov 24 20:12:02 2019] evm: security.apparmor
[Sun Nov 24 20:12:02 2019] evm: security.ima
[Sun Nov 24 20:12:02 2019] evm: security.capability
[Sun Nov 24 20:12:02 2019] evm: HMAC attrs: 0x1
[Sun Nov 24 20:12:02 2019]   Magic number: 11:911:241
[Sun Nov 24 20:12:02 2019] acpi device:84: hash matches
[Sun Nov 24 20:12:02 2019] memory memory119: hash matches
[Sun Nov 24 20:12:02 2019] rtc_cmos rtc_cmos: setting system clock to 2019-11-24T18:12:02 UTC (1574619122)
[Sun Nov 24 20:12:02 2019] Freeing unused decrypted memory: 2040K
[Sun Nov 24 20:12:02 2019] Freeing unused kernel image memory: 2588K
[Sun Nov 24 20:12:02 2019] Write protecting the kernel read-only data: 22528k
[Sun Nov 24 20:12:02 2019] Freeing unused kernel image memory: 2016K
[Sun Nov 24 20:12:02 2019] Freeing unused kernel image memory: 1728K
[Sun Nov 24 20:12:02 2019] x86/mm: Checked W+X mappings: passed, no W+X pages found.
[Sun Nov 24 20:12:02 2019] Run /init as init process
[Sun Nov 24 20:12:02 2019] acpi PNP0C14:02: duplicate WMI GUID 05901221-D566-11D1-B2F0-00A0C9062910 (first instance was on PNP0C14:01)
[Sun Nov 24 20:12:02 2019] ahci 0000:00:17.0: version 3.0
[Sun Nov 24 20:12:02 2019] e1000e: Intel(R) PRO/1000 Network Driver - 3.2.6-k
[Sun Nov 24 20:12:02 2019] e1000e: Copyright(c) 1999 - 2015 Intel Corporation.
[Sun Nov 24 20:12:02 2019] e1000e 0000:00:1f.6: Interrupt Throttling Rate (ints/sec) set to dynamic conservative mode
[Sun Nov 24 20:12:02 2019] ahci 0000:00:17.0: AHCI 0001.0301 32 slots 6 ports 6 Gbps 0x3f impl SATA mode
[Sun Nov 24 20:12:02 2019] ahci 0000:00:17.0: flags: 64bit ncq sntf clo only pio slum part ems deso sadm sds apst 
[Sun Nov 24 20:12:02 2019] scsi host0: ahci
[Sun Nov 24 20:12:02 2019] scsi host1: ahci
[Sun Nov 24 20:12:02 2019] scsi host2: ahci
[Sun Nov 24 20:12:02 2019] scsi host3: ahci
[Sun Nov 24 20:12:02 2019] scsi host4: ahci
[Sun Nov 24 20:12:02 2019] scsi host5: ahci
[Sun Nov 24 20:12:02 2019] ata1: SATA max UDMA/133 abar m2048@0xc2022000 port 0xc2022100 irq 123
[Sun Nov 24 20:12:02 2019] ata2: SATA max UDMA/133 abar m2048@0xc2022000 port 0xc2022180 irq 123
[Sun Nov 24 20:12:02 2019] ata3: SATA max UDMA/133 abar m2048@0xc2022000 port 0xc2022200 irq 123
[Sun Nov 24 20:12:02 2019] ata4: SATA max UDMA/133 abar m2048@0xc2022000 port 0xc2022280 irq 123
[Sun Nov 24 20:12:02 2019] ata5: SATA max UDMA/133 abar m2048@0xc2022000 port 0xc2022300 irq 123
[Sun Nov 24 20:12:02 2019] ata6: SATA max UDMA/133 abar m2048@0xc2022000 port 0xc2022380 irq 123
[Sun Nov 24 20:12:02 2019] e1000e 0000:00:1f.6 0000:00:1f.6 (uninitialized): registered PHC clock
[Sun Nov 24 20:12:02 2019] usb 1-1: new low-speed USB device number 2 using xhci_hcd
[Sun Nov 24 20:12:02 2019] e1000e 0000:00:1f.6 eth0: (PCI Express:2.5GT/s:Width x1) 70:85:c2:c5:de:61
[Sun Nov 24 20:12:02 2019] e1000e 0000:00:1f.6 eth0: Intel(R) PRO/1000 Network Connection
[Sun Nov 24 20:12:02 2019] e1000e 0000:00:1f.6 eth0: MAC: 13, PHY: 12, PBA No: FFFFFF-0FF
[Sun Nov 24 20:12:02 2019] e1000e 0000:00:1f.6 eno1: renamed from eth0
[Sun Nov 24 20:12:02 2019] ata1: SATA link down (SStatus 4 SControl 300)
[Sun Nov 24 20:12:02 2019] ata5: SATA link down (SStatus 4 SControl 300)
[Sun Nov 24 20:12:02 2019] ata4: SATA link down (SStatus 4 SControl 300)
[Sun Nov 24 20:12:02 2019] ata3: SATA link down (SStatus 4 SControl 300)
[Sun Nov 24 20:12:02 2019] ata2: SATA link up 6.0 Gbps (SStatus 133 SControl 300)
[Sun Nov 24 20:12:02 2019] ata2.00: ACPI cmd ef/10:06:00:00:00:00 (SET FEATURES) succeeded
[Sun Nov 24 20:12:02 2019] ata2.00: ACPI cmd f5/00:00:00:00:00:00 (SECURITY FREEZE LOCK) filtered out
[Sun Nov 24 20:12:02 2019] ata2.00: ACPI cmd b1/c1:00:00:00:00:00 (DEVICE CONFIGURATION OVERLAY) filtered out
[Sun Nov 24 20:12:02 2019] ata2.00: ATA-11: TOSHIBA-TR200, SBFA17.1, max UDMA/133
[Sun Nov 24 20:12:02 2019] ata2.00: 468862128 sectors, multi 16: LBA48 NCQ (depth 32), AA
[Sun Nov 24 20:12:02 2019] ata2.00: ACPI cmd ef/10:06:00:00:00:00 (SET FEATURES) succeeded
[Sun Nov 24 20:12:02 2019] ata2.00: ACPI cmd f5/00:00:00:00:00:00 (SECURITY FREEZE LOCK) filtered out
[Sun Nov 24 20:12:02 2019] ata2.00: ACPI cmd b1/c1:00:00:00:00:00 (DEVICE CONFIGURATION OVERLAY) filtered out
[Sun Nov 24 20:12:02 2019] ata2.00: configured for UDMA/133
[Sun Nov 24 20:12:02 2019] scsi 1:0:0:0: Direct-Access     ATA      TOSHIBA-TR200    17.1 PQ: 0 ANSI: 5
[Sun Nov 24 20:12:02 2019] sd 1:0:0:0: Attached scsi generic sg0 type 0
[Sun Nov 24 20:12:02 2019] sd 1:0:0:0: [sda] 468862128 512-byte logical blocks: (240 GB/224 GiB)
[Sun Nov 24 20:12:02 2019] sd 1:0:0:0: [sda] Write Protect is off
[Sun Nov 24 20:12:02 2019] sd 1:0:0:0: [sda] Mode Sense: 00 3a 00 00
[Sun Nov 24 20:12:02 2019] sd 1:0:0:0: [sda] Write cache: enabled, read cache: enabled, doesn't support DPO or FUA
[Sun Nov 24 20:12:02 2019]  sda: sda1
[Sun Nov 24 20:12:02 2019] sd 1:0:0:0: [sda] Attached SCSI disk
[Sun Nov 24 20:12:02 2019] ata6: SATA link down (SStatus 4 SControl 300)
[Sun Nov 24 20:12:02 2019] usb 1-1: New USB device found, idVendor=413c, idProduct=2113, bcdDevice= 1.08
[Sun Nov 24 20:12:02 2019] usb 1-1: New USB device strings: Mfr=0, Product=2, SerialNumber=0
[Sun Nov 24 20:12:02 2019] usb 1-1: Product: Dell KB216 Wired Keyboard
[Sun Nov 24 20:12:02 2019] usb 1-2: new low-speed USB device number 3 using xhci_hcd
[Sun Nov 24 20:12:02 2019] EXT4-fs (sda1): mounted filesystem with ordered data mode. Opts: (null)
[Sun Nov 24 20:12:02 2019] usb 1-2: New USB device found, idVendor=413c, idProduct=301a, bcdDevice= 1.00
[Sun Nov 24 20:12:02 2019] usb 1-2: New USB device strings: Mfr=1, Product=2, SerialNumber=0
[Sun Nov 24 20:12:02 2019] usb 1-2: Product: Dell MS116 USB Optical Mouse
[Sun Nov 24 20:12:02 2019] usb 1-2: Manufacturer: PixArt
[Sun Nov 24 20:12:02 2019] usb 1-8: new full-speed USB device number 4 using xhci_hcd
[Sun Nov 24 20:12:03 2019] usb 1-8: New USB device found, idVendor=10c4, idProduct=ea70, bcdDevice= 1.00
[Sun Nov 24 20:12:03 2019] usb 1-8: New USB device strings: Mfr=1, Product=2, SerialNumber=5
[Sun Nov 24 20:12:03 2019] usb 1-8: Product: CP2105 Dual USB to UART Bridge Controller
[Sun Nov 24 20:12:03 2019] usb 1-8: Manufacturer: Silicon Labs
[Sun Nov 24 20:12:03 2019] usb 1-8: SerialNumber: 00A00DDE
[Sun Nov 24 20:12:03 2019] systemd[1]: systemd 237 running in system mode. (+PAM +AUDIT +SELINUX +IMA +APPARMOR +SMACK +SYSVINIT +UTMP +LIBCRYPTSETUP +GCRYPT +GNUTLS +ACL +XZ +LZ4 +SECCOMP +BLKID +ELFUTILS +KMOD -IDN2 +IDN -PCRE2 default-hierarchy=hybrid)
[Sun Nov 24 20:12:03 2019] systemd[1]: Detected architecture x86-64.
[Sun Nov 24 20:12:03 2019] systemd[1]: Set hostname to <new-york>.
[Sun Nov 24 20:12:03 2019] systemd[1]: Set up automount Arbitrary Executable File Formats File System Automount Point.
[Sun Nov 24 20:12:03 2019] systemd[1]: Started Forward Password Requests to Wall Directory Watch.
[Sun Nov 24 20:12:03 2019] systemd[1]: Created slice System Slice.
[Sun Nov 24 20:12:03 2019] systemd[1]: Listening on RPCbind Server Activation Socket.
[Sun Nov 24 20:12:03 2019] systemd[1]: Listening on fsck to fsckd communication Socket.
[Sun Nov 24 20:12:03 2019] systemd[1]: Listening on Journal Audit Socket.
[Sun Nov 24 20:12:03 2019] systemd[1]: Listening on udev Control Socket.
[Sun Nov 24 20:12:03 2019] lp: driver loaded but no devices found
[Sun Nov 24 20:12:03 2019] ppdev: user-space parallel port driver
[Sun Nov 24 20:12:03 2019] RPC: Registered named UNIX socket transport module.
[Sun Nov 24 20:12:03 2019] RPC: Registered udp transport module.
[Sun Nov 24 20:12:03 2019] RPC: Registered tcp transport module.
[Sun Nov 24 20:12:03 2019] RPC: Registered tcp NFSv4.1 backchannel transport module.
[Sun Nov 24 20:12:03 2019] EXT4-fs (sda1): re-mounted. Opts: errors=remount-ro
[Sun Nov 24 20:12:03 2019] systemd-journald[364]: Received request to flush runtime journal from PID 1
[Sun Nov 24 20:12:03 2019] systemd-journald[364]: File /var/log/journal/03ba93a6f64341e3b66b3a1e71ebf657/system.journal corrupted or uncleanly shut down, renaming and replacing.
[Sun Nov 24 20:12:03 2019] Adding 2097148k swap on /swapfile.  Priority:-2 extents:6 across:2260988k SSFS
[Sun Nov 24 20:12:03 2019] audit: type=1400 audit(1574619124.032:2): apparmor="STATUS" operation="profile_load" profile="unconfined" name="libreoffice-xpdfimport" pid=493 comm="apparmor_parser"
[Sun Nov 24 20:12:03 2019] audit: type=1400 audit(1574619124.036:3): apparmor="STATUS" operation="profile_load" profile="unconfined" name="libreoffice-senddoc" pid=491 comm="apparmor_parser"
[Sun Nov 24 20:12:03 2019] audit: type=1400 audit(1574619124.036:4): apparmor="STATUS" operation="profile_load" profile="unconfined" name="libreoffice-oopslash" pid=490 comm="apparmor_parser"
[Sun Nov 24 20:12:03 2019] audit: type=1400 audit(1574619124.036:5): apparmor="STATUS" operation="profile_load" profile="unconfined" name="/usr/bin/man" pid=489 comm="apparmor_parser"
[Sun Nov 24 20:12:03 2019] audit: type=1400 audit(1574619124.036:6): apparmor="STATUS" operation="profile_load" profile="unconfined" name="man_filter" pid=489 comm="apparmor_parser"
[Sun Nov 24 20:12:03 2019] audit: type=1400 audit(1574619124.036:7): apparmor="STATUS" operation="profile_load" profile="unconfined" name="man_groff" pid=489 comm="apparmor_parser"
[Sun Nov 24 20:12:03 2019] audit: type=1400 audit(1574619124.036:8): apparmor="STATUS" operation="profile_load" profile="unconfined" name="/usr/sbin/ippusbxd" pid=497 comm="apparmor_parser"
[Sun Nov 24 20:12:03 2019] audit: type=1400 audit(1574619124.036:9): apparmor="STATUS" operation="profile_load" profile="unconfined" name="/usr/sbin/cups-browsed" pid=495 comm="apparmor_parser"
[Sun Nov 24 20:12:03 2019] audit: type=1400 audit(1574619124.036:10): apparmor="STATUS" operation="profile_load" profile="unconfined" name="/usr/lib/snapd/snap-confine" pid=494 comm="apparmor_parser"
[Sun Nov 24 20:12:03 2019] gsi_apu_common: loading out-of-tree module taints kernel.
[Sun Nov 24 20:12:03 2019] gsi_apu_common: module verification failed: signature and/or required key missing - tainting kernel
[Sun Nov 24 20:12:03 2019] Loading GSI APU Common Driver [pack , version 0.4, build 132316] [date: 2019-11-19-16:50:24 ]
[Sun Nov 24 20:12:03 2019] Initializing GSI CTX device
[Sun Nov 24 20:12:03 2019] APU CTX: register major number 241
[Sun Nov 24 20:12:03 2019] APU CTX: Register device class
[Sun Nov 24 20:12:03 2019] [VERSION]: drv.pack= drv.version=0.4 drv.date=2019-11-19-16:50:24 drv.build=132316
[Sun Nov 24 20:12:03 2019] gsi_configfs_build_basic_structure-enter
[Sun Nov 24 20:12:03 2019] alloc dev sz=176 addr=000000009791fd8f
[Sun Nov 24 20:12:03 2019] gsi_configfs_build_basic_structure-exit
[Sun Nov 24 20:12:03 2019] configfs init - loaded
[Sun Nov 24 20:12:03 2019] Loading GSI APU PCI Plug [pack , version 0.4, build 132316]
[Sun Nov 24 20:12:03 2019] [INFO]: trying to register plug pci
[Sun Nov 24 20:12:03 2019] 
                           plug pci was registered with ID=1
[Sun Nov 24 20:12:03 2019] gsi_apu_probe vendor: 0x1e4c device: 0x0010 subsystem_vendor: 0x1e4c subsystem_device: 0x0120 
[Sun Nov 24 20:12:03 2019] gsi_apu_probe bus: 1 slot: 0 func: 0
[Sun Nov 24 20:12:03 2019] REVISION 0
[Sun Nov 24 20:12:03 2019] pci_alloc_irq_vectors allocated [16]
[Sun Nov 24 20:12:03 2019] gsi_mem_arena_alloc: arena[0] [1 out-of 2]
[Sun Nov 24 20:12:03 2019] gsi_pci_get_actual_aperture: mbar=2 units=0
[Sun Nov 24 20:12:03 2019] gsi_pci_get_actual_aperture: 0x00000000
[Sun Nov 24 20:12:03 2019] gsi_mem_arena_init: bar=2 vaddr=0xffffaa2940000000 [0x200000000@0x4000000000]
[Sun Nov 24 20:12:03 2019] gsi_msix_register(msix_num=0, irq=125, value=0x03020100 vector_prev_val=0x00000000 unique(0)=0x000000002d685a85
[Sun Nov 24 20:12:03 2019] register_irq [num=0] irq=125 
[Sun Nov 24 20:12:03 2019] gsi_send_doorbell_event(db=0,ev_id=0,ev_val=0)
[Sun Nov 24 20:12:03 2019] hidraw: raw HID events driver (C) Jiri Kosina
[Sun Nov 24 20:12:03 2019] RAPL PMU: API unit is 2^-32 Joules, 5 fixed counters, 655360 ms ovfl timer
[Sun Nov 24 20:12:03 2019] RAPL PMU: hw unit of domain pp0-core 2^-14 Joules
[Sun Nov 24 20:12:03 2019] RAPL PMU: hw unit of domain package 2^-14 Joules
[Sun Nov 24 20:12:03 2019] RAPL PMU: hw unit of domain dram 2^-14 Joules
[Sun Nov 24 20:12:03 2019] RAPL PMU: hw unit of domain pp1-gpu 2^-14 Joules
[Sun Nov 24 20:12:03 2019] RAPL PMU: hw unit of domain psys 2^-14 Joules
[Sun Nov 24 20:12:03 2019] usbcore: registered new interface driver usbserial_generic
[Sun Nov 24 20:12:03 2019] usbserial: USB Serial support registered for generic
[Sun Nov 24 20:12:03 2019] usbcore: registered new interface driver cp210x
[Sun Nov 24 20:12:03 2019] usbserial: USB Serial support registered for cp210x
[Sun Nov 24 20:12:03 2019] cp210x 1-8:1.0: cp210x converter detected
[Sun Nov 24 20:12:03 2019] usb 1-8: cp210x converter now attached to ttyUSB0
[Sun Nov 24 20:12:03 2019] cp210x 1-8:1.1: cp210x converter detected
[Sun Nov 24 20:12:03 2019] cryptd: max_cpu_qlen set to 1000
[Sun Nov 24 20:12:03 2019] usb 1-8: cp210x converter now attached to ttyUSB1
[Sun Nov 24 20:12:03 2019] usbcore: registered new interface driver usbhid
[Sun Nov 24 20:12:03 2019] usbhid: USB HID core driver
[Sun Nov 24 20:12:03 2019] AVX2 version of gcm_enc/dec engaged.
[Sun Nov 24 20:12:03 2019] AES CTR mode by8 optimization enabled
[Sun Nov 24 20:12:03 2019] VFIO - User Level meta-driver version: 0.3
[Sun Nov 24 20:12:03 2019] checking generic (90000000 7f0000) vs hw (90000000 10000000)
[Sun Nov 24 20:12:03 2019] fb0: switching to inteldrmfb from VESA VGA
[Sun Nov 24 20:12:03 2019] Console: switching to colour dummy device 80x25
[Sun Nov 24 20:12:03 2019] [drm] Replacing VGA console driver
[Sun Nov 24 20:12:03 2019] [drm] Supports vblank timestamp caching Rev 2 (21.10.2013).
[Sun Nov 24 20:12:03 2019] [drm] Driver supports precise vblank timestamp query.
[Sun Nov 24 20:12:03 2019] i915 0000:00:02.0: vgaarb: changed VGA decodes: olddecodes=io+mem,decodes=io+mem:owns=io+mem
[Sun Nov 24 20:12:03 2019] [drm] Initialized i915 1.6.0 20181204 for 0000:00:02.0 on minor 0
[Sun Nov 24 20:12:03 2019] ACPI: Video Device [GFX0] (multi-head: yes  rom: no  post: no)
[Sun Nov 24 20:12:03 2019] input: Video Bus as /devices/LNXSYSTM:00/LNXSYBUS:00/PNP0A08:00/LNXVIDEO:00/input/input3
[Sun Nov 24 20:12:03 2019] snd_hda_intel 0000:00:1f.3: Linked as a consumer to 0000:00:02.0
[Sun Nov 24 20:12:03 2019] snd_hda_intel 0000:00:1f.3: bound 0000:00:02.0 (ops i915_audio_component_bind_ops [i915])
[Sun Nov 24 20:12:03 2019] [drm] Finished loading DMC firmware i915/kbl_dmc_ver1_04.bin (v1.4)
[Sun Nov 24 20:12:03 2019] fbcon: inteldrmfb (fb0) is primary device
[Sun Nov 24 20:12:03 2019] Console: switching to colour frame buffer device 240x67
[Sun Nov 24 20:12:03 2019] i915 0000:00:02.0: fb0: inteldrmfb frame buffer device
[Sun Nov 24 20:12:03 2019] snd_hda_codec_realtek hdaudioC0D0: autoconfig for ALC892: line_outs=1 (0x14/0x0/0x0/0x0/0x0) type:line
[Sun Nov 24 20:12:03 2019] snd_hda_codec_realtek hdaudioC0D0:    speaker_outs=0 (0x0/0x0/0x0/0x0/0x0)
[Sun Nov 24 20:12:03 2019] snd_hda_codec_realtek hdaudioC0D0:    hp_outs=1 (0x1b/0x0/0x0/0x0/0x0)
[Sun Nov 24 20:12:03 2019] snd_hda_codec_realtek hdaudioC0D0:    mono: mono_out=0x0
[Sun Nov 24 20:12:03 2019] snd_hda_codec_realtek hdaudioC0D0:    inputs:
[Sun Nov 24 20:12:03 2019] snd_hda_codec_realtek hdaudioC0D0:      Front Mic=0x19
[Sun Nov 24 20:12:03 2019] snd_hda_codec_realtek hdaudioC0D0:      Rear Mic=0x18
[Sun Nov 24 20:12:03 2019] snd_hda_codec_realtek hdaudioC0D0:      Line=0x1a
[Sun Nov 24 20:12:03 2019] intel_rapl: Found RAPL domain package
[Sun Nov 24 20:12:03 2019] intel_rapl: Found RAPL domain core
[Sun Nov 24 20:12:03 2019] intel_rapl: Found RAPL domain uncore
[Sun Nov 24 20:12:03 2019] intel_rapl: Found RAPL domain dram
[Sun Nov 24 20:12:03 2019] input: HDA Intel PCH Front Mic as /devices/pci0000:00/0000:00:1f.3/sound/card0/input4
[Sun Nov 24 20:12:03 2019] input: HDA Intel PCH Rear Mic as /devices/pci0000:00/0000:00:1f.3/sound/card0/input5
[Sun Nov 24 20:12:03 2019] input: HDA Intel PCH Line as /devices/pci0000:00/0000:00:1f.3/sound/card0/input6
[Sun Nov 24 20:12:03 2019] input: HDA Intel PCH Line Out as /devices/pci0000:00/0000:00:1f.3/sound/card0/input7
[Sun Nov 24 20:12:03 2019] input: HDA Intel PCH Front Headphone as /devices/pci0000:00/0000:00:1f.3/sound/card0/input8
[Sun Nov 24 20:12:03 2019] input: HDA Intel PCH HDMI/DP,pcm=3 as /devices/pci0000:00/0000:00:1f.3/sound/card0/input9
[Sun Nov 24 20:12:03 2019] input: HDA Intel PCH HDMI/DP,pcm=7 as /devices/pci0000:00/0000:00:1f.3/sound/card0/input10
[Sun Nov 24 20:12:03 2019] input: HDA Intel PCH HDMI/DP,pcm=8 as /devices/pci0000:00/0000:00:1f.3/sound/card0/input11
[Sun Nov 24 20:12:03 2019] input: HDA Intel PCH HDMI/DP,pcm=9 as /devices/pci0000:00/0000:00:1f.3/sound/card0/input12
[Sun Nov 24 20:12:03 2019] input: HDA Intel PCH HDMI/DP,pcm=10 as /devices/pci0000:00/0000:00:1f.3/sound/card0/input13
[Sun Nov 24 20:12:04 2019] input: Dell KB216 Wired Keyboard as /devices/pci0000:00/0000:00:14.0/usb1/1-1/1-1:1.0/0003:413C:2113.0001/input/input14
[Sun Nov 24 20:12:04 2019] hid-generic 0003:413C:2113.0001: input,hidraw0: USB HID v1.11 Keyboard [Dell KB216 Wired Keyboard] on usb-0000:00:14.0-1/input0
[Sun Nov 24 20:12:04 2019] input: Dell KB216 Wired Keyboard System Control as /devices/pci0000:00/0000:00:14.0/usb1/1-1/1-1:1.1/0003:413C:2113.0002/input/input15
[Sun Nov 24 20:12:04 2019] input: Dell KB216 Wired Keyboard Consumer Control as /devices/pci0000:00/0000:00:14.0/usb1/1-1/1-1:1.1/0003:413C:2113.0002/input/input16
[Sun Nov 24 20:12:04 2019] hid-generic 0003:413C:2113.0002: input,hidraw1: USB HID v1.11 Device [Dell KB216 Wired Keyboard] on usb-0000:00:14.0-1/input1
[Sun Nov 24 20:12:04 2019] input: PixArt Dell MS116 USB Optical Mouse as /devices/pci0000:00/0000:00:14.0/usb1/1-2/1-2:1.0/0003:413C:301A.0003/input/input17
[Sun Nov 24 20:12:04 2019] hid-generic 0003:413C:301A.0003: input,hidraw2: USB HID v1.11 Mouse [PixArt Dell MS116 USB Optical Mouse] on usb-0000:00:14.0-2/input0
[Sun Nov 24 20:12:04 2019] aufs 4.x-rcN-20190204
[Sun Nov 24 20:12:06 2019] e1000e: eno1 NIC Link is Up 100 Mbps Full Duplex, Flow Control: Rx/Tx
[Sun Nov 24 20:12:06 2019] e1000e 0000:00:1f.6 eno1: 10/100 speed: disabling TSO
[Sun Nov 24 20:12:06 2019] IPv6: ADDRCONF(NETDEV_CHANGE): eno1: link becomes ready
[Sun Nov 24 20:12:06 2019] cfg80211: Loading compiled-in X.509 certificates for regulatory database
[Sun Nov 24 20:12:06 2019] cfg80211: Loaded X.509 cert 'sforshee: 00b28ddf47aef9cea7'
[Sun Nov 24 20:12:06 2019] systemd-journald[364]: File /var/log/journal/03ba93a6f64341e3b66b3a1e71ebf657/user-1000.journal corrupted or uncleanly shut down, renaming and replacing.
[Sun Nov 24 20:12:07 2019] kauditd_printk_skb: 30 callbacks suppressed
[Sun Nov 24 20:12:07 2019] audit: type=1400 audit(1574619127.560:41): apparmor="STATUS" operation="profile_load" profile="unconfined" name="docker-default" pid=1649 comm="apparmor_parser"
[Sun Nov 24 20:12:07 2019] bridge: filtering via arp/ip/ip6tables is no longer available by default. Update your scripts to load br_netfilter if you need this.
[Sun Nov 24 20:12:07 2019] Bridge firewalling registered
[Sun Nov 24 20:12:07 2019] bpfilter: Loaded bpfilter_umh pid 1674
[Sun Nov 24 20:12:07 2019] Initializing XFRM netlink socket
[Sun Nov 24 20:12:08 2019] rfkill: input handler disabled
[Sun Nov 24 20:13:07 2019] gsi_device_ready_irq_handler: IRQ = 125
[Sun Nov 24 20:13:07 2019] gsi_device_ready_delayed_irq_handler: [IRQ = 125]
[Sun Nov 24 20:13:07 2019] gsi_device_ready_delayed_irq_handler: gsi_fw_prepare_plugin_desc [IRQ = 125]
[Sun Nov 24 20:13:07 2019] gsi_fw_prepare_plugin_desc: fpga version: [v03.02.02-0] 15/05/2019 [ 0x05152019:0x00030202 ]
[Sun Nov 24 20:13:07 2019] PLUG: apucs_avail_bf=0xf  all=0x000f0041
[Sun Nov 24 20:13:07 2019] 
                              plugin:
                              napus_exist=         1
                              napucs_exist=        1
                              mem_page_size=       0x10000000
                              mem_total_size=      0x180000000
                              mem_usr_size=        0x17fb00000
                              mem_free_size=       0x17fb00000
                              apucs_available_bf=  0x0000000f
[Sun Nov 24 20:13:07 2019] INFO: gsi_fw_prepare_plugin(regs): napu[1] napuc[4] apucs_avail[0xf] page size=0x00000100MB (pwr2[8]) mem_size_in_page_units[24]
                                                      usr_space_offset_in_KB[5120](0x00500000)

[Sun Nov 24 20:13:07 2019] gsi_config_fifo_dev: HI: 0x00000000 LO: 0x00007d00 64 bits addr: 0x0000000000007d00 rec_size=120 size=32 mbar_id=2 0x0000000094068a3e[rc=0]
[Sun Nov 24 20:13:07 2019] gsi_config_fifo_dev: gsi_fifo_dev_init(fifo: 0x000000000a0f9eb7  size=32 rec_size=120 buf=0x0000000094068a3e wcnt=1 rcnt=1
[Sun Nov 24 20:13:07 2019] max_count=32
[Sun Nov 24 20:13:07 2019] gsi_device_ready_irq_handler: IRQ = 125
[Sun Nov 24 20:13:07 2019] gsi_config_fifo_dev: HI: 0x00000000 LO: 0x00008c00 64 bits addr: 0x0000000000008c00 rec_size=32 size=32 mbar_id=2 0x000000001a47c890[rc=0]
[Sun Nov 24 20:13:07 2019] gsi_config_fifo_dev: gsi_fifo_dev_init(fifo: 0x000000004b7817cd  size=32 rec_size=32 buf=0x000000001a47c890 wcnt=1 rcnt=1
[Sun Nov 24 20:13:07 2019] max_count=32
[Sun Nov 24 20:13:07 2019] gsi_config_fifo_dev: HI: 0x00000000 LO: 0x00009000 64 bits addr: 0x0000000000009000 rec_size=120 size=32 mbar_id=2 0x000000003335d226[rc=0]
[Sun Nov 24 20:13:07 2019] gsi_config_fifo_dev: gsi_fifo_dev_init(fifo: 0x00000000eb9f8445  size=32 rec_size=120 buf=0x000000003335d226 wcnt=1 rcnt=1
[Sun Nov 24 20:13:07 2019] max_count=32
[Sun Nov 24 20:13:07 2019] gsi_config_fifo_dev: HI: 0x00000000 LO: 0x00009f00 64 bits addr: 0x0000000000009f00 rec_size=32 size=32 mbar_id=2 0x00000000925da35b[rc=0]
[Sun Nov 24 20:13:07 2019] gsi_config_fifo_dev: gsi_fifo_dev_init(fifo: 0x000000006d87daa4  size=32 rec_size=32 buf=0x00000000925da35b wcnt=1 rcnt=1
[Sun Nov 24 20:13:07 2019] max_count=32
[Sun Nov 24 20:13:07 2019] gsi_plugin_register_device
[Sun Nov 24 20:13:07 2019] [dev create]: gsi_dev_factory
[Sun Nov 24 20:13:07 2019] gsi_dev_init id[256]: 
[Sun Nov 24 20:13:07 2019] gsi_dev_init: id=256 inuse=1
[Sun Nov 24 20:13:07 2019] add      apus  =1
[Sun Nov 24 20:13:07 2019] add      apucs =4 [total=4]
[Sun Nov 24 20:13:07 2019] avilable apucs =0x0000000f
[Sun Nov 24 20:13:07 2019] gsi_attach_dev drv=0x000000008b273dac
[Sun Nov 24 20:13:07 2019] gsi_attach_dev ndevs=0
[Sun Nov 24 20:13:07 2019] gsi_add_dev: ndevs=1
[Sun Nov 24 20:13:07 2019] alloc apu sz=176 addr=00000000a5d78ae8
[Sun Nov 24 20:13:07 2019] gsi_person_elem_dev: enter
[Sun Nov 24 20:13:07 2019] gsi_attch_apu napus=0
[Sun Nov 24 20:13:07 2019] gsi_attach_apu: napus=1
[Sun Nov 24 20:13:07 2019] gsi_add_apu napus=1
[Sun Nov 24 20:13:07 2019] alloc apuc sz=176 addr=000000002eaa7328
[Sun Nov 24 20:13:07 2019] gsi_attach_apuc: apu=0x000000000da3da6b apuc=0x000000002ad59f84
[Sun Nov 24 20:13:07 2019] gsi_attch_apuc: napucs=0
[Sun Nov 24 20:13:07 2019] gsi_apu_attach_apuc: before count advance 
[Sun Nov 24 20:13:07 2019] gsi_apu_attach_apuc: before list_add [1]
[Sun Nov 24 20:13:07 2019] gsi_attach_apu: napus=1
[Sun Nov 24 20:13:07 2019] gsi_add_apu napus=1
[Sun Nov 24 20:13:07 2019] alloc apc sz=176 addr=0000000003e81431
[Sun Nov 24 20:13:07 2019] gsi_attach_apc apc=0x000000002ad59f84
[Sun Nov 24 20:13:07 2019] gsi_attch_apc napcs=0
[Sun Nov 24 20:13:07 2019] gsi_attach_apc: napcs=1
[Sun Nov 24 20:13:07 2019] gsi_add_apc napcs=1
[Sun Nov 24 20:13:07 2019] gsi_attach_apc apc=0x000000002ad59f84
[Sun Nov 24 20:13:07 2019] gsi_attch_apc napcs=1
[Sun Nov 24 20:13:07 2019] gsi_attach_apc: napcs=2
[Sun Nov 24 20:13:07 2019] gsi_add_apc napcs=2
[Sun Nov 24 20:13:07 2019] gsi_attach_apuc: apu=0x000000000da3da6b apuc=0x0000000038152691
[Sun Nov 24 20:13:07 2019] gsi_attch_apuc: napucs=1
[Sun Nov 24 20:13:07 2019] gsi_apu_attach_apuc: before count advance 
[Sun Nov 24 20:13:07 2019] gsi_apu_attach_apuc: before list_add [2]
[Sun Nov 24 20:13:07 2019] gsi_attach_apu: napus=2
[Sun Nov 24 20:13:07 2019] gsi_add_apu napus=2
[Sun Nov 24 20:13:07 2019] alloc apc sz=176 addr=00000000bddafc01
[Sun Nov 24 20:13:07 2019] gsi_attach_apc apc=0x0000000038152691
[Sun Nov 24 20:13:07 2019] gsi_attch_apc napcs=0
[Sun Nov 24 20:13:07 2019] gsi_attach_apc: napcs=1
[Sun Nov 24 20:13:07 2019] gsi_add_apc napcs=1
[Sun Nov 24 20:13:07 2019] gsi_attach_apc apc=0x0000000038152691
[Sun Nov 24 20:13:07 2019] gsi_attch_apc napcs=1
[Sun Nov 24 20:13:07 2019] gsi_attach_apc: napcs=2
[Sun Nov 24 20:13:07 2019] gsi_add_apc napcs=2
[Sun Nov 24 20:13:07 2019] gsi_attach_apuc: apu=0x000000000da3da6b apuc=0x00000000e7c3466b
[Sun Nov 24 20:13:07 2019] gsi_attch_apuc: napucs=2
[Sun Nov 24 20:13:07 2019] gsi_apu_attach_apuc: before count advance 
[Sun Nov 24 20:13:07 2019] gsi_apu_attach_apuc: before list_add [3]
[Sun Nov 24 20:13:07 2019] gsi_attach_apu: napus=3
[Sun Nov 24 20:13:07 2019] gsi_add_apu napus=3
[Sun Nov 24 20:13:07 2019] alloc apc sz=176 addr=000000006d850d9f
[Sun Nov 24 20:13:07 2019] gsi_attach_apc apc=0x00000000e7c3466b
[Sun Nov 24 20:13:07 2019] gsi_attch_apc napcs=0
[Sun Nov 24 20:13:07 2019] gsi_attach_apc: napcs=1
[Sun Nov 24 20:13:07 2019] gsi_add_apc napcs=1
[Sun Nov 24 20:13:07 2019] gsi_attach_apc apc=0x00000000e7c3466b
[Sun Nov 24 20:13:07 2019] gsi_attch_apc napcs=1
[Sun Nov 24 20:13:07 2019] gsi_attach_apc: napcs=2
[Sun Nov 24 20:13:07 2019] gsi_add_apc napcs=2
[Sun Nov 24 20:13:07 2019] gsi_attach_apuc: apu=0x000000000da3da6b apuc=0x000000007f192e6d
[Sun Nov 24 20:13:07 2019] gsi_attch_apuc: napucs=3
[Sun Nov 24 20:13:07 2019] gsi_apu_attach_apuc: before count advance 
[Sun Nov 24 20:13:07 2019] gsi_apu_attach_apuc: before list_add [4]
[Sun Nov 24 20:13:07 2019] gsi_attach_apu: napus=4
[Sun Nov 24 20:13:07 2019] gsi_add_apu napus=4
[Sun Nov 24 20:13:07 2019] alloc apc sz=176 addr=00000000c2c3b525
[Sun Nov 24 20:13:07 2019] gsi_attach_apc apc=0x000000007f192e6d
[Sun Nov 24 20:13:07 2019] gsi_attch_apc napcs=0
[Sun Nov 24 20:13:07 2019] gsi_attach_apc: napcs=1
[Sun Nov 24 20:13:07 2019] gsi_add_apc napcs=1
[Sun Nov 24 20:13:07 2019] gsi_attach_apc apc=0x000000007f192e6d
[Sun Nov 24 20:13:07 2019] gsi_attch_apc napcs=1
[Sun Nov 24 20:13:07 2019] gsi_attach_apc: napcs=2
[Sun Nov 24 20:13:07 2019] gsi_add_apc napcs=2
[Sun Nov 24 20:13:07 2019] gdi_ctx_mkdr: enter
[Sun Nov 24 20:13:07 2019] gsi_ctx_mkdir: alloc ctx element sz=176 addr=00000000023ca47a
[Sun Nov 24 20:13:07 2019] gdi_ctx_mkdr: pass group creation
[Sun Nov 24 20:13:07 2019] gsi_ctx_init: id=0
[Sun Nov 24 20:13:07 2019] gsi_sgmt_init: id=0
[Sun Nov 24 20:13:07 2019] gsi_sgmt_init: id=0
[Sun Nov 24 20:13:07 2019] gsi_ctx_init: id=0
[Sun Nov 24 20:13:07 2019] gsi_sgmt_init: id=0
[Sun Nov 24 20:13:07 2019] gsi_sgmt_init: id=0
[Sun Nov 24 20:13:07 2019] gsi_attach_ctx: nctxs=1
[Sun Nov 24 20:13:07 2019] gsi_add_ctx nctxs=1
[Sun Nov 24 20:13:07 2019] gdi_ctx_mkdr: pass element creation
[Sun Nov 24 20:13:07 2019] gdi_ctx_mkdr: pass group registrtion and exit
[Sun Nov 24 20:13:07 2019] gsi_dev_ctx_commit_store: enter
[Sun Nov 24 20:13:07 2019] gsi_dev_ctx_commit_store: ival=1
[Sun Nov 24 20:13:07 2019] gsi_ctx_enable: id=0
[Sun Nov 24 20:13:07 2019] gsi_ctx_enable: id=0 passed gsi_dev_enamble=ret=0
[Sun Nov 24 20:13:07 2019] gsi_ctx_dev_register: major=241 minor=4096
[Sun Nov 24 20:13:07 2019] gsi_msix_register(msix_num=1, irq=126, value=0x07060504 vector_prev_val=0x00000000 unique(1)=0x000000003bd70f8e
[Sun Nov 24 20:13:07 2019] register_irq [num=1] irq=126 
[Sun Nov 24 20:13:07 2019] gsi_msix_register(msix_num=2, irq=127, value=0x0b0a0908 vector_prev_val=0x00000000 unique(2)=0x0000000053ca2df8
[Sun Nov 24 20:13:07 2019] register_irq [num=2] irq=127 
[Sun Nov 24 20:13:07 2019] gsi_msix_register(msix_num=3, irq=128, value=0x0f0e0d0c vector_prev_val=0x00000000 unique(3)=0x00000000f23915ab
[Sun Nov 24 20:13:07 2019] [D2H]: gsi_generic_dev2hst_irq_handler: IRQ = 128 ISR=3
[Sun Nov 24 20:13:07 2019] gsi_common_dev2hst_cb: enter event=3 dev_id=256
[Sun Nov 24 20:13:07 2019] register_irq [num=3] irq=128 
[Sun Nov 24 20:13:07 2019] gsi_common_dev2hst_cb: GSI_PLUGIN_USR_TASK_CLEAR
[Sun Nov 24 20:13:07 2019] gsi_msix_register(msix_num=4, irq=129, value=0x13121110 vector_prev_val=0x00000000 unique(4)=0x000000006f0f62e7
[Sun Nov 24 20:13:07 2019] gsi_common_dev2hst_cb: wake_up_interruptible_sync
[Sun Nov 24 20:13:07 2019] gsi_common_dev2hst_cb: Done !!
[Sun Nov 24 20:13:07 2019] register_irq [num=4] irq=129 
[Sun Nov 24 20:13:07 2019] gsi_msix_register(msix_num=5, irq=130, value=0x17161514 vector_prev_val=0x00000000 unique(5)=0x0000000051b3a3bf
[Sun Nov 24 20:13:07 2019] register_irq [num=5] irq=130 
[Sun Nov 24 20:13:07 2019] gsi_msix_register(msix_num=6, irq=131, value=0x1b1a1918 vector_prev_val=0x00000000 unique(6)=0x00000000d14d99dc
[Sun Nov 24 20:13:07 2019] register_irq [num=6] irq=131 
[Sun Nov 24 20:13:07 2019] gsi_device_ready_delayed_irq_handler: [IRQ = 125]
[Sun Nov 24 20:13:12 2019] CTX open: minor=241 dev id=4096 ctx_id=0
[Sun Nov 24 20:13:12 2019] gsi_ctx_mmap: enter
[Sun Nov 24 20:13:12 2019] gsi_pci_dev_mmap_cb: enter [gsi-apu-pci.c]
[Sun Nov 24 20:13:12 2019] [MMAP]: gsi_pci_dev_mmap_cb: PHY [0x0000004000500000-0x000000417d800000], arena [0x0000004000000000-0x0000004200000000]
[Sun Nov 24 20:13:12 2019] [MMAP]: gsi_pci_dev_mmap_cb: exit OK
[Sun Nov 24 20:13:12 2019] gsi_ctx_mmap: return from plugin mmap cb [rc=0]
[Sun Nov 24 20:13:12 2019] POLL: gsi_ctx_dev_poll: dev_id=256 ctx_id=0
[Sun Nov 24 20:13:12 2019] POLL: set POLLOUT
[Sun Nov 24 20:13:12 2019] POLL: gsi_ctx_dev_poll: Done !!
[Sun Nov 24 20:13:13 2019] POLL: gsi_ctx_dev_poll: dev_id=256 ctx_id=0
[Sun Nov 24 20:13:13 2019] POLL: set POLLOUT
[Sun Nov 24 20:13:13 2019] POLL: gsi_ctx_dev_poll: Done !!
[Sun Nov 24 20:13:13 2019] POLL: gsi_ctx_dev_poll: dev_id=256 ctx_id=0
[Sun Nov 24 20:13:13 2019] POLL: set POLLOUT
[Sun Nov 24 20:13:13 2019] POLL: gsi_ctx_dev_poll: Done !!
[Sun Nov 24 20:13:13 2019] CTX[WR]: [pid=25768] apu/ctx/d0100c00: amount[4]=480/120 offset=0x000000003fb46020 dev_id=256 ctx_id=0 BLOCKING=0
[Sun Nov 24 20:13:13 2019] CTX[WR]: gsi_dev_enqueue_task: [amount 4] 
[Sun Nov 24 20:13:13 2019] CTX[WR]: gsi_dev_enqueue_task: [1#4] 
[Sun Nov 24 20:13:13 2019] CTX[WR]: gsi_dev_enqueue_task: [1#4] Task_ID[1]
[Sun Nov 24 20:13:13 2019] CTX[WR]: gsi_dev_enqueue_task: [2#4] 
[Sun Nov 24 20:13:13 2019] CTX[WR]: gsi_dev_enqueue_task: [2#4] Task_ID[2]
[Sun Nov 24 20:13:13 2019] CTX[WR]: gsi_dev_enqueue_task: [3#4] 
[Sun Nov 24 20:13:13 2019] CTX[WR]: gsi_dev_enqueue_task: [3#4] Task_ID[3]
[Sun Nov 24 20:13:13 2019] CTX[WR]: gsi_dev_enqueue_task: [4#4] 
[Sun Nov 24 20:13:13 2019] CTX[WR]: gsi_dev_enqueue_task: [4#4] Task_ID[4]
[Sun Nov 24 20:13:13 2019] CTX[WR]: doorbell GSI_PLUGIN_USR_TASK_READY [pid=25768] apu/ctx/d0100c00: after gsi_dev_enqueue_task len=480  amount=4 written=480
[Sun Nov 24 20:13:13 2019] [H2D]: gsi_pci_dev_hst2dev_cb(irq=3,value=0)
[Sun Nov 24 20:13:13 2019] gsi_send_doorbell_event(db=0,ev_id=3,ev_val=0)
[Sun Nov 24 20:13:13 2019] CTX[WR]: [pid=25768] apu/ctx/d0100c00: amount[1]=120/120 offset=0x000000003fb46020 dev_id=256 ctx_id=0 BLOCKING=0
[Sun Nov 24 20:13:13 2019] CTX[WR]: gsi_dev_enqueue_task: [amount 1] 
[Sun Nov 24 20:13:13 2019] CTX[WR]: gsi_dev_enqueue_task: [1#1] 
[Sun Nov 24 20:13:13 2019] CTX[WR]: gsi_dev_enqueue_task: [1#1] Task_ID[5]
[Sun Nov 24 20:13:13 2019] CTX[WR]: doorbell GSI_PLUGIN_USR_TASK_READY [pid=25768] apu/ctx/d0100c00: after gsi_dev_enqueue_task len=120  amount=1 written=120
[Sun Nov 24 20:13:13 2019] [H2D]: gsi_pci_dev_hst2dev_cb(irq=3,value=0)
[Sun Nov 24 20:13:13 2019] gsi_send_doorbell_event(db=0,ev_id=3,ev_val=0)
[Sun Nov 24 20:13:13 2019] [D2H]: gsi_generic_dev2hst_irq_handler: IRQ = 128 ISR=3
[Sun Nov 24 20:13:13 2019] gsi_common_dev2hst_cb: enter event=3 dev_id=256
[Sun Nov 24 20:13:13 2019] gsi_common_dev2hst_cb: GSI_PLUGIN_USR_TASK_CLEAR
[Sun Nov 24 20:13:13 2019] gsi_common_dev2hst_cb: wake_up_interruptible_sync
[Sun Nov 24 20:13:13 2019] gsi_common_dev2hst_cb: Done !!
[Sun Nov 24 20:13:13 2019] POLL: gsi_ctx_dev_poll: dev_id=256 ctx_id=0
[Sun Nov 24 20:13:13 2019] POLL: set POLLOUT
[Sun Nov 24 20:13:13 2019] POLL: gsi_ctx_dev_poll: Done !!
[Sun Nov 24 20:13:13 2019] [D2H]: gsi_generic_dev2hst_irq_handler: IRQ = 128 ISR=3
[Sun Nov 24 20:13:13 2019] gsi_common_dev2hst_cb: enter event=3 dev_id=256
[Sun Nov 24 20:13:13 2019] gsi_common_dev2hst_cb: GSI_PLUGIN_USR_TASK_CLEAR
[Sun Nov 24 20:13:13 2019] gsi_common_dev2hst_cb: wake_up_interruptible_sync
[Sun Nov 24 20:13:13 2019] gsi_common_dev2hst_cb: Done !!
[Sun Nov 24 20:13:13 2019] POLL: gsi_ctx_dev_poll: dev_id=256 ctx_id=0
[Sun Nov 24 20:13:13 2019] POLL: set POLLOUT
[Sun Nov 24 20:13:13 2019] POLL: gsi_ctx_dev_poll: Done !!
[Sun Nov 24 20:13:13 2019] [D2H]: gsi_generic_dev2hst_irq_handler: IRQ = 128 ISR=3
[Sun Nov 24 20:13:13 2019] gsi_common_dev2hst_cb: enter event=3 dev_id=256
[Sun Nov 24 20:13:13 2019] gsi_common_dev2hst_cb: GSI_PLUGIN_USR_TASK_CLEAR
[Sun Nov 24 20:13:13 2019] gsi_common_dev2hst_cb: wake_up_interruptible_sync
[Sun Nov 24 20:13:13 2019] gsi_common_dev2hst_cb: Done !!
[Sun Nov 24 20:13:13 2019] POLL: gsi_ctx_dev_poll: dev_id=256 ctx_id=0
[Sun Nov 24 20:13:13 2019] POLL: set POLLOUT
[Sun Nov 24 20:13:13 2019] POLL: gsi_ctx_dev_poll: Done !!
[Sun Nov 24 20:13:13 2019] [D2H]: gsi_generic_dev2hst_irq_handler: IRQ = 128 ISR=3
[Sun Nov 24 20:13:13 2019] gsi_common_dev2hst_cb: enter event=3 dev_id=256
[Sun Nov 24 20:13:13 2019] gsi_common_dev2hst_cb: GSI_PLUGIN_USR_TASK_CLEAR
[Sun Nov 24 20:13:13 2019] gsi_common_dev2hst_cb: wake_up_interruptible_sync
[Sun Nov 24 20:13:13 2019] gsi_common_dev2hst_cb: Done !!
[Sun Nov 24 20:13:13 2019] POLL: gsi_ctx_dev_poll: dev_id=256 ctx_id=0
[Sun Nov 24 20:13:13 2019] POLL: set POLLOUT
[Sun Nov 24 20:13:13 2019] POLL: gsi_ctx_dev_poll: Done !!
[Sun Nov 24 20:13:13 2019] [D2H]: gsi_generic_dev2hst_irq_handler: IRQ = 128 ISR=3
[Sun Nov 24 20:13:13 2019] gsi_common_dev2hst_cb: enter event=3 dev_id=256
[Sun Nov 24 20:13:13 2019] gsi_common_dev2hst_cb: GSI_PLUGIN_USR_TASK_CLEAR
[Sun Nov 24 20:13:13 2019] gsi_common_dev2hst_cb: wake_up_interruptible_sync
[Sun Nov 24 20:13:13 2019] gsi_common_dev2hst_cb: Done !!
[Sun Nov 24 20:13:13 2019] POLL: gsi_ctx_dev_poll: dev_id=256 ctx_id=0
[Sun Nov 24 20:13:13 2019] POLL: set POLLOUT
[Sun Nov 24 20:13:13 2019] POLL: gsi_ctx_dev_poll: Done !!
[Sun Nov 24 20:13:13 2019] [D2H]: gsi_generic_dev2hst_irq_handler: IRQ = 128 ISR=3
[Sun Nov 24 20:13:13 2019] gsi_common_dev2hst_cb: enter event=3 dev_id=256
[Sun Nov 24 20:13:13 2019] gsi_common_dev2hst_cb: GSI_PLUGIN_USR_TASK_CLEAR
[Sun Nov 24 20:13:13 2019] gsi_common_dev2hst_cb: wake_up_interruptible_sync
[Sun Nov 24 20:13:13 2019] gsi_common_dev2hst_cb: Done !!
[Sun Nov 24 20:13:13 2019] POLL: gsi_ctx_dev_poll: dev_id=256 ctx_id=0
[Sun Nov 24 20:13:13 2019] POLL: set POLLOUT
[Sun Nov 24 20:13:13 2019] POLL: gsi_ctx_dev_poll: Done !!
[Sun Nov 24 20:13:13 2019] [D2H]: gsi_generic_dev2hst_irq_handler: IRQ = 128 ISR=3
[Sun Nov 24 20:13:13 2019] gsi_common_dev2hst_cb: enter event=3 dev_id=256
[Sun Nov 24 20:13:13 2019] gsi_common_dev2hst_cb: GSI_PLUGIN_USR_TASK_CLEAR
[Sun Nov 24 20:13:13 2019] gsi_common_dev2hst_cb: wake_up_interruptible_sync
[Sun Nov 24 20:13:13 2019] gsi_common_dev2hst_cb: Done !!
[Sun Nov 24 20:13:13 2019] POLL: gsi_ctx_dev_poll: dev_id=256 ctx_id=0
[Sun Nov 24 20:13:13 2019] POLL: set POLLOUT
[Sun Nov 24 20:13:13 2019] POLL: gsi_ctx_dev_poll: Done !!
[Sun Nov 24 20:13:13 2019] [D2H]: gsi_generic_dev2hst_irq_handler: IRQ = 128 ISR=3
[Sun Nov 24 20:13:13 2019] gsi_common_dev2hst_cb: enter event=3 dev_id=256
[Sun Nov 24 20:13:13 2019] gsi_common_dev2hst_cb: GSI_PLUGIN_USR_TASK_CLEAR
[Sun Nov 24 20:13:13 2019] gsi_common_dev2hst_cb: wake_up_interruptible_sync
[Sun Nov 24 20:13:13 2019] gsi_common_dev2hst_cb: Done !!
[Sun Nov 24 20:13:13 2019] POLL: gsi_ctx_dev_poll: dev_id=256 ctx_id=0
[Sun Nov 24 20:13:13 2019] POLL: set POLLOUT
[Sun Nov 24 20:13:13 2019] POLL: gsi_ctx_dev_poll: Done !!
[Sun Nov 24 20:13:13 2019] [D2H]: gsi_generic_dev2hst_irq_handler: IRQ = 128 ISR=3
[Sun Nov 24 20:13:13 2019] gsi_common_dev2hst_cb: enter event=3 dev_id=256
[Sun Nov 24 20:13:13 2019] gsi_common_dev2hst_cb: GSI_PLUGIN_USR_TASK_CLEAR
[Sun Nov 24 20:13:13 2019] gsi_common_dev2hst_cb: wake_up_interruptible_sync
[Sun Nov 24 20:13:13 2019] gsi_common_dev2hst_cb: Done !!
[Sun Nov 24 20:13:13 2019] POLL: gsi_ctx_dev_poll: dev_id=256 ctx_id=0
[Sun Nov 24 20:13:13 2019] POLL: set POLLOUT
[Sun Nov 24 20:13:13 2019] POLL: gsi_ctx_dev_poll: Done !!
[Sun Nov 24 20:13:13 2019] [D2H]: gsi_generic_dev2hst_irq_handler: IRQ = 129 ISR=4
[Sun Nov 24 20:13:13 2019] gsi_common_dev2hst_cb: enter event=4 dev_id=256
[Sun Nov 24 20:13:13 2019] gsi_common_dev2hst_cb: GSI_PLUGIN_USR_TASK_COMP_READY
[Sun Nov 24 20:13:13 2019] gsi_common_dev2hst_cb: flush_work
[Sun Nov 24 20:13:13 2019] gsi_common_dev2hst_cb: queue_work
[Sun Nov 24 20:13:13 2019] gsi_common_dev2hst_cb: Done !!
[Sun Nov 24 20:13:13 2019] ------------[ cut here ]------------
[Sun Nov 24 20:13:13 2019] irq 129 handler gsi_generic_dev2hst_irq_handler+0x0/0x60 [gsi_pci_plug] enabled interrupts
[Sun Nov 24 20:13:13 2019] WARNING: CPU: 5 PID: 0 at /build/linux-hwe-X76GcN/linux-hwe-5.0.0/kernel/irq/handle.c:153 __handle_irq_event_percpu+0x195/0x1a0
[Sun Nov 24 20:13:13 2019] Modules linked in: ipt_MASQUERADE nf_conntrack_netlink nfnetlink xfrm_user xfrm_algo iptable_nat nf_nat_ipv4 xt_addrtype iptable_filter bpfilter xt_conntrack nf_nat nf_conntrack nf_defrag_ipv6 nf_defrag_ipv4 libcrc32c br_netfilter bridge stp llc cfg80211 aufs overlay input_leds hid_generic snd_soc_skl snd_hda_codec_hdmi snd_soc_hdac_hda intel_rapl snd_hda_ext_core snd_soc_skl_ipc snd_hda_codec_realtek x86_pkg_temp_thermal snd_hda_codec_generic intel_powerclamp snd_soc_sst_ipc coretemp ledtrig_audio snd_soc_sst_dsp snd_soc_acpi_intel_match snd_soc_acpi kvm_intel snd_soc_core snd_compress ac97_bus snd_pcm_dmaengine snd_hda_intel i915 snd_hda_codec snd_hda_core crct10dif_pclmul snd_hwdep crc32_pclmul kvmgt snd_pcm ghash_clmulni_intel snd_seq_midi vfio_mdev snd_seq_midi_event mdev vfio_iommu_type1 vfio snd_rawmidi kvm snd_seq irqbypass aesni_intel drm_kms_helper aes_x86_64 drm crypto_simd cryptd cp210x snd_seq_device i2c_algo_bit glue_helper usbserial fb_sys_fops snd_timer
[Sun Nov 24 20:13:13 2019]  syscopyarea usbhid sysfillrect snd intel_cstate sysimgblt intel_rapl_perf hid soundcore intel_wmi_thunderbolt wmi_bmof mei_me gsi_pci_plug(OE) mei intel_pch_thermal gsi_apu_common(OE) mac_hid acpi_pad acpi_tad sch_fq_codel parport_pc sunrpc ppdev lp parport ip_tables x_tables autofs4 e1000e ahci libahci wmi video
[Sun Nov 24 20:13:13 2019] CPU: 5 PID: 0 Comm: swapper/5 Tainted: G           OE     5.0.0-36-generic #39~18.04.1-Ubuntu
[Sun Nov 24 20:13:13 2019] Hardware name: To Be Filled By O.E.M. To Be Filled By O.E.M./Z390 Pro4, BIOS P4.20 05/03/2019
[Sun Nov 24 20:13:13 2019] RIP: 0010:__handle_irq_event_percpu+0x195/0x1a0
[Sun Nov 24 20:13:13 2019] Code: e8 13 ea ff ff e9 14 ff ff ff 45 31 e4 e9 18 ff ff ff 49 8b 17 89 de 48 c7 c7 b8 fe 8e ac c6 05 61 c6 6f 01 01 e8 eb 31 f9 ff <0f> 0b eb ac 0f 1f 80 00 00 00 00 0f 1f 44 00 00 55 48 89 e5 41 54
[Sun Nov 24 20:13:13 2019] RSP: 0018:ffff94cf8df43ef0 EFLAGS: 00010282
[Sun Nov 24 20:13:13 2019] RAX: 0000000000000000 RBX: 0000000000000081 RCX: 0000000000000006
[Sun Nov 24 20:13:13 2019] RDX: 0000000000000007 RSI: 0000000000000086 RDI: ffff94cf8df56440
[Sun Nov 24 20:13:13 2019] RBP: ffff94cf8df43f28 R08: 0000000000000415 R09: 0000000000000004
[Sun Nov 24 20:13:13 2019] COMP[prop]: gsi_usr_compq_func: start handling compq fifo [pending 1]
[Sun Nov 24 20:13:13 2019] R10: ffff94cf8df43c88 R11: 0000000000000001 R12: 0000000000000000
[Sun Nov 24 20:13:13 2019] R13: 0000000000000021 R14: 0000000000000001 R15: ffff94cf45a10d00
[Sun Nov 24 20:13:13 2019] FS:  0000000000000000(0000) GS:ffff94cf8df40000(0000) knlGS:0000000000000000
[Sun Nov 24 20:13:13 2019] CS:  0010 DS: 0000 ES: 0000 CR0: 0000000080050033
[Sun Nov 24 20:13:13 2019] CR2: 00007fcde77dfdd0 CR3: 00000002ea00e005 CR4: 00000000003606e0
[Sun Nov 24 20:13:13 2019] DR0: 0000000000000000 DR1: 0000000000000000 DR2: 0000000000000000
[Sun Nov 24 20:13:13 2019] DR3: 0000000000000000 DR6: 00000000fffe0ff0 DR7: 0000000000000400
[Sun Nov 24 20:13:13 2019] Call Trace:
[Sun Nov 24 20:13:13 2019]  <IRQ>
[Sun Nov 24 20:13:13 2019]  handle_irq_event_percpu+0x32/0x80
[Sun Nov 24 20:13:13 2019]  handle_irq_event+0x3b/0x60
[Sun Nov 24 20:13:13 2019]  handle_edge_irq+0x83/0x1a0
[Sun Nov 24 20:13:13 2019]  handle_irq+0x20/0x30
[Sun Nov 24 20:13:13 2019]  do_IRQ+0x50/0xe0
[Sun Nov 24 20:13:13 2019]  common_interrupt+0xf/0xf
[Sun Nov 24 20:13:13 2019]  </IRQ>
[Sun Nov 24 20:13:13 2019] RIP: 0010:cpuidle_enter_state+0xa9/0x440
[Sun Nov 24 20:13:13 2019] Code: 3d ec 30 1a 54 e8 d7 2a 86 ff 49 89 c7 0f 1f 44 00 00 31 ff e8 08 36 86 ff 80 7d d3 00 0f 85 e6 01 00 00 fb 66 0f 1f 44 00 00 <45> 85 ed 0f 89 ff 01 00 00 41 c7 44 24 08 00 00 00 00 48 83 c4 18
[Sun Nov 24 20:13:13 2019] RSP: 0018:ffffaa290321be60 EFLAGS: 00000246 ORIG_RAX: ffffffffffffffde
[Sun Nov 24 20:13:13 2019] RAX: ffff94cf8df621c0 RBX: ffffffffacd53e60 RCX: 000000000000001f
[Sun Nov 24 20:13:13 2019] RDX: 00000010edf6222e RSI: 000000002aaaaaaa RDI: 0000000000000000
[Sun Nov 24 20:13:13 2019] RBP: ffffaa290321bea0 R08: 0000000000000000 R09: 0000000000021a80
[Sun Nov 24 20:13:13 2019] R10: ffffaa290321be30 R11: 000000000000017c R12: ffff94cf8df6d700
[Sun Nov 24 20:13:13 2019] R13: 0000000000000004 R14: ffffffffacd53ff8 R15: 00000010edf6222e
[Sun Nov 24 20:13:13 2019]  cpuidle_enter+0x17/0x20
[Sun Nov 24 20:13:13 2019]  call_cpuidle+0x23/0x40
[Sun Nov 24 20:13:13 2019]  do_idle+0x1f6/0x270
[Sun Nov 24 20:13:13 2019] [D2H]: gsi_generic_dev2hst_irq_handler: IRQ = 128 ISR=3
[Sun Nov 24 20:13:13 2019]  cpu_startup_entry+0x1d/0x20
[Sun Nov 24 20:13:13 2019]  start_secondary+0x1ab/0x200
[Sun Nov 24 20:13:13 2019] gsi_common_dev2hst_cb: enter event=3 dev_id=256
[Sun Nov 24 20:13:13 2019] gsi_common_dev2hst_cb: GSI_PLUGIN_USR_TASK_CLEAR
[Sun Nov 24 20:13:13 2019] gsi_common_dev2hst_cb: wake_up_interruptible_sync
[Sun Nov 24 20:13:13 2019]  secondary_startup_64+0xa4/0xb0
[Sun Nov 24 20:13:13 2019] ---[ end trace 1865433b5a844e7d ]---
[Sun Nov 24 20:13:13 2019] gsi_common_dev2hst_cb: Done !!
[Sun Nov 24 20:13:13 2019] COMP[prop]: dequeue: ctx[ctx=0,task=5]  enqueue into ctx00@0x0000000012e34206
[Sun Nov 24 20:13:13 2019] COMP[prop]: gsi_usr_compq_func: wakeup on 1 msgs
[Sun Nov 24 20:13:13 2019] [H2D]: gsi_pci_dev_hst2dev_cb(irq=3,value=255)
[Sun Nov 24 20:13:13 2019] gsi_send_doorbell_event(db=0,ev_id=3,ev_val=255)
[Sun Nov 24 20:13:13 2019] COMP[prop]: gsi_usr_compq_func: Done !!
[Sun Nov 24 20:13:13 2019] POLL: gsi_ctx_dev_poll: dev_id=256 ctx_id=0
[Sun Nov 24 20:13:13 2019] POLL: set POLLIN
[Sun Nov 24 20:13:13 2019] POLL: set POLLOUT
[Sun Nov 24 20:13:13 2019] POLL: gsi_ctx_dev_poll: Done !!
[Sun Nov 24 20:13:13 2019] CTX[RD]: apu/ctx/d0100c00: (len=32/rec_sz=32)=1 dev_id=256 ctx_id=0
[Sun Nov 24 20:13:13 2019] CTX[RD]: copied to user task_id=5
[Sun Nov 24 20:13:13 2019] POLL: gsi_ctx_dev_poll: dev_id=256 ctx_id=0
[Sun Nov 24 20:13:13 2019] POLL: set POLLOUT
[Sun Nov 24 20:13:13 2019] POLL: gsi_ctx_dev_poll: Done !!
[Sun Nov 24 20:13:13 2019] CTX[WR]: [pid=25768] apu/ctx/d0100c00: amount[4]=480/120 offset=0x000000003fb46020 dev_id=256 ctx_id=0 BLOCKING=0
[Sun Nov 24 20:13:13 2019] CTX[WR]: gsi_dev_enqueue_task: [amount 4] 
[Sun Nov 24 20:13:13 2019] CTX[WR]: gsi_dev_enqueue_task: [1#4] 
[Sun Nov 24 20:13:13 2019] CTX[WR]: gsi_dev_enqueue_task: [1#4] Task_ID[6]
[Sun Nov 24 20:13:13 2019] CTX[WR]: gsi_dev_enqueue_task: [2#4] 
[Sun Nov 24 20:13:13 2019] CTX[WR]: gsi_dev_enqueue_task: [2#4] Task_ID[7]
[Sun Nov 24 20:13:13 2019] CTX[WR]: gsi_dev_enqueue_task: [3#4] 
[Sun Nov 24 20:13:13 2019] CTX[WR]: gsi_dev_enqueue_task: [3#4] Task_ID[8]
[Sun Nov 24 20:13:13 2019] CTX[WR]: gsi_dev_enqueue_task: [4#4] 
[Sun Nov 24 20:13:13 2019] CTX[WR]: gsi_dev_enqueue_task: [4#4] Task_ID[9]
[Sun Nov 24 20:13:13 2019] CTX[WR]: doorbell GSI_PLUGIN_USR_TASK_READY [pid=25768] apu/ctx/d0100c00: after gsi_dev_enqueue_task len=480  amount=4 written=480
[Sun Nov 24 20:13:13 2019] [H2D]: gsi_pci_dev_hst2dev_cb(irq=3,value=0)
[Sun Nov 24 20:13:13 2019] gsi_send_doorbell_event(db=0,ev_id=3,ev_val=0)
[Sun Nov 24 20:13:13 2019] CTX[WR]: [pid=25768] apu/ctx/d0100c00: amount[1]=120/120 offset=0x000000003fb46020 dev_id=256 ctx_id=0 BLOCKING=0
[Sun Nov 24 20:13:13 2019] CTX[WR]: gsi_dev_enqueue_task: [amount 1] 
[Sun Nov 24 20:13:13 2019] CTX[WR]: gsi_dev_enqueue_task: [1#1] 
[Sun Nov 24 20:13:13 2019] CTX[WR]: gsi_dev_enqueue_task: [1#1] Task_ID[10]
[Sun Nov 24 20:13:13 2019] CTX[WR]: doorbell GSI_PLUGIN_USR_TASK_READY [pid=25768] apu/ctx/d0100c00: after gsi_dev_enqueue_task len=120  amount=1 written=120
[Sun Nov 24 20:13:13 2019] [H2D]: gsi_pci_dev_hst2dev_cb(irq=3,value=0)
[Sun Nov 24 20:13:13 2019] gsi_send_doorbell_event(db=0,ev_id=3,ev_val=0)
[Sun Nov 24 20:13:13 2019] [D2H]: gsi_generic_dev2hst_irq_handler: IRQ = 128 ISR=3
[Sun Nov 24 20:13:13 2019] gsi_common_dev2hst_cb: enter event=3 dev_id=256
[Sun Nov 24 20:13:13 2019] gsi_common_dev2hst_cb: GSI_PLUGIN_USR_TASK_CLEAR
[Sun Nov 24 20:13:13 2019] gsi_common_dev2hst_cb: wake_up_interruptible_sync
[Sun Nov 24 20:13:13 2019] gsi_common_dev2hst_cb: Done !!
[Sun Nov 24 20:13:13 2019] [D2H]: gsi_generic_dev2hst_irq_handler: IRQ = 128 ISR=3
[Sun Nov 24 20:13:13 2019] gsi_common_dev2hst_cb: enter event=3 dev_id=256
[Sun Nov 24 20:13:13 2019] gsi_common_dev2hst_cb: GSI_PLUGIN_USR_TASK_CLEAR
[Sun Nov 24 20:13:13 2019] gsi_common_dev2hst_cb: wake_up_interruptible_sync
[Sun Nov 24 20:13:13 2019] gsi_common_dev2hst_cb: Done !!
[Sun Nov 24 20:13:13 2019] [D2H]: gsi_generic_dev2hst_irq_handler: IRQ = 128 ISR=3
[Sun Nov 24 20:13:13 2019] gsi_common_dev2hst_cb: enter event=3 dev_id=256
[Sun Nov 24 20:13:13 2019] gsi_common_dev2hst_cb: GSI_PLUGIN_USR_TASK_CLEAR
[Sun Nov 24 20:13:13 2019] gsi_common_dev2hst_cb: wake_up_interruptible_sync
[Sun Nov 24 20:13:13 2019] gsi_common_dev2hst_cb: Done !!
[Sun Nov 24 20:13:13 2019] [D2H]: gsi_generic_dev2hst_irq_handler: IRQ = 128 ISR=3
[Sun Nov 24 20:13:13 2019] gsi_common_dev2hst_cb: enter event=3 dev_id=256
[Sun Nov 24 20:13:13 2019] gsi_common_dev2hst_cb: GSI_PLUGIN_USR_TASK_CLEAR
[Sun Nov 24 20:13:13 2019] gsi_common_dev2hst_cb: wake_up_interruptible_sync
[Sun Nov 24 20:13:13 2019] gsi_common_dev2hst_cb: Done !!
[Sun Nov 24 20:13:13 2019] [D2H]: gsi_generic_dev2hst_irq_handler: IRQ = 128 ISR=3
[Sun Nov 24 20:13:13 2019] gsi_common_dev2hst_cb: enter event=3 dev_id=256
[Sun Nov 24 20:13:13 2019] gsi_common_dev2hst_cb: GSI_PLUGIN_USR_TASK_CLEAR
[Sun Nov 24 20:13:13 2019] gsi_common_dev2hst_cb: wake_up_interruptible_sync
[Sun Nov 24 20:13:13 2019] gsi_common_dev2hst_cb: Done !!
[Sun Nov 24 20:13:13 2019] [D2H]: gsi_generic_dev2hst_irq_handler: IRQ = 128 ISR=3
[Sun Nov 24 20:13:13 2019] gsi_common_dev2hst_cb: enter event=3 dev_id=256
[Sun Nov 24 20:13:13 2019] gsi_common_dev2hst_cb: GSI_PLUGIN_USR_TASK_CLEAR
[Sun Nov 24 20:13:13 2019] gsi_common_dev2hst_cb: wake_up_interruptible_sync
[Sun Nov 24 20:13:13 2019] gsi_common_dev2hst_cb: Done !!
[Sun Nov 24 20:13:13 2019] POLL: gsi_ctx_dev_poll: dev_id=256 ctx_id=0
[Sun Nov 24 20:13:13 2019] POLL: set POLLOUT
[Sun Nov 24 20:13:13 2019] POLL: gsi_ctx_dev_poll: Done !!
[Sun Nov 24 20:13:13 2019] [D2H]: gsi_generic_dev2hst_irq_handler: IRQ = 128 ISR=3
[Sun Nov 24 20:13:13 2019] gsi_common_dev2hst_cb: enter event=3 dev_id=256
[Sun Nov 24 20:13:13 2019] gsi_common_dev2hst_cb: GSI_PLUGIN_USR_TASK_CLEAR
[Sun Nov 24 20:13:13 2019] gsi_common_dev2hst_cb: wake_up_interruptible_sync
[Sun Nov 24 20:13:13 2019] gsi_common_dev2hst_cb: Done !!
[Sun Nov 24 20:13:13 2019] POLL: gsi_ctx_dev_poll: dev_id=256 ctx_id=0
[Sun Nov 24 20:13:13 2019] POLL: set POLLOUT
[Sun Nov 24 20:13:13 2019] POLL: gsi_ctx_dev_poll: Done !!
[Sun Nov 24 20:13:13 2019] [D2H]: gsi_generic_dev2hst_irq_handler: IRQ = 128 ISR=3
[Sun Nov 24 20:13:13 2019] gsi_common_dev2hst_cb: enter event=3 dev_id=256
[Sun Nov 24 20:13:13 2019] gsi_common_dev2hst_cb: GSI_PLUGIN_USR_TASK_CLEAR
[Sun Nov 24 20:13:13 2019] gsi_common_dev2hst_cb: wake_up_interruptible_sync
[Sun Nov 24 20:13:13 2019] gsi_common_dev2hst_cb: Done !!
[Sun Nov 24 20:13:13 2019] POLL: gsi_ctx_dev_poll: dev_id=256 ctx_id=0
[Sun Nov 24 20:13:13 2019] POLL: set POLLOUT
[Sun Nov 24 20:13:13 2019] POLL: gsi_ctx_dev_poll: Done !!
[Sun Nov 24 20:13:13 2019] [D2H]: gsi_generic_dev2hst_irq_handler: IRQ = 128 ISR=3
[Sun Nov 24 20:13:13 2019] gsi_common_dev2hst_cb: enter event=3 dev_id=256
[Sun Nov 24 20:13:13 2019] gsi_common_dev2hst_cb: GSI_PLUGIN_USR_TASK_CLEAR
[Sun Nov 24 20:13:13 2019] gsi_common_dev2hst_cb: wake_up_interruptible_sync
[Sun Nov 24 20:13:13 2019] gsi_common_dev2hst_cb: Done !!
[Sun Nov 24 20:13:13 2019] POLL: gsi_ctx_dev_poll: dev_id=256 ctx_id=0
[Sun Nov 24 20:13:13 2019] POLL: set POLLOUT
[Sun Nov 24 20:13:13 2019] POLL: gsi_ctx_dev_poll: Done !!
[Sun Nov 24 20:13:13 2019] [D2H]: gsi_generic_dev2hst_irq_handler: IRQ = 129 ISR=4
[Sun Nov 24 20:13:13 2019] gsi_common_dev2hst_cb: enter event=4 dev_id=256
[Sun Nov 24 20:13:13 2019] gsi_common_dev2hst_cb: GSI_PLUGIN_USR_TASK_COMP_READY
[Sun Nov 24 20:13:13 2019] gsi_common_dev2hst_cb: flush_work
[Sun Nov 24 20:13:13 2019] gsi_common_dev2hst_cb: queue_work
[Sun Nov 24 20:13:13 2019] gsi_common_dev2hst_cb: Done !!
[Sun Nov 24 20:13:13 2019] COMP[prop]: gsi_usr_compq_func: start handling compq fifo [pending 1]
[Sun Nov 24 20:13:13 2019] COMP[prop]: dequeue: ctx[ctx=0,task=10]  enqueue into ctx00@0x0000000012e34206
[Sun Nov 24 20:13:13 2019] COMP[prop]: gsi_usr_compq_func: wakeup on 1 msgs
[Sun Nov 24 20:13:13 2019] [H2D]: gsi_pci_dev_hst2dev_cb(irq=3,value=255)
[Sun Nov 24 20:13:13 2019] gsi_send_doorbell_event(db=0,ev_id=3,ev_val=255)
[Sun Nov 24 20:13:13 2019] COMP[prop]: gsi_usr_compq_func: Done !!
[Sun Nov 24 20:13:13 2019] POLL: gsi_ctx_dev_poll: dev_id=256 ctx_id=0
[Sun Nov 24 20:13:13 2019] POLL: set POLLIN
[Sun Nov 24 20:13:13 2019] POLL: set POLLOUT
[Sun Nov 24 20:13:13 2019] POLL: gsi_ctx_dev_poll: Done !!
[Sun Nov 24 20:13:13 2019] CTX[RD]: apu/ctx/d0100c00: (len=32/rec_sz=32)=1 dev_id=256 ctx_id=0
[Sun Nov 24 20:13:13 2019] CTX[RD]: copied to user task_id=10
[Sun Nov 24 20:13:13 2019] [D2H]: gsi_generic_dev2hst_irq_handler: IRQ = 128 ISR=3
[Sun Nov 24 20:13:13 2019] gsi_common_dev2hst_cb: enter event=3 dev_id=256
[Sun Nov 24 20:13:13 2019] gsi_common_dev2hst_cb: GSI_PLUGIN_USR_TASK_CLEAR
[Sun Nov 24 20:13:13 2019] gsi_common_dev2hst_cb: wake_up_interruptible_sync
[Sun Nov 24 20:13:13 2019] POLL: gsi_ctx_dev_poll: dev_id=256 ctx_id=0
[Sun Nov 24 20:13:13 2019] POLL: set POLLOUT
[Sun Nov 24 20:13:13 2019] POLL: gsi_ctx_dev_poll: Done !!
[Sun Nov 24 20:13:13 2019] gsi_common_dev2hst_cb: Done !!
[Sun Nov 24 20:13:13 2019] POLL: gsi_ctx_dev_poll: dev_id=256 ctx_id=0
[Sun Nov 24 20:13:13 2019] POLL: set POLLOUT
[Sun Nov 24 20:13:13 2019] POLL: gsi_ctx_dev_poll: Done !!
[Sun Nov 24 20:13:13 2019] CTX[WR]: [pid=25768] apu/ctx/d0100c00: amount[1]=120/120 offset=0x000000003fb46020 dev_id=256 ctx_id=0 BLOCKING=0
[Sun Nov 24 20:13:13 2019] CTX[WR]: gsi_dev_enqueue_task: [amount 1] 
[Sun Nov 24 20:13:13 2019] CTX[WR]: gsi_dev_enqueue_task: [1#1] 
[Sun Nov 24 20:13:13 2019] CTX[WR]: gsi_dev_enqueue_task: [1#1] Task_ID[11]
[Sun Nov 24 20:13:13 2019] CTX[WR]: doorbell GSI_PLUGIN_USR_TASK_READY [pid=25768] apu/ctx/d0100c00: after gsi_dev_enqueue_task len=120  amount=1 written=120
[Sun Nov 24 20:13:13 2019] [H2D]: gsi_pci_dev_hst2dev_cb(irq=3,value=0)
[Sun Nov 24 20:13:13 2019] gsi_send_doorbell_event(db=0,ev_id=3,ev_val=0)
[Sun Nov 24 20:13:13 2019] CTX[WR]: [pid=25768] apu/ctx/d0100c00: amount[1]=120/120 offset=0x000000003fb46020 dev_id=256 ctx_id=0 BLOCKING=0
[Sun Nov 24 20:13:13 2019] CTX[WR]: gsi_dev_enqueue_task: [amount 1] 
[Sun Nov 24 20:13:13 2019] CTX[WR]: gsi_dev_enqueue_task: [1#1] 
[Sun Nov 24 20:13:13 2019] CTX[WR]: gsi_dev_enqueue_task: [1#1] Task_ID[12]
[Sun Nov 24 20:13:13 2019] CTX[WR]: doorbell GSI_PLUGIN_USR_TASK_READY [pid=25768] apu/ctx/d0100c00: after gsi_dev_enqueue_task len=120  amount=1 written=120
[Sun Nov 24 20:13:13 2019] [H2D]: gsi_pci_dev_hst2dev_cb(irq=3,value=0)
[Sun Nov 24 20:13:13 2019] gsi_send_doorbell_event(db=0,ev_id=3,ev_val=0)
[Sun Nov 24 20:13:13 2019] [D2H]: gsi_generic_dev2hst_irq_handler: IRQ = 128 ISR=3
[Sun Nov 24 20:13:13 2019] gsi_common_dev2hst_cb: enter event=3 dev_id=256
[Sun Nov 24 20:13:13 2019] gsi_common_dev2hst_cb: GSI_PLUGIN_USR_TASK_CLEAR
[Sun Nov 24 20:13:13 2019] gsi_common_dev2hst_cb: wake_up_interruptible_sync
[Sun Nov 24 20:13:13 2019] gsi_common_dev2hst_cb: Done !!
[Sun Nov 24 20:13:13 2019] POLL: gsi_ctx_dev_poll: dev_id=256 ctx_id=0
[Sun Nov 24 20:13:13 2019] POLL: set POLLOUT
[Sun Nov 24 20:13:13 2019] POLL: gsi_ctx_dev_poll: Done !!
[Sun Nov 24 20:13:13 2019] [D2H]: gsi_generic_dev2hst_irq_handler: IRQ = 128 ISR=3
[Sun Nov 24 20:13:13 2019] gsi_common_dev2hst_cb: enter event=3 dev_id=256
[Sun Nov 24 20:13:13 2019] gsi_common_dev2hst_cb: GSI_PLUGIN_USR_TASK_CLEAR
[Sun Nov 24 20:13:13 2019] gsi_common_dev2hst_cb: wake_up_interruptible_sync
